******************************************************************************
                  TI ARM Linker PC v20.2.7                     
******************************************************************************
>> Linked Tue Apr 22 15:36:35 2025

OUTPUT FILE NAME:   <FinalProject.out>
ENTRY POINT SYMBOL: "_c_int00_noargs"  address: 00005e49


MEMORY CONFIGURATION

         name            origin    length      used     unused   attr    fill
----------------------  --------  ---------  --------  --------  ----  --------
  FLASH                 00000000   00040000  00006490  00039b70  R  X
  SRAM                  20000000   00008000  00002348  00005cb8  RW X


SEGMENT ALLOCATION MAP

run origin  load origin   length   init length attrs members
----------  ----------- ---------- ----------- ----- -------
00000000    00000000    00006498   00006498    r-x
  00000000    00000000    0000026c   0000026c    r-- .intvecs
  0000026c    0000026c    00005e40   00005e40    r-x .text
  000060b0    000060b0    00000374   00000374    r-- .const
  00006428    00006428    00000070   00000070    r-- .cinit
20000000    20000000    0000234c   00000000    rw-
  20000000    20000000    0000026c   00000000    rw- .vtable
  20000270    20000270    00001000   00000000    rw- .stack
  20001270    20001270    00001000   00000000    rw- .sysmem
  20002270    20002270    00000074   00000000    rw- .bss
  200022e4    200022e4    00000068   00000000    rw- .data


SECTION ALLOCATION MAP

 output                                  attributes/
section   page    origin      length       input sections
--------  ----  ----------  ----------   ----------------
.intvecs   0    00000000    0000026c     
                  00000000    0000026c     tm4c123gh6pm_startup_ccs.obj (.intvecs)

.text      0    0000026c    00005e40     
                  0000026c    00000c20     open_interface.obj (.text)
                  00000e8c    00000a4e     rtsv7M4_T_le_v4SPD16_eabi.lib : _printfi.c.obj (.text:__TI_printfi)
                  000018da    00000002                                   : _lock.c.obj (.text:_nop)
                  000018dc    00000988     main.obj (.text)
                  00002264    00000738     rtsv7M4_T_le_v4SPD16_eabi.lib : k_rem_pio2.c.obj (.text:__kernel_rem_pio2)
                  0000299c    00000508                                   : s_tan.c.obj (.text:tan)
                  00002ea4    000003c4     movement.obj (.text)
                  00003268    00000340     servo.obj (.text)
                  000035a8    00000328     lcd.obj (.text)
                  000038d0    0000031c     rtsv7M4_T_le_v4SPD16_eabi.lib : k_tan.c.obj (.text:__kernel_tan)
                  00003bec    00000298     adc.obj (.text)
                  00003e84    00000284     uart-interrupt.obj (.text)
                  00004108    00000270     rtsv7M4_T_le_v4SPD16_eabi.lib : _printfi.c.obj (.text:_pconv_a)
                  00004378    00000270     ping.obj (.text)
                  000045e8    00000248     Timer.obj (.text)
                  00004830    000001d0     rtsv7M4_T_le_v4SPD16_eabi.lib : _printfi.c.obj (.text:_pconv_g)
                  00004a00    000001b6                                   : fd_add_t2.asm.obj (.text)
                  00004bb6    00000002                                   : div0.asm.obj (.text)
                  00004bb8    0000013c                                   : _printfi.c.obj (.text:_pconv_e)
                  00004cf4    00000136                                   : fd_div_t2.asm.obj (.text)
                  00004e2a    00000002     --HOLE-- [fill = 0]
                  00004e2c    00000124                                   : _printfi.c.obj (.text:fcvt)
                  00004f50    00000110                                   : s_scalbn.c.obj (.text:scalbn)
                  00005060    00000100                                   : memory.c.obj (.text:aligned_alloc)
                  00005160    000000fc                                   : fd_mul_t2.asm.obj (.text)
                  0000525c    000000f8                                   : s_floor.c.obj (.text:floor)
                  00005354    000000e4                                   : memory.c.obj (.text:free)
                  00005438    000000b1                                   : _printfi.c.obj (.text:_ltostr)
                  000054e9    00000001     --HOLE-- [fill = 0]
                  000054ea    0000009c                                   : memcpy_t2.asm.obj (.text)
                  00005586    00000096                                   : ull_div_t2.asm.obj (.text)
                  0000561c    00000090     scan.obj (.text)
                  000056ac    00000086     rtsv7M4_T_le_v4SPD16_eabi.lib : fd_cmp_t2.asm.obj (.text:__aeabi_cdcmple)
                  00005732    00000086                                   : fd_cmp_t2.asm.obj (.text:__aeabi_cdrcmple)
                  000057b8    00000080     button.obj (.text)
                  00005838    0000007a     rtsv7M4_T_le_v4SPD16_eabi.lib : memset_t2.asm.obj (.text)
                  000058b2    00000002     --HOLE-- [fill = 0]
                  000058b4    00000070                                   : memory.c.obj (.text:split)
                  00005924    0000006e                                   : _printfi.c.obj (.text:_mcpy)
                  00005992    0000006e                                   : fd_tos_t2.asm.obj (.text)
                  00005a00    00000068                                   : copy_decompress_lzss.c.obj (.text:decompress:lzss:__TI_decompress_lzss)
                  00005a68    00000064                                   : s_frexp.c.obj (.text:frexp)
                  00005acc    00000056                                   : _printfi.c.obj (.text:_pconv_f)
                  00005b22    00000054                                   : _ltoa.c.obj (.text:__TI_ltoa)
                  00005b76    00000052                                   : _printfi.c.obj (.text:_ecpy)
                  00005bc8    0000004c                                   : atoi.c.obj (.text:atoi)
                  00005c14    00000048                                   : fd_toi_t2.asm.obj (.text)
                  00005c5c    00000044                                   : autoinit.c.obj (.text:__TI_auto_init_nobinit_nopinit:__TI_auto_init_nobinit_nopinit)
                  00005ca0    00000044                                   : fd_tou_t2.asm.obj (.text)
                  00005ce4    00000040                                   : sprintf.c.obj (.text:sprintf)
                  00005d24    00000040                                   : vsnprintf.c.obj (.text:vsnprintf)
                  00005d64    0000003e                                   : _printfi.c.obj (.text:_fcpy)
                  00005da2    00000002     --HOLE-- [fill = 0]
                  00005da4    00000038                                   : memory.c.obj (.text:calloc)
                  00005ddc    00000038                                   : fs_tod_t2.asm.obj (.text)
                  00005e14    00000034     driverlib.lib : interrupt.obj (.text:IntRegister)
                  00005e48    00000034     rtsv7M4_T_le_v4SPD16_eabi.lib : boot_cortex_m.c.obj (.text:_c_int00_noargs:_c_int00_noargs)
                  00005e7c    00000030                                   : vsnprintf.c.obj (.text:_outs)
                  00005eac    0000002e                                   : i_tofd_t2.asm.obj (.text)
                  00005eda    00000002     --HOLE-- [fill = 0]
                  00005edc    00000028                                   : memory.c.obj (.text:free_list_insert)
                  00005f04    00000020                                   : u_tofd_t2.asm.obj (.text)
                  00005f24    0000001c                                   : copy_zero_init.c.obj (.text:decompress:ZI:__TI_zero_init_nomemset:__TI_zero_init_nomemset)
                  00005f40    0000001c                                   : memory.c.obj (.text:free_list_remove)
                  00005f5c    0000001c                                   : memccpy.c.obj (.text:memccpy)
                  00005f78    0000001a                                   : s_copysign.c.obj (.text:copysign)
                  00005f92    00000018                                   : vsnprintf.c.obj (.text:_outc)
                  00005faa    00000018                                   : sprintf.c.obj (.text:_outs)
                  00005fc2    00000018     open_interface.obj (.text:oi_parseInt)
                  00005fda    00000018     rtsv7M4_T_le_v4SPD16_eabi.lib : strcmp.c.obj (.text:strcmp)
                  00005ff2    00000016                                   : strchr.c.obj (.text:strchr)
                  00006008    00000014                                   : strcpy.c.obj (.text:strcpy)
                  0000601c    00000014                                   : strlen.c.obj (.text:strlen)
                  00006030    00000012                                   : wcslen.c.obj (.text:wcslen)
                  00006042    00000010     driverlib.lib : interrupt.obj (.text:IntMasterEnable)
                  00006052    00000010     lcd.obj (.text:lcd_clear)
                  00006062    0000000e     rtsv7M4_T_le_v4SPD16_eabi.lib : copy_decompress_none.c.obj (.text:decompress:none:__TI_decompress_none)
                  00006070    0000000c     driverlib.lib : cpu.obj (.text:CPUcpsie)
                  0000607c    0000000c     tm4c123gh6pm_startup_ccs.obj (.text)
                  00006088    0000000a     rtsv7M4_T_le_v4SPD16_eabi.lib : sprintf.c.obj (.text:_outc)
                  00006092    00000002     --HOLE-- [fill = 0]
                  00006094    00000008                                   : errno.c.obj (.text:__aeabi_errno_addr)
                  0000609c    00000008                                   : memory.c.obj (.text:malloc)
                  000060a4    00000004                                   : pre_init.c.obj (.text:_system_pre_init)
                  000060a8    00000004                                   : exit.c.obj (.text:abort:abort)

.const     0    000060b0    00000374     
                  000060b0    00000158     rtsv7M4_T_le_v4SPD16_eabi.lib : k_rem_pio2.c.obj (.const:$O1$$)
                  00006208    00000101                                   : ctype.c.obj (.const:.string:_ctypes_)
                  00006309    00000004     lcd.obj (.const:.string:lineAddress$1)
                  0000630d    00000003     --HOLE-- [fill = 0]
                  00006310    00000080     rtsv7M4_T_le_v4SPD16_eabi.lib : k_tan.c.obj (.const:xxx)
                  00006390    00000078     main.obj (.const:$P$T0$1)
                  00006408    0000000f     open_interface.obj (.const:.string:$P$T0$3)
                  00006417    00000001     --HOLE-- [fill = 0]
                  00006418    00000008     scan.obj (.const)
                  00006420    00000004     lcd.obj (.const:.string:lineAddresses$2)

.cinit     0    00006428    00000070     
                  00006428    0000003b     (.cinit..data.load) [load image, compression = lzss]
                  00006463    00000001     --HOLE-- [fill = 0]
                  00006464    0000000c     (__TI_handler_table)
                  00006470    00000008     (.cinit..bss.load) [load image, compression = zero_init]
                  00006478    00000008     (.cinit..vtable.load) [load image, compression = zero_init]
                  00006480    00000018     (__TI_cinit_table)

.init_array 
*          0    00000000    00000000     UNINITIALIZED

.vtable    0    20000000    0000026c     UNINITIALIZED
                  20000000    0000026c     driverlib.lib : interrupt.obj (.vtable)

.stack     0    20000270    00001000     UNINITIALIZED
                  20000270    00000004     rtsv7M4_T_le_v4SPD16_eabi.lib : boot_cortex_m.c.obj (.stack)
                  20000274    00000ffc     --HOLE--

.sysmem    0    20001270    00001000     UNINITIALIZED
                  20001270    00000010     rtsv7M4_T_le_v4SPD16_eabi.lib : memory.c.obj (.sysmem)
                  20001280    00000ff0     --HOLE--

.bss       0    20002270    00000074     UNINITIALIZED
                  20002270    00000054     lcd.obj (.bss:lastbuffer$3)
                  200022c4    00000018     open_interface.obj (.bss:firmware$2)
                  200022dc    00000004     (.common:_timeout_ticks)
                  200022e0    00000004     (.common:time_diff)

.data      0    200022e4    00000068     UNINITIALIZED
                  200022e4    00000020     open_interface.obj (.data)
                  20002304    00000018     ping.obj (.data)
                  2000231c    00000010     uart-interrupt.obj (.data)
                  2000232c    00000009     servo.obj (.data)
                  20002335    00000001     Timer.obj (.data)
                  20002336    00000001     button.obj (.data)
                  20002337    00000001     --HOLE--
                  20002338    00000008     rtsv7M4_T_le_v4SPD16_eabi.lib : _lock.c.obj (.data:$O1$$)
                  20002340    00000008                                   : memory.c.obj (.data:$O1$$)
                  20002348    00000004                                   : errno.c.obj (.data)

__llvm_prf_cnts 
*          0    20000000    00000000     UNINITIALIZED

MODULE SUMMARY

       Module                         code    ro data   rw data
       ------                         ----    -------   -------
    .\
       open_interface.obj             3128    15        56     
       main.obj                       2440    120       0      
       movement.obj                   964     0         0      
       lcd.obj                        824     8         84     
       servo.obj                      832     0         9      
       adc.obj                        664     0         0      
       uart-interrupt.obj             644     0         16     
       ping.obj                       624     0         28     
       tm4c123gh6pm_startup_ccs.obj   12      620       0      
       Timer.obj                      584     0         5      
       scan.obj                       144     8         0      
       button.obj                     128     0         1      
    +--+------------------------------+-------+---------+---------+
       Total:                         10988   771       199    
                                                               
    C:/ti/TivaWare_C_Series-2.2.0.295/driverlib/ccs/Debug/driverlib.lib
       interrupt.obj                  68      0         620    
       cpu.obj                        12      0         0      
    +--+------------------------------+-------+---------+---------+
       Total:                         80      0         620    
                                                               
    C:\ti\ccs1271\ccs\tools\compiler\ti-cgt-arm_20.2.7.LTS\lib\rtsv7M4_T_le_v4SPD16_eabi.lib
       _printfi.c.obj                 4851    0         0      
       k_rem_pio2.c.obj               1848    344       0      
       s_tan.c.obj                    1288    0         0      
       k_tan.c.obj                    796     128       0      
       memory.c.obj                   728     0         8      
       fd_add_t2.asm.obj              438     0         0      
       fd_div_t2.asm.obj              310     0         0      
       s_scalbn.c.obj                 272     0         0      
       fd_cmp_t2.asm.obj              268     0         0      
       ctype.c.obj                    0       257       0      
       fd_mul_t2.asm.obj              252     0         0      
       s_floor.c.obj                  248     0         0      
       memcpy_t2.asm.obj              156     0         0      
       ull_div_t2.asm.obj             150     0         0      
       vsnprintf.c.obj                136     0         0      
       memset_t2.asm.obj              122     0         0      
       fd_tos_t2.asm.obj              110     0         0      
       copy_decompress_lzss.c.obj     104     0         0      
       s_frexp.c.obj                  100     0         0      
       sprintf.c.obj                  98      0         0      
       _ltoa.c.obj                    84      0         0      
       atoi.c.obj                     76      0         0      
       fd_toi_t2.asm.obj              72      0         0      
       autoinit.c.obj                 68      0         0      
       fd_tou_t2.asm.obj              68      0         0      
       fs_tod_t2.asm.obj              56      0         0      
       boot_cortex_m.c.obj            52      0         0      
       i_tofd_t2.asm.obj              46      0         0      
       u_tofd_t2.asm.obj              32      0         0      
       copy_zero_init.c.obj           28      0         0      
       memccpy.c.obj                  28      0         0      
       s_copysign.c.obj               26      0         0      
       strcmp.c.obj                   24      0         0      
       strchr.c.obj                   22      0         0      
       strcpy.c.obj                   20      0         0      
       strlen.c.obj                   20      0         0      
       wcslen.c.obj                   18      0         0      
       copy_decompress_none.c.obj     14      0         0      
       errno.c.obj                    8       0         4      
       _lock.c.obj                    2       0         8      
       exit.c.obj                     4       0         0      
       pre_init.c.obj                 4       0         0      
       div0.asm.obj                   2       0         0      
    +--+------------------------------+-------+---------+---------+
       Total:                         13049   729       20     
                                                               
       Heap:                          0       0         4096   
       Stack:                         0       0         4096   
       Linker Generated:              0       111       0      
    +--+------------------------------+-------+---------+---------+
       Grand Total:                   24117   1611      9031   


LINKER GENERATED COPY TABLES

__TI_cinit_table @ 00006480 records: 3, size/record: 8, table size: 24
	.data: load addr=00006428, load size=0000003b bytes, run addr=200022e4, run size=00000068 bytes, compression=lzss
	.bss: load addr=00006470, load size=00000008 bytes, run addr=20002270, run size=00000074 bytes, compression=zero_init
	.vtable: load addr=00006478, load size=00000008 bytes, run addr=20000000, run size=0000026c bytes, compression=zero_init


LINKER GENERATED HANDLER TABLE

__TI_handler_table @ 00006464 records: 3, size/record: 4, table size: 12
	index: 0, handler: __TI_zero_init
	index: 1, handler: __TI_decompress_lzss
	index: 2, handler: __TI_decompress_none


GLOBAL SYMBOLS: SORTED ALPHABETICALLY BY Name 

address   name                          
-------   ----                          
000060a9  C$$EXIT                       
00006071  CPUcpsie                      
00000bc3  GPIOF_Handler                 
0000641c  IR                            
00006043  IntMasterEnable               
00005e15  IntRegister                   
0000607d  ResetISR                      
00006418  SONAR                         
000044d1  TIMER3B_Handler               
00003f99  UART1_Handler                 
20001270  __STACK_END                   
00001000  __STACK_SIZE                  
20000470  __STACK_TOP                   
00001000  __SYSMEM_SIZE                 
00006480  __TI_CINIT_Base               
00006498  __TI_CINIT_Limit              
00006464  __TI_Handler_Table_Base       
00006470  __TI_Handler_Table_Limit      
00005c5d  __TI_auto_init_nobinit_nopinit
00005a01  __TI_decompress_lzss          
00006063  __TI_decompress_none          
00005b23  __TI_ltoa                     
ffffffff  __TI_pprof_out_hndl           
00000e8d  __TI_printfi                  
ffffffff  __TI_prof_data_size           
ffffffff  __TI_prof_data_start          
00000000  __TI_static_base__            
00005f25  __TI_zero_init_nomemset       
000056ad  __aeabi_cdcmpeq               
000056ad  __aeabi_cdcmple               
00005733  __aeabi_cdrcmple              
00005993  __aeabi_d2f                   
00005c15  __aeabi_d2iz                  
00005ca1  __aeabi_d2uiz                 
00004a0b  __aeabi_dadd                  
00004cf5  __aeabi_ddiv                  
00005161  __aeabi_dmul                  
00004a01  __aeabi_dsub                  
00006095  __aeabi_errno_addr            
00005ddd  __aeabi_f2d                   
00005ead  __aeabi_i2d                   
00004bb7  __aeabi_idiv0                 
00004bb7  __aeabi_ldiv0                 
00005839  __aeabi_memclr                
00005839  __aeabi_memclr4               
00005839  __aeabi_memclr8               
000054eb  __aeabi_memcpy                
000054eb  __aeabi_memcpy4               
000054eb  __aeabi_memcpy8               
0000583b  __aeabi_memset                
0000583b  __aeabi_memset4               
0000583b  __aeabi_memset8               
00005f05  __aeabi_ui2d                  
00005587  __aeabi_uldivmod              
ffffffff  __binit__                     
ffffffff  __c_args__                    
00002265  __kernel_rem_pio2             
000038d1  __kernel_tan                  
UNDEFED   __mpu_init                    
20000270  __stack                       
20000000  __start___llvm_prf_cnts       
20000000  __stop___llvm_prf_cnts        
00005e49  _c_int00_noargs               
00006208  _ctypes_                      
20002338  _lock                         
000018db  _nop                          
20002335  _running                      
20001270  _sys_memory                   
UNDEFED   _system_post_cinit            
000060a5  _system_pre_init              
200022dc  _timeout_ticks                
2000233c  _unlock                       
000060a9  abort                         
00003cbb  adc_calibrate                 
00003bed  adc_init                      
00003c8f  adc_read                      
00005061  aligned_alloc                 
00005bc9  atoi                          
ffffffff  binit                         
00003191  bump_left                     
000030f9  bump_right                    
000057ed  button_getButton              
000057b9  button_init                   
20002334  calibrated                    
00005da5  calloc                        
20002321  command_byte_BACKWARD         
20002325  command_byte_ESCAPE           
20002320  command_byte_FORWARD          
2000231c  command_byte_GO               
20002324  command_byte_HALT             
20002322  command_byte_LEFT             
2000231f  command_byte_MANUAL           
2000231e  command_byte_QUIT             
20002323  command_byte_RIGHT            
2000231d  command_byte_STOP             
20002328  command_flag                  
00005f79  copysign                      
00005f79  copysignl                     
20002314  current_time                  
20002348  errno                         
0000525d  floor                         
0000525d  floorl                        
00005355  free                          
00005a69  frexp                         
00005a69  frexpl                        
20002308  g_end_time                    
20000000  g_pfnRAMVectors               
00000000  g_pfnVectors                  
20002304  g_start_time                  
2000230c  g_state                       
0000097f  go_charge                     
20002310  last_time                     
00006053  lcd_clear                     
0000377d  lcd_gotoLine                  
000035e5  lcd_init                      
000037e3  lcd_printf                    
000036a5  lcd_putc                      
000036dd  lcd_puts                      
000035a9  lcd_reverseNibble             
000036fb  lcd_sendCommand               
00003739  lcd_sendNibble                
000037a5  lcd_setCursorPos              
00004f51  ldexp                         
00004f51  ldexpl                        
000018dd  main                          
0000609d  malloc                        
00005061  memalign                      
00005f5d  memccpy                       
000054eb  memcpy                        
00005841  memset                        
200022e4  motor_cal_factor_L            
200022e8  motor_cal_factor_R            
00002f75  move_backward                 
00002ea5  move_forward                  
0000026d  oi_alloc                      
00000aa9  oi_checkFirmware              
000002c7  oi_close                      
00000279  oi_free                       
00000ded  oi_getMotorCalibrationLeft    
00000e01  oi_getMotorCalibrationRight   
000002b1  oi_init                       
00000289  oi_init_noupdate              
00000915  oi_loadSong                   
00005fc3  oi_parseInt                   
0000032b  oi_parsePacket                
0000096b  oi_play_song                  
0000084b  oi_setLeds                    
00000db1  oi_setMotorCalibration        
0000088f  oi_setWheels                  
00000b51  oi_shutoff_init               
0000098d  oi_uartInit                   
00000a31  oi_uartReceive                
00000a77  oi_uartSendBuff               
00000a15  oi_uartSendChar               
00000a59  oi_uartSendStr                
000002d9  oi_update                     
2000231a  overflow                      
00004529  ping_getDistance              
00004379  ping_init                     
0000443d  ping_trigger                  
00004f51  scalbn                        
00004f51  scalbnl                       
0000561d  scan                          
000033b5  servo_calibrate               
00003269  servo_init                    
0000331b  servo_move                    
00005ce5  sprintf                       
00005ff3  strchr                        
00005fdb  strcmp                        
00006009  strcpy                        
0000601d  strlen                        
0000299d  tan                           
0000299d  tanl                          
200022e0  time_diff                     
00004707  timer_getMicros               
000046af  timer_getMillis               
000045e9  timer_init                    
0000468b  timer_pause                   
0000469d  timer_resume                  
00004661  timer_stop                    
00004761  timer_waitMicros              
00004793  timer_waitMillis              
2000232c  true_0                        
20002330  true_180                      
00003083  turn_left                     
00002ff5  turn_right                    
00003e85  uart_interrupt_init           
00003f5f  uart_sendChar                 
00003f7b  uart_sendStr                  
20002318  update_flag                   
00005d25  vsnprintf                     
00006031  wcslen                        


GLOBAL SYMBOLS: SORTED BY Symbol Address 

address   name                          
-------   ----                          
00000000  __TI_static_base__            
00000000  g_pfnVectors                  
0000026d  oi_alloc                      
00000279  oi_free                       
00000289  oi_init_noupdate              
000002b1  oi_init                       
000002c7  oi_close                      
000002d9  oi_update                     
0000032b  oi_parsePacket                
0000084b  oi_setLeds                    
0000088f  oi_setWheels                  
00000915  oi_loadSong                   
0000096b  oi_play_song                  
0000097f  go_charge                     
0000098d  oi_uartInit                   
00000a15  oi_uartSendChar               
00000a31  oi_uartReceive                
00000a59  oi_uartSendStr                
00000a77  oi_uartSendBuff               
00000aa9  oi_checkFirmware              
00000b51  oi_shutoff_init               
00000bc3  GPIOF_Handler                 
00000db1  oi_setMotorCalibration        
00000ded  oi_getMotorCalibrationLeft    
00000e01  oi_getMotorCalibrationRight   
00000e8d  __TI_printfi                  
00001000  __STACK_SIZE                  
00001000  __SYSMEM_SIZE                 
000018db  _nop                          
000018dd  main                          
00002265  __kernel_rem_pio2             
0000299d  tan                           
0000299d  tanl                          
00002ea5  move_forward                  
00002f75  move_backward                 
00002ff5  turn_right                    
00003083  turn_left                     
000030f9  bump_right                    
00003191  bump_left                     
00003269  servo_init                    
0000331b  servo_move                    
000033b5  servo_calibrate               
000035a9  lcd_reverseNibble             
000035e5  lcd_init                      
000036a5  lcd_putc                      
000036dd  lcd_puts                      
000036fb  lcd_sendCommand               
00003739  lcd_sendNibble                
0000377d  lcd_gotoLine                  
000037a5  lcd_setCursorPos              
000037e3  lcd_printf                    
000038d1  __kernel_tan                  
00003bed  adc_init                      
00003c8f  adc_read                      
00003cbb  adc_calibrate                 
00003e85  uart_interrupt_init           
00003f5f  uart_sendChar                 
00003f7b  uart_sendStr                  
00003f99  UART1_Handler                 
00004379  ping_init                     
0000443d  ping_trigger                  
000044d1  TIMER3B_Handler               
00004529  ping_getDistance              
000045e9  timer_init                    
00004661  timer_stop                    
0000468b  timer_pause                   
0000469d  timer_resume                  
000046af  timer_getMillis               
00004707  timer_getMicros               
00004761  timer_waitMicros              
00004793  timer_waitMillis              
00004a01  __aeabi_dsub                  
00004a0b  __aeabi_dadd                  
00004bb7  __aeabi_idiv0                 
00004bb7  __aeabi_ldiv0                 
00004cf5  __aeabi_ddiv                  
00004f51  ldexp                         
00004f51  ldexpl                        
00004f51  scalbn                        
00004f51  scalbnl                       
00005061  aligned_alloc                 
00005061  memalign                      
00005161  __aeabi_dmul                  
0000525d  floor                         
0000525d  floorl                        
00005355  free                          
000054eb  __aeabi_memcpy                
000054eb  __aeabi_memcpy4               
000054eb  __aeabi_memcpy8               
000054eb  memcpy                        
00005587  __aeabi_uldivmod              
0000561d  scan                          
000056ad  __aeabi_cdcmpeq               
000056ad  __aeabi_cdcmple               
00005733  __aeabi_cdrcmple              
000057b9  button_init                   
000057ed  button_getButton              
00005839  __aeabi_memclr                
00005839  __aeabi_memclr4               
00005839  __aeabi_memclr8               
0000583b  __aeabi_memset                
0000583b  __aeabi_memset4               
0000583b  __aeabi_memset8               
00005841  memset                        
00005993  __aeabi_d2f                   
00005a01  __TI_decompress_lzss          
00005a69  frexp                         
00005a69  frexpl                        
00005b23  __TI_ltoa                     
00005bc9  atoi                          
00005c15  __aeabi_d2iz                  
00005c5d  __TI_auto_init_nobinit_nopinit
00005ca1  __aeabi_d2uiz                 
00005ce5  sprintf                       
00005d25  vsnprintf                     
00005da5  calloc                        
00005ddd  __aeabi_f2d                   
00005e15  IntRegister                   
00005e49  _c_int00_noargs               
00005ead  __aeabi_i2d                   
00005f05  __aeabi_ui2d                  
00005f25  __TI_zero_init_nomemset       
00005f5d  memccpy                       
00005f79  copysign                      
00005f79  copysignl                     
00005fc3  oi_parseInt                   
00005fdb  strcmp                        
00005ff3  strchr                        
00006009  strcpy                        
0000601d  strlen                        
00006031  wcslen                        
00006043  IntMasterEnable               
00006053  lcd_clear                     
00006063  __TI_decompress_none          
00006071  CPUcpsie                      
0000607d  ResetISR                      
00006095  __aeabi_errno_addr            
0000609d  malloc                        
000060a5  _system_pre_init              
000060a9  C$$EXIT                       
000060a9  abort                         
00006208  _ctypes_                      
00006418  SONAR                         
0000641c  IR                            
00006464  __TI_Handler_Table_Base       
00006470  __TI_Handler_Table_Limit      
00006480  __TI_CINIT_Base               
00006498  __TI_CINIT_Limit              
20000000  __start___llvm_prf_cnts       
20000000  __stop___llvm_prf_cnts        
20000000  g_pfnRAMVectors               
20000270  __stack                       
20000470  __STACK_TOP                   
20001270  __STACK_END                   
20001270  _sys_memory                   
200022dc  _timeout_ticks                
200022e0  time_diff                     
200022e4  motor_cal_factor_L            
200022e8  motor_cal_factor_R            
20002304  g_start_time                  
20002308  g_end_time                    
2000230c  g_state                       
20002310  last_time                     
20002314  current_time                  
20002318  update_flag                   
2000231a  overflow                      
2000231c  command_byte_GO               
2000231d  command_byte_STOP             
2000231e  command_byte_QUIT             
2000231f  command_byte_MANUAL           
20002320  command_byte_FORWARD          
20002321  command_byte_BACKWARD         
20002322  command_byte_LEFT             
20002323  command_byte_RIGHT            
20002324  command_byte_HALT             
20002325  command_byte_ESCAPE           
20002328  command_flag                  
2000232c  true_0                        
20002330  true_180                      
20002334  calibrated                    
20002335  _running                      
20002338  _lock                         
2000233c  _unlock                       
20002348  errno                         
ffffffff  __TI_pprof_out_hndl           
ffffffff  __TI_prof_data_size           
ffffffff  __TI_prof_data_start          
ffffffff  __binit__                     
ffffffff  __c_args__                    
ffffffff  binit                         
UNDEFED   __mpu_init                    
UNDEFED   _system_post_cinit            

[192 symbols]
