<?xml version="1.0" encoding="ISO-8859-1" ?>
<link_info>
   <banner>TI ARM Linker PC v20.2.7.LTS</banner>
   <copyright>Copyright (c) 1996-2018 Texas Instruments Incorporated</copyright>
   <link_time>0x6807fdd3</link_time>
   <link_errors>0x0</link_errors>
   <output_file>FinalProject.out</output_file>
   <entry_point>
      <name>_c_int00_noargs</name>
      <address>0x5e49</address>
   </entry_point>
   <input_file_list>
      <input_file id="fl-2">
         <path>.\</path>
         <kind>object</kind>
         <file>Timer.obj</file>
         <name>Timer.obj</name>
      </input_file>
      <input_file id="fl-3">
         <path>.\</path>
         <kind>object</kind>
         <file>adc.obj</file>
         <name>adc.obj</name>
      </input_file>
      <input_file id="fl-4">
         <path>.\</path>
         <kind>object</kind>
         <file>button.obj</file>
         <name>button.obj</name>
      </input_file>
      <input_file id="fl-5">
         <path>.\</path>
         <kind>object</kind>
         <file>lcd.obj</file>
         <name>lcd.obj</name>
      </input_file>
      <input_file id="fl-6">
         <path>.\</path>
         <kind>object</kind>
         <file>main.obj</file>
         <name>main.obj</name>
      </input_file>
      <input_file id="fl-7">
         <path>.\</path>
         <kind>object</kind>
         <file>movement.obj</file>
         <name>movement.obj</name>
      </input_file>
      <input_file id="fl-8">
         <path>.\</path>
         <kind>object</kind>
         <file>open_interface.obj</file>
         <name>open_interface.obj</name>
      </input_file>
      <input_file id="fl-9">
         <path>.\</path>
         <kind>object</kind>
         <file>ping.obj</file>
         <name>ping.obj</name>
      </input_file>
      <input_file id="fl-a">
         <path>.\</path>
         <kind>object</kind>
         <file>scan.obj</file>
         <name>scan.obj</name>
      </input_file>
      <input_file id="fl-b">
         <path>.\</path>
         <kind>object</kind>
         <file>servo.obj</file>
         <name>servo.obj</name>
      </input_file>
      <input_file id="fl-c">
         <path>.\</path>
         <kind>object</kind>
         <file>tm4c123gh6pm_startup_ccs.obj</file>
         <name>tm4c123gh6pm_startup_ccs.obj</name>
      </input_file>
      <input_file id="fl-d">
         <path>.\</path>
         <kind>object</kind>
         <file>uart-interrupt.obj</file>
         <name>uart-interrupt.obj</name>
      </input_file>
      <input_file id="fl-12">
         <kind>object</kind>
         <file>&lt;internal&gt;</file>
         <name>&lt;internal&gt;</name>
      </input_file>
      <input_file id="fl-c8">
         <path>C:\ti\ccs1271\ccs\tools\compiler\ti-cgt-arm_20.2.7.LTS\lib\</path>
         <kind>archive</kind>
         <file>rtsv7M4_T_le_v4SPD16_eabi.lib</file>
         <name>s_tan.c.obj</name>
      </input_file>
      <input_file id="fl-c9">
         <path>C:\ti\ccs1271\ccs\tools\compiler\ti-cgt-arm_20.2.7.LTS\lib\</path>
         <kind>archive</kind>
         <file>rtsv7M4_T_le_v4SPD16_eabi.lib</file>
         <name>sprintf.c.obj</name>
      </input_file>
      <input_file id="fl-ca">
         <path>C:\ti\ccs1271\ccs\tools\compiler\ti-cgt-arm_20.2.7.LTS\lib\</path>
         <kind>archive</kind>
         <file>rtsv7M4_T_le_v4SPD16_eabi.lib</file>
         <name>vsnprintf.c.obj</name>
      </input_file>
      <input_file id="fl-cb">
         <path>C:\ti\ccs1271\ccs\tools\compiler\ti-cgt-arm_20.2.7.LTS\lib\</path>
         <kind>archive</kind>
         <file>rtsv7M4_T_le_v4SPD16_eabi.lib</file>
         <name>fd_add_t2.asm.obj</name>
      </input_file>
      <input_file id="fl-cc">
         <path>C:\ti\ccs1271\ccs\tools\compiler\ti-cgt-arm_20.2.7.LTS\lib\</path>
         <kind>archive</kind>
         <file>rtsv7M4_T_le_v4SPD16_eabi.lib</file>
         <name>fd_cmp_t2.asm.obj</name>
      </input_file>
      <input_file id="fl-cd">
         <path>C:\ti\ccs1271\ccs\tools\compiler\ti-cgt-arm_20.2.7.LTS\lib\</path>
         <kind>archive</kind>
         <file>rtsv7M4_T_le_v4SPD16_eabi.lib</file>
         <name>fd_div_t2.asm.obj</name>
      </input_file>
      <input_file id="fl-ce">
         <path>C:\ti\ccs1271\ccs\tools\compiler\ti-cgt-arm_20.2.7.LTS\lib\</path>
         <kind>archive</kind>
         <file>rtsv7M4_T_le_v4SPD16_eabi.lib</file>
         <name>fd_mul_t2.asm.obj</name>
      </input_file>
      <input_file id="fl-cf">
         <path>C:\ti\ccs1271\ccs\tools\compiler\ti-cgt-arm_20.2.7.LTS\lib\</path>
         <kind>archive</kind>
         <file>rtsv7M4_T_le_v4SPD16_eabi.lib</file>
         <name>fd_toi_t2.asm.obj</name>
      </input_file>
      <input_file id="fl-d0">
         <path>C:\ti\ccs1271\ccs\tools\compiler\ti-cgt-arm_20.2.7.LTS\lib\</path>
         <kind>archive</kind>
         <file>rtsv7M4_T_le_v4SPD16_eabi.lib</file>
         <name>fd_tos_t2.asm.obj</name>
      </input_file>
      <input_file id="fl-d1">
         <path>C:\ti\ccs1271\ccs\tools\compiler\ti-cgt-arm_20.2.7.LTS\lib\</path>
         <kind>archive</kind>
         <file>rtsv7M4_T_le_v4SPD16_eabi.lib</file>
         <name>fd_tou_t2.asm.obj</name>
      </input_file>
      <input_file id="fl-d2">
         <path>C:\ti\ccs1271\ccs\tools\compiler\ti-cgt-arm_20.2.7.LTS\lib\</path>
         <kind>archive</kind>
         <file>rtsv7M4_T_le_v4SPD16_eabi.lib</file>
         <name>fs_tod_t2.asm.obj</name>
      </input_file>
      <input_file id="fl-d3">
         <path>C:\ti\ccs1271\ccs\tools\compiler\ti-cgt-arm_20.2.7.LTS\lib\</path>
         <kind>archive</kind>
         <file>rtsv7M4_T_le_v4SPD16_eabi.lib</file>
         <name>i_tofd_t2.asm.obj</name>
      </input_file>
      <input_file id="fl-d4">
         <path>C:\ti\ccs1271\ccs\tools\compiler\ti-cgt-arm_20.2.7.LTS\lib\</path>
         <kind>archive</kind>
         <file>rtsv7M4_T_le_v4SPD16_eabi.lib</file>
         <name>memcpy_t2.asm.obj</name>
      </input_file>
      <input_file id="fl-d5">
         <path>C:\ti\ccs1271\ccs\tools\compiler\ti-cgt-arm_20.2.7.LTS\lib\</path>
         <kind>archive</kind>
         <file>rtsv7M4_T_le_v4SPD16_eabi.lib</file>
         <name>u_tofd_t2.asm.obj</name>
      </input_file>
      <input_file id="fl-d6">
         <path>C:\ti\ccs1271\ccs\tools\compiler\ti-cgt-arm_20.2.7.LTS\lib\</path>
         <kind>archive</kind>
         <file>rtsv7M4_T_le_v4SPD16_eabi.lib</file>
         <name>copy_zero_init.c.obj</name>
      </input_file>
      <input_file id="fl-d7">
         <path>C:\ti\ccs1271\ccs\tools\compiler\ti-cgt-arm_20.2.7.LTS\lib\</path>
         <kind>archive</kind>
         <file>rtsv7M4_T_le_v4SPD16_eabi.lib</file>
         <name>copy_decompress_none.c.obj</name>
      </input_file>
      <input_file id="fl-d8">
         <path>C:\ti\ccs1271\ccs\tools\compiler\ti-cgt-arm_20.2.7.LTS\lib\</path>
         <kind>archive</kind>
         <file>rtsv7M4_T_le_v4SPD16_eabi.lib</file>
         <name>copy_decompress_lzss.c.obj</name>
      </input_file>
      <input_file id="fl-d9">
         <path>C:\ti\ccs1271\ccs\tools\compiler\ti-cgt-arm_20.2.7.LTS\lib\</path>
         <kind>archive</kind>
         <file>rtsv7M4_T_le_v4SPD16_eabi.lib</file>
         <name>memory.c.obj</name>
      </input_file>
      <input_file id="fl-da">
         <path>C:\ti\ccs1271\ccs\tools\compiler\ti-cgt-arm_20.2.7.LTS\lib\</path>
         <kind>archive</kind>
         <file>rtsv7M4_T_le_v4SPD16_eabi.lib</file>
         <name>strcmp.c.obj</name>
      </input_file>
      <input_file id="fl-db">
         <path>C:\ti\ccs1271\ccs\tools\compiler\ti-cgt-arm_20.2.7.LTS\lib\</path>
         <kind>archive</kind>
         <file>rtsv7M4_T_le_v4SPD16_eabi.lib</file>
         <name>strcpy.c.obj</name>
      </input_file>
      <input_file id="fl-dc">
         <path>C:\ti\ccs1271\ccs\tools\compiler\ti-cgt-arm_20.2.7.LTS\lib\</path>
         <kind>archive</kind>
         <file>rtsv7M4_T_le_v4SPD16_eabi.lib</file>
         <name>k_rem_pio2.c.obj</name>
      </input_file>
      <input_file id="fl-dd">
         <path>C:\ti\ccs1271\ccs\tools\compiler\ti-cgt-arm_20.2.7.LTS\lib\</path>
         <kind>archive</kind>
         <file>rtsv7M4_T_le_v4SPD16_eabi.lib</file>
         <name>boot_cortex_m.c.obj</name>
      </input_file>
      <input_file id="fl-de">
         <path>C:\ti\ccs1271\ccs\tools\compiler\ti-cgt-arm_20.2.7.LTS\lib\</path>
         <kind>archive</kind>
         <file>rtsv7M4_T_le_v4SPD16_eabi.lib</file>
         <name>errno.c.obj</name>
      </input_file>
      <input_file id="fl-df">
         <path>C:\ti\ccs1271\ccs\tools\compiler\ti-cgt-arm_20.2.7.LTS\lib\</path>
         <kind>archive</kind>
         <file>rtsv7M4_T_le_v4SPD16_eabi.lib</file>
         <name>k_tan.c.obj</name>
      </input_file>
      <input_file id="fl-e0">
         <path>C:\ti\ccs1271\ccs\tools\compiler\ti-cgt-arm_20.2.7.LTS\lib\</path>
         <kind>archive</kind>
         <file>rtsv7M4_T_le_v4SPD16_eabi.lib</file>
         <name>s_floor.c.obj</name>
      </input_file>
      <input_file id="fl-e1">
         <path>C:\ti\ccs1271\ccs\tools\compiler\ti-cgt-arm_20.2.7.LTS\lib\</path>
         <kind>archive</kind>
         <file>rtsv7M4_T_le_v4SPD16_eabi.lib</file>
         <name>s_scalbn.c.obj</name>
      </input_file>
      <input_file id="fl-e2">
         <path>C:\ti\ccs1271\ccs\tools\compiler\ti-cgt-arm_20.2.7.LTS\lib\</path>
         <kind>archive</kind>
         <file>rtsv7M4_T_le_v4SPD16_eabi.lib</file>
         <name>_printfi.c.obj</name>
      </input_file>
      <input_file id="fl-e3">
         <path>C:\ti\ccs1271\ccs\tools\compiler\ti-cgt-arm_20.2.7.LTS\lib\</path>
         <kind>archive</kind>
         <file>rtsv7M4_T_le_v4SPD16_eabi.lib</file>
         <name>memset_t2.asm.obj</name>
      </input_file>
      <input_file id="fl-e4">
         <path>C:\ti\ccs1271\ccs\tools\compiler\ti-cgt-arm_20.2.7.LTS\lib\</path>
         <kind>archive</kind>
         <file>rtsv7M4_T_le_v4SPD16_eabi.lib</file>
         <name>ull_div_t2.asm.obj</name>
      </input_file>
      <input_file id="fl-e5">
         <path>C:\ti\ccs1271\ccs\tools\compiler\ti-cgt-arm_20.2.7.LTS\lib\</path>
         <kind>archive</kind>
         <file>rtsv7M4_T_le_v4SPD16_eabi.lib</file>
         <name>autoinit.c.obj</name>
      </input_file>
      <input_file id="fl-e6">
         <path>C:\ti\ccs1271\ccs\tools\compiler\ti-cgt-arm_20.2.7.LTS\lib\</path>
         <kind>archive</kind>
         <file>rtsv7M4_T_le_v4SPD16_eabi.lib</file>
         <name>pre_init.c.obj</name>
      </input_file>
      <input_file id="fl-e7">
         <path>C:\ti\ccs1271\ccs\tools\compiler\ti-cgt-arm_20.2.7.LTS\lib\</path>
         <kind>archive</kind>
         <file>rtsv7M4_T_le_v4SPD16_eabi.lib</file>
         <name>cpy_tbl.c.obj</name>
      </input_file>
      <input_file id="fl-e8">
         <path>C:\ti\ccs1271\ccs\tools\compiler\ti-cgt-arm_20.2.7.LTS\lib\</path>
         <kind>archive</kind>
         <file>rtsv7M4_T_le_v4SPD16_eabi.lib</file>
         <name>exit.c.obj</name>
      </input_file>
      <input_file id="fl-e9">
         <path>C:\ti\ccs1271\ccs\tools\compiler\ti-cgt-arm_20.2.7.LTS\lib\</path>
         <kind>archive</kind>
         <file>rtsv7M4_T_le_v4SPD16_eabi.lib</file>
         <name>_lock.c.obj</name>
      </input_file>
      <input_file id="fl-ea">
         <path>C:\ti\ccs1271\ccs\tools\compiler\ti-cgt-arm_20.2.7.LTS\lib\</path>
         <kind>archive</kind>
         <file>rtsv7M4_T_le_v4SPD16_eabi.lib</file>
         <name>_ltoa.c.obj</name>
      </input_file>
      <input_file id="fl-eb">
         <path>C:\ti\ccs1271\ccs\tools\compiler\ti-cgt-arm_20.2.7.LTS\lib\</path>
         <kind>archive</kind>
         <file>rtsv7M4_T_le_v4SPD16_eabi.lib</file>
         <name>args_main.c.obj</name>
      </input_file>
      <input_file id="fl-ec">
         <path>C:\ti\ccs1271\ccs\tools\compiler\ti-cgt-arm_20.2.7.LTS\lib\</path>
         <kind>archive</kind>
         <file>rtsv7M4_T_le_v4SPD16_eabi.lib</file>
         <name>atoi.c.obj</name>
      </input_file>
      <input_file id="fl-ed">
         <path>C:\ti\ccs1271\ccs\tools\compiler\ti-cgt-arm_20.2.7.LTS\lib\</path>
         <kind>archive</kind>
         <file>rtsv7M4_T_le_v4SPD16_eabi.lib</file>
         <name>ctype.c.obj</name>
      </input_file>
      <input_file id="fl-ee">
         <path>C:\ti\ccs1271\ccs\tools\compiler\ti-cgt-arm_20.2.7.LTS\lib\</path>
         <kind>archive</kind>
         <file>rtsv7M4_T_le_v4SPD16_eabi.lib</file>
         <name>memccpy.c.obj</name>
      </input_file>
      <input_file id="fl-ef">
         <path>C:\ti\ccs1271\ccs\tools\compiler\ti-cgt-arm_20.2.7.LTS\lib\</path>
         <kind>archive</kind>
         <file>rtsv7M4_T_le_v4SPD16_eabi.lib</file>
         <name>strchr.c.obj</name>
      </input_file>
      <input_file id="fl-f0">
         <path>C:\ti\ccs1271\ccs\tools\compiler\ti-cgt-arm_20.2.7.LTS\lib\</path>
         <kind>archive</kind>
         <file>rtsv7M4_T_le_v4SPD16_eabi.lib</file>
         <name>strlen.c.obj</name>
      </input_file>
      <input_file id="fl-f1">
         <path>C:\ti\ccs1271\ccs\tools\compiler\ti-cgt-arm_20.2.7.LTS\lib\</path>
         <kind>archive</kind>
         <file>rtsv7M4_T_le_v4SPD16_eabi.lib</file>
         <name>wcslen.c.obj</name>
      </input_file>
      <input_file id="fl-f2">
         <path>C:\ti\ccs1271\ccs\tools\compiler\ti-cgt-arm_20.2.7.LTS\lib\</path>
         <kind>archive</kind>
         <file>rtsv7M4_T_le_v4SPD16_eabi.lib</file>
         <name>s_copysign.c.obj</name>
      </input_file>
      <input_file id="fl-f3">
         <path>C:\ti\ccs1271\ccs\tools\compiler\ti-cgt-arm_20.2.7.LTS\lib\</path>
         <kind>archive</kind>
         <file>rtsv7M4_T_le_v4SPD16_eabi.lib</file>
         <name>s_frexp.c.obj</name>
      </input_file>
      <input_file id="fl-f4">
         <path>C:\ti\ccs1271\ccs\tools\compiler\ti-cgt-arm_20.2.7.LTS\lib\</path>
         <kind>archive</kind>
         <file>rtsv7M4_T_le_v4SPD16_eabi.lib</file>
         <name>div0.asm.obj</name>
      </input_file>
      <input_file id="fl-f5">
         <path>C:\ti\TivaWare_C_Series-2.2.0.295\driverlib\ccs\Debug\</path>
         <kind>archive</kind>
         <file>driverlib.lib</file>
         <name>interrupt.obj</name>
      </input_file>
      <input_file id="fl-f6">
         <path>C:\ti\TivaWare_C_Series-2.2.0.295\driverlib\ccs\Debug\</path>
         <kind>archive</kind>
         <file>driverlib.lib</file>
         <name>cpu.obj</name>
      </input_file>
   </input_file_list>
   <object_component_list>
      <object_component id="oc-12">
         <name>.intvecs</name>
         <load_address>0x0</load_address>
         <run_address>0x0</run_address>
         <size>0x26c</size>
         <input_file_ref idref="fl-c"/>
      </object_component>
      <object_component id="oc-101">
         <name>.text</name>
         <load_address>0x26c</load_address>
         <run_address>0x26c</run_address>
         <size>0xc20</size>
         <input_file_ref idref="fl-8"/>
      </object_component>
      <object_component id="oc-1ff">
         <name>.text:__TI_printfi</name>
         <load_address>0xe8c</load_address>
         <run_address>0xe8c</run_address>
         <size>0xa4e</size>
         <input_file_ref idref="fl-e2"/>
      </object_component>
      <object_component id="oc-34d">
         <name>.text:_nop</name>
         <load_address>0x18da</load_address>
         <run_address>0x18da</run_address>
         <size>0x2</size>
         <input_file_ref idref="fl-e9"/>
      </object_component>
      <object_component id="oc-a2">
         <name>.text</name>
         <load_address>0x18dc</load_address>
         <run_address>0x18dc</run_address>
         <size>0x988</size>
         <input_file_ref idref="fl-6"/>
      </object_component>
      <object_component id="oc-223">
         <name>.text:__kernel_rem_pio2</name>
         <load_address>0x2264</load_address>
         <run_address>0x2264</run_address>
         <size>0x738</size>
         <input_file_ref idref="fl-dc"/>
      </object_component>
      <object_component id="oc-13c">
         <name>.text:tan</name>
         <load_address>0x299c</load_address>
         <run_address>0x299c</run_address>
         <size>0x508</size>
         <input_file_ref idref="fl-c8"/>
      </object_component>
      <object_component id="oc-147">
         <name>.text</name>
         <load_address>0x2ea4</load_address>
         <run_address>0x2ea4</run_address>
         <size>0x3c4</size>
         <input_file_ref idref="fl-7"/>
      </object_component>
      <object_component id="oc-fb">
         <name>.text</name>
         <load_address>0x3268</load_address>
         <run_address>0x3268</run_address>
         <size>0x340</size>
         <input_file_ref idref="fl-b"/>
      </object_component>
      <object_component id="oc-dd">
         <name>.text</name>
         <load_address>0x35a8</load_address>
         <run_address>0x35a8</run_address>
         <size>0x328</size>
         <input_file_ref idref="fl-5"/>
      </object_component>
      <object_component id="oc-229">
         <name>.text:__kernel_tan</name>
         <load_address>0x38d0</load_address>
         <run_address>0x38d0</run_address>
         <size>0x31c</size>
         <input_file_ref idref="fl-df"/>
      </object_component>
      <object_component id="oc-ef">
         <name>.text</name>
         <load_address>0x3bec</load_address>
         <run_address>0x3bec</run_address>
         <size>0x298</size>
         <input_file_ref idref="fl-3"/>
      </object_component>
      <object_component id="oc-e9">
         <name>.text</name>
         <load_address>0x3e84</load_address>
         <run_address>0x3e84</run_address>
         <size>0x284</size>
         <input_file_ref idref="fl-d"/>
      </object_component>
      <object_component id="oc-2fd">
         <name>.text:_pconv_a</name>
         <load_address>0x4108</load_address>
         <run_address>0x4108</run_address>
         <size>0x270</size>
         <input_file_ref idref="fl-e2"/>
      </object_component>
      <object_component id="oc-f5">
         <name>.text</name>
         <load_address>0x4378</load_address>
         <run_address>0x4378</run_address>
         <size>0x270</size>
         <input_file_ref idref="fl-9"/>
      </object_component>
      <object_component id="oc-d7">
         <name>.text</name>
         <load_address>0x45e8</load_address>
         <run_address>0x45e8</run_address>
         <size>0x248</size>
         <input_file_ref idref="fl-2"/>
      </object_component>
      <object_component id="oc-2eb">
         <name>.text:_pconv_g</name>
         <load_address>0x4830</load_address>
         <run_address>0x4830</run_address>
         <size>0x1d0</size>
         <input_file_ref idref="fl-e2"/>
      </object_component>
      <object_component id="oc-142">
         <name>.text</name>
         <load_address>0x4a00</load_address>
         <run_address>0x4a00</run_address>
         <size>0x1b6</size>
         <input_file_ref idref="fl-cb"/>
      </object_component>
      <object_component id="oc-41b">
         <name>.text</name>
         <load_address>0x4bb6</load_address>
         <run_address>0x4bb6</run_address>
         <size>0x2</size>
         <input_file_ref idref="fl-f4"/>
      </object_component>
      <object_component id="oc-2f7">
         <name>.text:_pconv_e</name>
         <load_address>0x4bb8</load_address>
         <run_address>0x4bb8</run_address>
         <size>0x13c</size>
         <input_file_ref idref="fl-e2"/>
      </object_component>
      <object_component id="oc-12d">
         <name>.text</name>
         <load_address>0x4cf4</load_address>
         <run_address>0x4cf4</run_address>
         <size>0x136</size>
         <input_file_ref idref="fl-cd"/>
      </object_component>
      <object_component id="oc-3b1">
         <name>.text:fcvt</name>
         <load_address>0x4e2c</load_address>
         <run_address>0x4e2c</run_address>
         <size>0x124</size>
         <input_file_ref idref="fl-e2"/>
      </object_component>
      <object_component id="oc-320">
         <name>.text:scalbn</name>
         <load_address>0x4f50</load_address>
         <run_address>0x4f50</run_address>
         <size>0x110</size>
         <input_file_ref idref="fl-e1"/>
      </object_component>
      <object_component id="oc-383">
         <name>.text:aligned_alloc</name>
         <load_address>0x5060</load_address>
         <run_address>0x5060</run_address>
         <size>0x100</size>
         <input_file_ref idref="fl-d9"/>
      </object_component>
      <object_component id="oc-132">
         <name>.text</name>
         <load_address>0x5160</load_address>
         <run_address>0x5160</run_address>
         <size>0xfc</size>
         <input_file_ref idref="fl-ce"/>
      </object_component>
      <object_component id="oc-326">
         <name>.text:floor</name>
         <load_address>0x525c</load_address>
         <run_address>0x525c</run_address>
         <size>0xf8</size>
         <input_file_ref idref="fl-e0"/>
      </object_component>
      <object_component id="oc-1e5">
         <name>.text:free</name>
         <load_address>0x5354</load_address>
         <run_address>0x5354</run_address>
         <size>0xe4</size>
         <input_file_ref idref="fl-d9"/>
      </object_component>
      <object_component id="oc-2e5">
         <name>.text:_ltostr</name>
         <load_address>0x5438</load_address>
         <run_address>0x5438</run_address>
         <size>0xb1</size>
         <input_file_ref idref="fl-e2"/>
      </object_component>
      <object_component id="oc-3e">
         <name>.text</name>
         <load_address>0x54ea</load_address>
         <run_address>0x54ea</run_address>
         <size>0x9c</size>
         <input_file_ref idref="fl-d4"/>
      </object_component>
      <object_component id="oc-398">
         <name>.text</name>
         <load_address>0x5586</load_address>
         <run_address>0x5586</run_address>
         <size>0x96</size>
         <input_file_ref idref="fl-e4"/>
      </object_component>
      <object_component id="oc-107">
         <name>.text</name>
         <load_address>0x561c</load_address>
         <run_address>0x561c</run_address>
         <size>0x90</size>
         <input_file_ref idref="fl-a"/>
      </object_component>
      <object_component id="oc-21e">
         <name>.text:__aeabi_cdcmple</name>
         <load_address>0x56ac</load_address>
         <run_address>0x56ac</run_address>
         <size>0x86</size>
         <input_file_ref idref="fl-cc"/>
      </object_component>
      <object_component id="oc-23d">
         <name>.text:__aeabi_cdrcmple</name>
         <load_address>0x5732</load_address>
         <run_address>0x5732</run_address>
         <size>0x86</size>
         <input_file_ref idref="fl-cc"/>
      </object_component>
      <object_component id="oc-e3">
         <name>.text</name>
         <load_address>0x57b8</load_address>
         <run_address>0x57b8</run_address>
         <size>0x80</size>
         <input_file_ref idref="fl-4"/>
      </object_component>
      <object_component id="oc-96">
         <name>.text</name>
         <load_address>0x5838</load_address>
         <run_address>0x5838</run_address>
         <size>0x7a</size>
         <input_file_ref idref="fl-e3"/>
      </object_component>
      <object_component id="oc-40b">
         <name>.text:split</name>
         <load_address>0x58b4</load_address>
         <run_address>0x58b4</run_address>
         <size>0x70</size>
         <input_file_ref idref="fl-d9"/>
      </object_component>
      <object_component id="oc-3aa">
         <name>.text:_mcpy</name>
         <load_address>0x5924</load_address>
         <run_address>0x5924</run_address>
         <size>0x6e</size>
         <input_file_ref idref="fl-e2"/>
      </object_component>
      <object_component id="oc-113">
         <name>.text</name>
         <load_address>0x5992</load_address>
         <run_address>0x5992</run_address>
         <size>0x6e</size>
         <input_file_ref idref="fl-d0"/>
      </object_component>
      <object_component id="oc-15">
         <name>.text:decompress:lzss:__TI_decompress_lzss</name>
         <load_address>0x5a00</load_address>
         <run_address>0x5a00</run_address>
         <size>0x68</size>
         <input_file_ref idref="fl-d8"/>
      </object_component>
      <object_component id="oc-3bf">
         <name>.text:frexp</name>
         <load_address>0x5a68</load_address>
         <run_address>0x5a68</run_address>
         <size>0x64</size>
         <input_file_ref idref="fl-f3"/>
      </object_component>
      <object_component id="oc-2f1">
         <name>.text:_pconv_f</name>
         <load_address>0x5acc</load_address>
         <run_address>0x5acc</run_address>
         <size>0x56</size>
         <input_file_ref idref="fl-e2"/>
      </object_component>
      <object_component id="oc-39e">
         <name>.text:__TI_ltoa</name>
         <load_address>0x5b22</load_address>
         <run_address>0x5b22</run_address>
         <size>0x54</size>
         <input_file_ref idref="fl-ea"/>
      </object_component>
      <object_component id="oc-3a4">
         <name>.text:_ecpy</name>
         <load_address>0x5b76</load_address>
         <run_address>0x5b76</run_address>
         <size>0x52</size>
         <input_file_ref idref="fl-e2"/>
      </object_component>
      <object_component id="oc-2df">
         <name>.text:atoi</name>
         <load_address>0x5bc8</load_address>
         <run_address>0x5bc8</run_address>
         <size>0x4c</size>
         <input_file_ref idref="fl-ec"/>
      </object_component>
      <object_component id="oc-118">
         <name>.text</name>
         <load_address>0x5c14</load_address>
         <run_address>0x5c14</run_address>
         <size>0x48</size>
         <input_file_ref idref="fl-cf"/>
      </object_component>
      <object_component id="oc-15b">
         <name>.text:__TI_auto_init_nobinit_nopinit:__TI_auto_init_nobinit_nopinit</name>
         <load_address>0x5c5c</load_address>
         <run_address>0x5c5c</run_address>
         <size>0x44</size>
         <input_file_ref idref="fl-e5"/>
      </object_component>
      <object_component id="oc-1ce">
         <name>.text</name>
         <load_address>0x5ca0</load_address>
         <run_address>0x5ca0</run_address>
         <size>0x44</size>
         <input_file_ref idref="fl-d1"/>
      </object_component>
      <object_component id="oc-10d">
         <name>.text:sprintf</name>
         <load_address>0x5ce4</load_address>
         <run_address>0x5ce4</run_address>
         <size>0x40</size>
         <input_file_ref idref="fl-c9"/>
      </object_component>
      <object_component id="oc-1a1">
         <name>.text:vsnprintf</name>
         <load_address>0x5d24</load_address>
         <run_address>0x5d24</run_address>
         <size>0x40</size>
         <input_file_ref idref="fl-ca"/>
      </object_component>
      <object_component id="oc-3b7">
         <name>.text:_fcpy</name>
         <load_address>0x5d64</load_address>
         <run_address>0x5d64</run_address>
         <size>0x3e</size>
         <input_file_ref idref="fl-e2"/>
      </object_component>
      <object_component id="oc-1df">
         <name>.text:calloc</name>
         <load_address>0x5da4</load_address>
         <run_address>0x5da4</run_address>
         <size>0x38</size>
         <input_file_ref idref="fl-d9"/>
      </object_component>
      <object_component id="oc-11d">
         <name>.text</name>
         <load_address>0x5ddc</load_address>
         <run_address>0x5ddc</run_address>
         <size>0x38</size>
         <input_file_ref idref="fl-d2"/>
      </object_component>
      <object_component id="oc-18f">
         <name>.text:IntRegister</name>
         <load_address>0x5e14</load_address>
         <run_address>0x5e14</run_address>
         <size>0x34</size>
         <input_file_ref idref="fl-f5"/>
      </object_component>
      <object_component id="oc-5c">
         <name>.text:_c_int00_noargs:_c_int00_noargs</name>
         <load_address>0x5e48</load_address>
         <run_address>0x5e48</run_address>
         <size>0x34</size>
         <input_file_ref idref="fl-dd"/>
      </object_component>
      <object_component id="oc-281">
         <name>.text:_outs</name>
         <load_address>0x5e7c</load_address>
         <run_address>0x5e7c</run_address>
         <size>0x30</size>
         <input_file_ref idref="fl-ca"/>
      </object_component>
      <object_component id="oc-128">
         <name>.text</name>
         <load_address>0x5eac</load_address>
         <run_address>0x5eac</run_address>
         <size>0x2e</size>
         <input_file_ref idref="fl-d3"/>
      </object_component>
      <object_component id="oc-2c9">
         <name>.text:free_list_insert</name>
         <load_address>0x5edc</load_address>
         <run_address>0x5edc</run_address>
         <size>0x28</size>
         <input_file_ref idref="fl-d9"/>
      </object_component>
      <object_component id="oc-137">
         <name>.text</name>
         <load_address>0x5f04</load_address>
         <run_address>0x5f04</run_address>
         <size>0x20</size>
         <input_file_ref idref="fl-d5"/>
      </object_component>
      <object_component id="oc-4a">
         <name>.text:decompress:ZI:__TI_zero_init_nomemset:__TI_zero_init_nomemset</name>
         <load_address>0x5f24</load_address>
         <run_address>0x5f24</run_address>
         <size>0x1c</size>
         <input_file_ref idref="fl-d6"/>
      </object_component>
      <object_component id="oc-2c3">
         <name>.text:free_list_remove</name>
         <load_address>0x5f40</load_address>
         <run_address>0x5f40</run_address>
         <size>0x1c</size>
         <input_file_ref idref="fl-d9"/>
      </object_component>
      <object_component id="oc-303">
         <name>.text:memccpy</name>
         <load_address>0x5f5c</load_address>
         <run_address>0x5f5c</run_address>
         <size>0x1c</size>
         <input_file_ref idref="fl-ee"/>
      </object_component>
      <object_component id="oc-3e1">
         <name>.text:copysign</name>
         <load_address>0x5f78</load_address>
         <run_address>0x5f78</run_address>
         <size>0x1a</size>
         <input_file_ref idref="fl-f2"/>
      </object_component>
      <object_component id="oc-287">
         <name>.text:_outc</name>
         <load_address>0x5f92</load_address>
         <run_address>0x5f92</run_address>
         <size>0x18</size>
         <input_file_ref idref="fl-ca"/>
      </object_component>
      <object_component id="oc-205">
         <name>.text:_outs</name>
         <load_address>0x5faa</load_address>
         <run_address>0x5faa</run_address>
         <size>0x18</size>
         <input_file_ref idref="fl-c9"/>
      </object_component>
      <object_component id="oc-1eb">
         <name>.text:oi_parseInt</name>
         <load_address>0x5fc2</load_address>
         <run_address>0x5fc2</run_address>
         <size>0x18</size>
         <input_file_ref idref="fl-8"/>
      </object_component>
      <object_component id="oc-1a7">
         <name>.text:strcmp</name>
         <load_address>0x5fda</load_address>
         <run_address>0x5fda</run_address>
         <size>0x18</size>
         <input_file_ref idref="fl-da"/>
      </object_component>
      <object_component id="oc-3c5">
         <name>.text:strchr</name>
         <load_address>0x5ff2</load_address>
         <run_address>0x5ff2</run_address>
         <size>0x16</size>
         <input_file_ref idref="fl-ef"/>
      </object_component>
      <object_component id="oc-1ad">
         <name>.text:strcpy</name>
         <load_address>0x6008</load_address>
         <run_address>0x6008</run_address>
         <size>0x14</size>
         <input_file_ref idref="fl-db"/>
      </object_component>
      <object_component id="oc-2d9">
         <name>.text:strlen</name>
         <load_address>0x601c</load_address>
         <run_address>0x601c</run_address>
         <size>0x14</size>
         <input_file_ref idref="fl-f0"/>
      </object_component>
      <object_component id="oc-309">
         <name>.text:wcslen</name>
         <load_address>0x6030</load_address>
         <run_address>0x6030</run_address>
         <size>0x12</size>
         <input_file_ref idref="fl-f1"/>
      </object_component>
      <object_component id="oc-1bf">
         <name>.text:IntMasterEnable</name>
         <load_address>0x6042</load_address>
         <run_address>0x6042</run_address>
         <size>0x10</size>
         <input_file_ref idref="fl-f5"/>
      </object_component>
      <object_component id="oc-19a">
         <name>.text:lcd_clear</name>
         <load_address>0x6052</load_address>
         <run_address>0x6052</run_address>
         <size>0x10</size>
         <input_file_ref idref="fl-5"/>
      </object_component>
      <object_component id="oc-1b">
         <name>.text:decompress:none:__TI_decompress_none</name>
         <load_address>0x6062</load_address>
         <run_address>0x6062</run_address>
         <size>0xe</size>
         <input_file_ref idref="fl-d7"/>
      </object_component>
      <object_component id="oc-2a4">
         <name>.text:CPUcpsie</name>
         <load_address>0x6070</load_address>
         <run_address>0x6070</run_address>
         <size>0xc</size>
         <input_file_ref idref="fl-f6"/>
      </object_component>
      <object_component id="oc-2a">
         <name>.text</name>
         <load_address>0x607c</load_address>
         <run_address>0x607c</run_address>
         <size>0xc</size>
         <input_file_ref idref="fl-c"/>
      </object_component>
      <object_component id="oc-20b">
         <name>.text:_outc</name>
         <load_address>0x6088</load_address>
         <run_address>0x6088</run_address>
         <size>0xa</size>
         <input_file_ref idref="fl-c9"/>
      </object_component>
      <object_component id="oc-22f">
         <name>.text:__aeabi_errno_addr</name>
         <load_address>0x6094</load_address>
         <run_address>0x6094</run_address>
         <size>0x8</size>
         <input_file_ref idref="fl-de"/>
      </object_component>
      <object_component id="oc-2bc">
         <name>.text:malloc</name>
         <load_address>0x609c</load_address>
         <run_address>0x609c</run_address>
         <size>0x8</size>
         <input_file_ref idref="fl-d9"/>
      </object_component>
      <object_component id="oc-9c">
         <name>.text:_system_pre_init</name>
         <load_address>0x60a4</load_address>
         <run_address>0x60a4</run_address>
         <size>0x4</size>
         <input_file_ref idref="fl-e6"/>
      </object_component>
      <object_component id="oc-14f">
         <name>.text:abort:abort</name>
         <load_address>0x60a8</load_address>
         <run_address>0x60a8</run_address>
         <size>0x4</size>
         <input_file_ref idref="fl-e8"/>
      </object_component>
      <object_component id="oc-32c">
         <name>.const:$O1$$</name>
         <load_address>0x60b0</load_address>
         <run_address>0x60b0</run_address>
         <size>0x158</size>
         <input_file_ref idref="fl-dc"/>
      </object_component>
      <object_component id="oc-393">
         <name>.const:.string:_ctypes_</name>
         <load_address>0x6208</load_address>
         <run_address>0x6208</run_address>
         <size>0x101</size>
         <input_file_ref idref="fl-ed"/>
      </object_component>
      <object_component id="oc-1b3">
         <name>.const:.string:lineAddress$1</name>
         <load_address>0x6309</load_address>
         <run_address>0x6309</run_address>
         <size>0x4</size>
         <input_file_ref idref="fl-5"/>
      </object_component>
      <object_component id="oc-337">
         <name>.const:xxx</name>
         <load_address>0x6310</load_address>
         <run_address>0x6310</run_address>
         <size>0x80</size>
         <input_file_ref idref="fl-df"/>
      </object_component>
      <object_component id="oc-122">
         <name>.const:$P$T0$1</name>
         <load_address>0x6390</load_address>
         <run_address>0x6390</run_address>
         <size>0x78</size>
         <input_file_ref idref="fl-6"/>
      </object_component>
      <object_component id="oc-1f5">
         <name>.const:.string:$P$T0$3</name>
         <load_address>0x6408</load_address>
         <run_address>0x6408</run_address>
         <size>0xf</size>
         <input_file_ref idref="fl-8"/>
      </object_component>
      <object_component id="oc-1fb">
         <name>.const</name>
         <load_address>0x6418</load_address>
         <run_address>0x6418</run_address>
         <size>0x8</size>
         <input_file_ref idref="fl-a"/>
      </object_component>
      <object_component id="oc-1b4">
         <name>.const:.string:lineAddresses$2</name>
         <load_address>0x6420</load_address>
         <run_address>0x6420</run_address>
         <size>0x4</size>
         <input_file_ref idref="fl-5"/>
      </object_component>
      <object_component id="oc-474">
         <name>.cinit..data.load</name>
         <load_address>0x6428</load_address>
         <run_address>0x6428</run_address>
         <size>0x3b</size>
      </object_component>
      <object_component id="oc-471">
         <name>__TI_handler_table</name>
         <load_address>0x6464</load_address>
         <run_address>0x6464</run_address>
         <size>0xc</size>
      </object_component>
      <object_component id="oc-475">
         <name>.cinit..bss.load</name>
         <load_address>0x6470</load_address>
         <run_address>0x6470</run_address>
         <size>0x8</size>
      </object_component>
      <object_component id="oc-473">
         <name>.cinit..vtable.load</name>
         <load_address>0x6478</load_address>
         <run_address>0x6478</run_address>
         <size>0x8</size>
      </object_component>
      <object_component id="oc-472">
         <name>__TI_cinit_table</name>
         <load_address>0x6480</load_address>
         <run_address>0x6480</run_address>
         <size>0x18</size>
      </object_component>
      <object_component id="oc-275">
         <name>.vtable</name>
         <uninitialized>true</uninitialized>
         <run_address>0x20000000</run_address>
         <size>0x26c</size>
         <input_file_ref idref="fl-f5"/>
      </object_component>
      <object_component id="oc-195">
         <name>.data</name>
         <load_address>0x20002335</load_address>
         <run_address>0x20002335</run_address>
         <size>0x1</size>
         <input_file_ref idref="fl-2"/>
      </object_component>
      <object_component id="oc-1bd">
         <name>.data</name>
         <load_address>0x20002336</load_address>
         <run_address>0x20002336</run_address>
         <size>0x1</size>
         <input_file_ref idref="fl-4"/>
      </object_component>
      <object_component id="oc-1f2">
         <name>.data</name>
         <load_address>0x200022e4</load_address>
         <run_address>0x200022e4</run_address>
         <size>0x20</size>
         <input_file_ref idref="fl-8"/>
      </object_component>
      <object_component id="oc-1d3">
         <name>.data</name>
         <load_address>0x20002304</load_address>
         <run_address>0x20002304</run_address>
         <size>0x18</size>
         <input_file_ref idref="fl-9"/>
      </object_component>
      <object_component id="oc-1da">
         <name>.data</name>
         <load_address>0x2000232c</load_address>
         <run_address>0x2000232c</run_address>
         <size>0x9</size>
         <input_file_ref idref="fl-b"/>
      </object_component>
      <object_component id="oc-125">
         <name>.data</name>
         <load_address>0x2000231c</load_address>
         <run_address>0x2000231c</run_address>
         <size>0x10</size>
         <input_file_ref idref="fl-d"/>
      </object_component>
      <object_component id="oc-38a">
         <name>.data:$O1$$</name>
         <load_address>0x20002340</load_address>
         <run_address>0x20002340</run_address>
         <size>0x8</size>
         <input_file_ref idref="fl-d9"/>
      </object_component>
      <object_component id="oc-33c">
         <name>.data</name>
         <load_address>0x20002348</load_address>
         <run_address>0x20002348</run_address>
         <size>0x4</size>
         <input_file_ref idref="fl-de"/>
      </object_component>
      <object_component id="oc-259">
         <name>.data:$O1$$</name>
         <load_address>0x20002338</load_address>
         <run_address>0x20002338</run_address>
         <size>0x8</size>
         <input_file_ref idref="fl-e9"/>
      </object_component>
      <object_component id="oc-1b5">
         <name>.bss:lastbuffer$3</name>
         <uninitialized>true</uninitialized>
         <run_address>0x20002270</run_address>
         <size>0x54</size>
         <input_file_ref idref="fl-5"/>
      </object_component>
      <object_component id="oc-1f8">
         <name>.bss:firmware$2</name>
         <uninitialized>true</uninitialized>
         <run_address>0x200022c4</run_address>
         <size>0x18</size>
         <input_file_ref idref="fl-8"/>
      </object_component>
      <object_component id="oc-198">
         <name>.common:_timeout_ticks</name>
         <uninitialized>true</uninitialized>
         <run_address>0x200022dc</run_address>
         <size>0x4</size>
      </object_component>
      <object_component id="oc-1d6">
         <name>.common:time_diff</name>
         <uninitialized>true</uninitialized>
         <run_address>0x200022e0</run_address>
         <size>0x4</size>
      </object_component>
      <object_component id="oc-24">
         <name>.sysmem</name>
         <uninitialized>true</uninitialized>
         <run_address>0x20001270</run_address>
         <size>0x10</size>
         <input_file_ref idref="fl-d9"/>
      </object_component>
      <object_component id="oc-478">
         <name>.sysmem</name>
         <uninitialized>true</uninitialized>
         <run_address>0x20001270</run_address>
         <size>0x0</size>
      </object_component>
      <object_component id="oc-27">
         <name>.stack</name>
         <uninitialized>true</uninitialized>
         <run_address>0x20000270</run_address>
         <size>0x4</size>
         <input_file_ref idref="fl-dd"/>
      </object_component>
      <object_component id="oc-477">
         <name>.stack</name>
         <uninitialized>true</uninitialized>
         <run_address>0x20000270</run_address>
         <size>0x0</size>
      </object_component>
      <object_component id="oc-c5">
         <name>.debug_info</name>
         <load_address>0x0</load_address>
         <run_address>0x0</run_address>
         <size>0x2b9</size>
         <input_file_ref idref="fl-2"/>
      </object_component>
      <object_component id="oc-196">
         <name>.debug_info</name>
         <load_address>0x2b9</load_address>
         <run_address>0x2b9</run_address>
         <size>0xc7</size>
         <input_file_ref idref="fl-2"/>
      </object_component>
      <object_component id="oc-d8">
         <name>.debug_info</name>
         <load_address>0x380</load_address>
         <run_address>0x380</run_address>
         <size>0x50f</size>
         <input_file_ref idref="fl-2"/>
      </object_component>
      <object_component id="oc-77">
         <name>.debug_info</name>
         <load_address>0x88f</load_address>
         <run_address>0x88f</run_address>
         <size>0x26b</size>
         <input_file_ref idref="fl-2"/>
      </object_component>
      <object_component id="oc-39">
         <name>.debug_info</name>
         <load_address>0xafa</load_address>
         <run_address>0xafa</run_address>
         <size>0x84</size>
         <input_file_ref idref="fl-2"/>
      </object_component>
      <object_component id="oc-c0">
         <name>.debug_info</name>
         <load_address>0xb7e</load_address>
         <run_address>0xb7e</run_address>
         <size>0x2a4</size>
         <input_file_ref idref="fl-2"/>
      </object_component>
      <object_component id="oc-7c">
         <name>.debug_info</name>
         <load_address>0xe22</load_address>
         <run_address>0xe22</run_address>
         <size>0xbb</size>
         <input_file_ref idref="fl-2"/>
      </object_component>
      <object_component id="oc-1cd">
         <name>.debug_info</name>
         <load_address>0xedd</load_address>
         <run_address>0xedd</run_address>
         <size>0x369</size>
         <input_file_ref idref="fl-3"/>
      </object_component>
      <object_component id="oc-f1">
         <name>.debug_info</name>
         <load_address>0x1246</load_address>
         <run_address>0x1246</run_address>
         <size>0x359</size>
         <input_file_ref idref="fl-3"/>
      </object_component>
      <object_component id="oc-29f">
         <name>.debug_info</name>
         <load_address>0x159f</load_address>
         <run_address>0x159f</run_address>
         <size>0xcc</size>
         <input_file_ref idref="fl-3"/>
      </object_component>
      <object_component id="oc-1b8">
         <name>.debug_info</name>
         <load_address>0x166b</load_address>
         <run_address>0x166b</run_address>
         <size>0x2c</size>
         <input_file_ref idref="fl-3"/>
      </object_component>
      <object_component id="oc-250">
         <name>.debug_info</name>
         <load_address>0x1697</load_address>
         <run_address>0x1697</run_address>
         <size>0x35</size>
         <input_file_ref idref="fl-3"/>
      </object_component>
      <object_component id="oc-e4">
         <name>.debug_info</name>
         <load_address>0x16cc</load_address>
         <run_address>0x16cc</run_address>
         <size>0x17c</size>
         <input_file_ref idref="fl-4"/>
      </object_component>
      <object_component id="oc-1b7">
         <name>.debug_info</name>
         <load_address>0x1848</load_address>
         <run_address>0x1848</run_address>
         <size>0x387</size>
         <input_file_ref idref="fl-5"/>
      </object_component>
      <object_component id="oc-19b">
         <name>.debug_info</name>
         <load_address>0x1bcf</load_address>
         <run_address>0x1bcf</run_address>
         <size>0x11c</size>
         <input_file_ref idref="fl-5"/>
      </object_component>
      <object_component id="oc-df">
         <name>.debug_info</name>
         <load_address>0x1ceb</load_address>
         <run_address>0x1ceb</run_address>
         <size>0x8a8</size>
         <input_file_ref idref="fl-5"/>
      </object_component>
      <object_component id="oc-14e">
         <name>.debug_info</name>
         <load_address>0x2593</load_address>
         <run_address>0x2593</run_address>
         <size>0x5fa</size>
         <input_file_ref idref="fl-6"/>
      </object_component>
      <object_component id="oc-123">
         <name>.debug_info</name>
         <load_address>0x2b8d</load_address>
         <run_address>0x2b8d</run_address>
         <size>0xc3</size>
         <input_file_ref idref="fl-6"/>
      </object_component>
      <object_component id="oc-a3">
         <name>.debug_info</name>
         <load_address>0x2c50</load_address>
         <run_address>0x2c50</run_address>
         <size>0x85b</size>
         <input_file_ref idref="fl-6"/>
      </object_component>
      <object_component id="oc-246">
         <name>.debug_info</name>
         <load_address>0x34ab</load_address>
         <run_address>0x34ab</run_address>
         <size>0x5aa</size>
         <input_file_ref idref="fl-6"/>
      </object_component>
      <object_component id="oc-24b">
         <name>.debug_info</name>
         <load_address>0x3a55</load_address>
         <run_address>0x3a55</run_address>
         <size>0xae</size>
         <input_file_ref idref="fl-6"/>
      </object_component>
      <object_component id="oc-243">
         <name>.debug_info</name>
         <load_address>0x3b03</load_address>
         <run_address>0x3b03</run_address>
         <size>0x387</size>
         <input_file_ref idref="fl-7"/>
      </object_component>
      <object_component id="oc-149">
         <name>.debug_info</name>
         <load_address>0x3e8a</load_address>
         <run_address>0x3e8a</run_address>
         <size>0x97f</size>
         <input_file_ref idref="fl-7"/>
      </object_component>
      <object_component id="oc-1fa">
         <name>.debug_info</name>
         <load_address>0x4809</load_address>
         <run_address>0x4809</run_address>
         <size>0x404</size>
         <input_file_ref idref="fl-8"/>
      </object_component>
      <object_component id="oc-1f3">
         <name>.debug_info</name>
         <load_address>0x4c0d</load_address>
         <run_address>0x4c0d</run_address>
         <size>0x119</size>
         <input_file_ref idref="fl-8"/>
      </object_component>
      <object_component id="oc-1f6">
         <name>.debug_info</name>
         <load_address>0x4d26</load_address>
         <run_address>0x4d26</run_address>
         <size>0xce</size>
         <input_file_ref idref="fl-8"/>
      </object_component>
      <object_component id="oc-1ed">
         <name>.debug_info</name>
         <load_address>0x4df4</load_address>
         <run_address>0x4df4</run_address>
         <size>0x146</size>
         <input_file_ref idref="fl-8"/>
      </object_component>
      <object_component id="oc-103">
         <name>.debug_info</name>
         <load_address>0x4f3a</load_address>
         <run_address>0x4f3a</run_address>
         <size>0x1990</size>
         <input_file_ref idref="fl-8"/>
      </object_component>
      <object_component id="oc-1c6">
         <name>.debug_info</name>
         <load_address>0x68ca</load_address>
         <run_address>0x68ca</run_address>
         <size>0x8b</size>
         <input_file_ref idref="fl-8"/>
      </object_component>
      <object_component id="oc-1d7">
         <name>.debug_info</name>
         <load_address>0x6955</load_address>
         <run_address>0x6955</run_address>
         <size>0x350</size>
         <input_file_ref idref="fl-9"/>
      </object_component>
      <object_component id="oc-1d4">
         <name>.debug_info</name>
         <load_address>0x6ca5</load_address>
         <run_address>0x6ca5</run_address>
         <size>0x1a6</size>
         <input_file_ref idref="fl-9"/>
      </object_component>
      <object_component id="oc-f6">
         <name>.debug_info</name>
         <load_address>0x6e4b</load_address>
         <run_address>0x6e4b</run_address>
         <size>0x2ed</size>
         <input_file_ref idref="fl-9"/>
      </object_component>
      <object_component id="oc-2b4">
         <name>.debug_info</name>
         <load_address>0x7138</load_address>
         <run_address>0x7138</run_address>
         <size>0x44</size>
         <input_file_ref idref="fl-9"/>
      </object_component>
      <object_component id="oc-2d8">
         <name>.debug_info</name>
         <load_address>0x717c</load_address>
         <run_address>0x717c</run_address>
         <size>0x2d5</size>
         <input_file_ref idref="fl-a"/>
      </object_component>
      <object_component id="oc-1fc">
         <name>.debug_info</name>
         <load_address>0x7451</load_address>
         <run_address>0x7451</run_address>
         <size>0xd5</size>
         <input_file_ref idref="fl-a"/>
      </object_component>
      <object_component id="oc-108">
         <name>.debug_info</name>
         <load_address>0x7526</load_address>
         <run_address>0x7526</run_address>
         <size>0x1e0</size>
         <input_file_ref idref="fl-a"/>
      </object_component>
      <object_component id="oc-1de">
         <name>.debug_info</name>
         <load_address>0x7706</load_address>
         <run_address>0x7706</run_address>
         <size>0x355</size>
         <input_file_ref idref="fl-b"/>
      </object_component>
      <object_component id="oc-1db">
         <name>.debug_info</name>
         <load_address>0x7a5b</load_address>
         <run_address>0x7a5b</run_address>
         <size>0x109</size>
         <input_file_ref idref="fl-b"/>
      </object_component>
      <object_component id="oc-fe">
         <name>.debug_info</name>
         <load_address>0x7b64</load_address>
         <run_address>0x7b64</run_address>
         <size>0x491</size>
         <input_file_ref idref="fl-b"/>
      </object_component>
      <object_component id="oc-32">
         <name>.debug_info</name>
         <load_address>0x7ff5</load_address>
         <run_address>0x7ff5</run_address>
         <size>0x29c</size>
         <input_file_ref idref="fl-c"/>
      </object_component>
      <object_component id="oc-13">
         <name>.debug_info</name>
         <load_address>0x8291</load_address>
         <run_address>0x8291</run_address>
         <size>0xdb</size>
         <input_file_ref idref="fl-c"/>
      </object_component>
      <object_component id="oc-2d">
         <name>.debug_info</name>
         <load_address>0x836c</load_address>
         <run_address>0x836c</run_address>
         <size>0x257</size>
         <input_file_ref idref="fl-c"/>
      </object_component>
      <object_component id="oc-1cb">
         <name>.debug_info</name>
         <load_address>0x85c3</load_address>
         <run_address>0x85c3</run_address>
         <size>0x2cf</size>
         <input_file_ref idref="fl-d"/>
      </object_component>
      <object_component id="oc-126">
         <name>.debug_info</name>
         <load_address>0x8892</load_address>
         <run_address>0x8892</run_address>
         <size>0x2ea</size>
         <input_file_ref idref="fl-d"/>
      </object_component>
      <object_component id="oc-ea">
         <name>.debug_info</name>
         <load_address>0x8b7c</load_address>
         <run_address>0x8b7c</run_address>
         <size>0x337</size>
         <input_file_ref idref="fl-d"/>
      </object_component>
      <object_component id="oc-236">
         <name>.debug_info</name>
         <load_address>0x8eb3</load_address>
         <run_address>0x8eb3</run_address>
         <size>0x36a</size>
         <input_file_ref idref="fl-c8"/>
      </object_component>
      <object_component id="oc-13d">
         <name>.debug_info</name>
         <load_address>0x921d</load_address>
         <run_address>0x921d</run_address>
         <size>0x5d4</size>
         <input_file_ref idref="fl-c8"/>
      </object_component>
      <object_component id="oc-343">
         <name>.debug_info</name>
         <load_address>0x97f1</load_address>
         <run_address>0x97f1</run_address>
         <size>0x46</size>
         <input_file_ref idref="fl-c8"/>
      </object_component>
      <object_component id="oc-237">
         <name>.debug_info</name>
         <load_address>0x9837</load_address>
         <run_address>0x9837</run_address>
         <size>0x39</size>
         <input_file_ref idref="fl-c8"/>
      </object_component>
      <object_component id="oc-212">
         <name>.debug_info</name>
         <load_address>0x9870</load_address>
         <run_address>0x9870</run_address>
         <size>0x333</size>
         <input_file_ref idref="fl-c9"/>
      </object_component>
      <object_component id="oc-10e">
         <name>.debug_info</name>
         <load_address>0x9ba3</load_address>
         <run_address>0x9ba3</run_address>
         <size>0x1d1</size>
         <input_file_ref idref="fl-c9"/>
      </object_component>
      <object_component id="oc-206">
         <name>.debug_info</name>
         <load_address>0x9d74</load_address>
         <run_address>0x9d74</run_address>
         <size>0x18d</size>
         <input_file_ref idref="fl-c9"/>
      </object_component>
      <object_component id="oc-20c">
         <name>.debug_info</name>
         <load_address>0x9f01</load_address>
         <run_address>0x9f01</run_address>
         <size>0x16d</size>
         <input_file_ref idref="fl-c9"/>
      </object_component>
      <object_component id="oc-28f">
         <name>.debug_info</name>
         <load_address>0xa06e</load_address>
         <run_address>0xa06e</run_address>
         <size>0x2c</size>
         <input_file_ref idref="fl-c9"/>
      </object_component>
      <object_component id="oc-28e">
         <name>.debug_info</name>
         <load_address>0xa09a</load_address>
         <run_address>0xa09a</run_address>
         <size>0x340</size>
         <input_file_ref idref="fl-ca"/>
      </object_component>
      <object_component id="oc-1a2">
         <name>.debug_info</name>
         <load_address>0xa3da</load_address>
         <run_address>0xa3da</run_address>
         <size>0x208</size>
         <input_file_ref idref="fl-ca"/>
      </object_component>
      <object_component id="oc-282">
         <name>.debug_info</name>
         <load_address>0xa5e2</load_address>
         <run_address>0xa5e2</run_address>
         <size>0x1c6</size>
         <input_file_ref idref="fl-ca"/>
      </object_component>
      <object_component id="oc-28b">
         <name>.debug_info</name>
         <load_address>0xa7a8</load_address>
         <run_address>0xa7a8</run_address>
         <size>0x179</size>
         <input_file_ref idref="fl-ca"/>
      </object_component>
      <object_component id="oc-294">
         <name>.debug_info</name>
         <load_address>0xa921</load_address>
         <run_address>0xa921</run_address>
         <size>0x69</size>
         <input_file_ref idref="fl-ca"/>
      </object_component>
      <object_component id="oc-143">
         <name>.debug_info</name>
         <load_address>0xa98a</load_address>
         <run_address>0xa98a</run_address>
         <size>0x14c</size>
         <input_file_ref idref="fl-cb"/>
      </object_component>
      <object_component id="oc-221">
         <name>.debug_info</name>
         <load_address>0xaad6</load_address>
         <run_address>0xaad6</run_address>
         <size>0x128</size>
         <input_file_ref idref="fl-cc"/>
      </object_component>
      <object_component id="oc-23e">
         <name>.debug_info</name>
         <load_address>0xabfe</load_address>
         <run_address>0xabfe</run_address>
         <size>0x12a</size>
         <input_file_ref idref="fl-cc"/>
      </object_component>
      <object_component id="oc-130">
         <name>.debug_info</name>
         <load_address>0xad28</load_address>
         <run_address>0xad28</run_address>
         <size>0x13a</size>
         <input_file_ref idref="fl-cd"/>
      </object_component>
      <object_component id="oc-134">
         <name>.debug_info</name>
         <load_address>0xae62</load_address>
         <run_address>0xae62</run_address>
         <size>0x13a</size>
         <input_file_ref idref="fl-ce"/>
      </object_component>
      <object_component id="oc-119">
         <name>.debug_info</name>
         <load_address>0xaf9c</load_address>
         <run_address>0xaf9c</run_address>
         <size>0x12e</size>
         <input_file_ref idref="fl-cf"/>
      </object_component>
      <object_component id="oc-116">
         <name>.debug_info</name>
         <load_address>0xb0ca</load_address>
         <run_address>0xb0ca</run_address>
         <size>0x13e</size>
         <input_file_ref idref="fl-d0"/>
      </object_component>
      <object_component id="oc-1d0">
         <name>.debug_info</name>
         <load_address>0xb208</load_address>
         <run_address>0xb208</run_address>
         <size>0x139</size>
         <input_file_ref idref="fl-d1"/>
      </object_component>
      <object_component id="oc-11e">
         <name>.debug_info</name>
         <load_address>0xb341</load_address>
         <run_address>0xb341</run_address>
         <size>0x12c</size>
         <input_file_ref idref="fl-d2"/>
      </object_component>
      <object_component id="oc-12a">
         <name>.debug_info</name>
         <load_address>0xb46d</load_address>
         <run_address>0xb46d</run_address>
         <size>0x12c</size>
         <input_file_ref idref="fl-d3"/>
      </object_component>
      <object_component id="oc-40">
         <name>.debug_info</name>
         <load_address>0xb599</load_address>
         <run_address>0xb599</run_address>
         <size>0x119</size>
         <input_file_ref idref="fl-d4"/>
      </object_component>
      <object_component id="oc-139">
         <name>.debug_info</name>
         <load_address>0xb6b2</load_address>
         <run_address>0xb6b2</run_address>
         <size>0x12e</size>
         <input_file_ref idref="fl-d5"/>
      </object_component>
      <object_component id="oc-95">
         <name>.debug_info</name>
         <load_address>0xb7e0</load_address>
         <run_address>0xb7e0</run_address>
         <size>0x2d4</size>
         <input_file_ref idref="fl-d6"/>
      </object_component>
      <object_component id="oc-4e">
         <name>.debug_info</name>
         <load_address>0xbab4</load_address>
         <run_address>0xbab4</run_address>
         <size>0x1d2</size>
         <input_file_ref idref="fl-d6"/>
      </object_component>
      <object_component id="oc-90">
         <name>.debug_info</name>
         <load_address>0xbc86</load_address>
         <run_address>0xbc86</run_address>
         <size>0x46</size>
         <input_file_ref idref="fl-d6"/>
      </object_component>
      <object_component id="oc-ce">
         <name>.debug_info</name>
         <load_address>0xbccc</load_address>
         <run_address>0xbccc</run_address>
         <size>0x2c</size>
         <input_file_ref idref="fl-d6"/>
      </object_component>
      <object_component id="oc-49">
         <name>.debug_info</name>
         <load_address>0xbcf8</load_address>
         <run_address>0xbcf8</run_address>
         <size>0x2a8</size>
         <input_file_ref idref="fl-d7"/>
      </object_component>
      <object_component id="oc-1d">
         <name>.debug_info</name>
         <load_address>0xbfa0</load_address>
         <run_address>0xbfa0</run_address>
         <size>0x1ea</size>
         <input_file_ref idref="fl-d7"/>
      </object_component>
      <object_component id="oc-44">
         <name>.debug_info</name>
         <load_address>0xc18a</load_address>
         <run_address>0xc18a</run_address>
         <size>0x46</size>
         <input_file_ref idref="fl-d7"/>
      </object_component>
      <object_component id="oc-88">
         <name>.debug_info</name>
         <load_address>0xc1d0</load_address>
         <run_address>0xc1d0</run_address>
         <size>0x2c</size>
         <input_file_ref idref="fl-d7"/>
      </object_component>
      <object_component id="oc-86">
         <name>.debug_info</name>
         <load_address>0xc1fc</load_address>
         <run_address>0xc1fc</run_address>
         <size>0x29e</size>
         <input_file_ref idref="fl-d8"/>
      </object_component>
      <object_component id="oc-17">
         <name>.debug_info</name>
         <load_address>0xc49a</load_address>
         <run_address>0xc49a</run_address>
         <size>0x250</size>
         <input_file_ref idref="fl-d8"/>
      </object_component>
      <object_component id="oc-34">
         <name>.debug_info</name>
         <load_address>0xc6ea</load_address>
         <run_address>0xc6ea</run_address>
         <size>0x60</size>
         <input_file_ref idref="fl-d8"/>
      </object_component>
      <object_component id="oc-c7">
         <name>.debug_info</name>
         <load_address>0xc74a</load_address>
         <run_address>0xc74a</run_address>
         <size>0x46</size>
         <input_file_ref idref="fl-d8"/>
      </object_component>
      <object_component id="oc-81">
         <name>.debug_info</name>
         <load_address>0xc790</load_address>
         <run_address>0xc790</run_address>
         <size>0x39</size>
         <input_file_ref idref="fl-d8"/>
      </object_component>
      <object_component id="oc-70">
         <name>.debug_info</name>
         <load_address>0xc7c9</load_address>
         <run_address>0xc7c9</run_address>
         <size>0x3b2</size>
         <input_file_ref idref="fl-d9"/>
      </object_component>
      <object_component id="oc-25">
         <name>.debug_info</name>
         <load_address>0xcb7b</load_address>
         <run_address>0xcb7b</run_address>
         <size>0x10c</size>
         <input_file_ref idref="fl-d9"/>
      </object_component>
      <object_component id="oc-38b">
         <name>.debug_info</name>
         <load_address>0xcc87</load_address>
         <run_address>0xcc87</run_address>
         <size>0x13f</size>
         <input_file_ref idref="fl-d9"/>
      </object_component>
      <object_component id="oc-2c0">
         <name>.debug_info</name>
         <load_address>0xcdc6</load_address>
         <run_address>0xcdc6</run_address>
         <size>0x168</size>
         <input_file_ref idref="fl-d9"/>
      </object_component>
      <object_component id="oc-2c7">
         <name>.debug_info</name>
         <load_address>0xcf2e</load_address>
         <run_address>0xcf2e</run_address>
         <size>0x18e</size>
         <input_file_ref idref="fl-d9"/>
      </object_component>
      <object_component id="oc-2cd">
         <name>.debug_info</name>
         <load_address>0xd0bc</load_address>
         <run_address>0xd0bc</run_address>
         <size>0x19f</size>
         <input_file_ref idref="fl-d9"/>
      </object_component>
      <object_component id="oc-1e9">
         <name>.debug_info</name>
         <load_address>0xd25b</load_address>
         <run_address>0xd25b</run_address>
         <size>0x203</size>
         <input_file_ref idref="fl-d9"/>
      </object_component>
      <object_component id="oc-40f">
         <name>.debug_info</name>
         <load_address>0xd45e</load_address>
         <run_address>0xd45e</run_address>
         <size>0x1db</size>
         <input_file_ref idref="fl-d9"/>
      </object_component>
      <object_component id="oc-1e3">
         <name>.debug_info</name>
         <load_address>0xd639</load_address>
         <run_address>0xd639</run_address>
         <size>0x1a5</size>
         <input_file_ref idref="fl-d9"/>
      </object_component>
      <object_component id="oc-387">
         <name>.debug_info</name>
         <load_address>0xd7de</load_address>
         <run_address>0xd7de</run_address>
         <size>0x299</size>
         <input_file_ref idref="fl-d9"/>
      </object_component>
      <object_component id="oc-bb">
         <name>.debug_info</name>
         <load_address>0xda77</load_address>
         <run_address>0xda77</run_address>
         <size>0xb2</size>
         <input_file_ref idref="fl-d9"/>
      </object_component>
      <object_component id="oc-b6">
         <name>.debug_info</name>
         <load_address>0xdb29</load_address>
         <run_address>0xdb29</run_address>
         <size>0x2c</size>
         <input_file_ref idref="fl-d9"/>
      </object_component>
      <object_component id="oc-29a">
         <name>.debug_info</name>
         <load_address>0xdb55</load_address>
         <run_address>0xdb55</run_address>
         <size>0x28a</size>
         <input_file_ref idref="fl-da"/>
      </object_component>
      <object_component id="oc-1a8">
         <name>.debug_info</name>
         <load_address>0xdddf</load_address>
         <run_address>0xdddf</run_address>
         <size>0x273</size>
         <input_file_ref idref="fl-da"/>
      </object_component>
      <object_component id="oc-29c">
         <name>.debug_info</name>
         <load_address>0xe052</load_address>
         <run_address>0xe052</run_address>
         <size>0x2a4</size>
         <input_file_ref idref="fl-db"/>
      </object_component>
      <object_component id="oc-1b0">
         <name>.debug_info</name>
         <load_address>0xe2f6</load_address>
         <run_address>0xe2f6</run_address>
         <size>0x24d</size>
         <input_file_ref idref="fl-db"/>
      </object_component>
      <object_component id="oc-330">
         <name>.debug_info</name>
         <load_address>0xe543</load_address>
         <run_address>0xe543</run_address>
         <size>0x3aa</size>
         <input_file_ref idref="fl-dc"/>
      </object_component>
      <object_component id="oc-32d">
         <name>.debug_info</name>
         <load_address>0xe8ed</load_address>
         <run_address>0xe8ed</run_address>
         <size>0x13a</size>
         <input_file_ref idref="fl-dc"/>
      </object_component>
      <object_component id="oc-227">
         <name>.debug_info</name>
         <load_address>0xea27</load_address>
         <run_address>0xea27</run_address>
         <size>0x72f</size>
         <input_file_ref idref="fl-dc"/>
      </object_component>
      <object_component id="oc-3ef">
         <name>.debug_info</name>
         <load_address>0xf156</load_address>
         <run_address>0xf156</run_address>
         <size>0x39</size>
         <input_file_ref idref="fl-dc"/>
      </object_component>
      <object_component id="oc-332">
         <name>.debug_info</name>
         <load_address>0xf18f</load_address>
         <run_address>0xf18f</run_address>
         <size>0x2c</size>
         <input_file_ref idref="fl-dc"/>
      </object_component>
      <object_component id="oc-28">
         <name>.debug_info</name>
         <load_address>0xf1bb</load_address>
         <run_address>0xf1bb</run_address>
         <size>0x10b</size>
         <input_file_ref idref="fl-dd"/>
      </object_component>
      <object_component id="oc-5f">
         <name>.debug_info</name>
         <load_address>0xf2c6</load_address>
         <run_address>0xf2c6</run_address>
         <size>0x1a9</size>
         <input_file_ref idref="fl-dd"/>
      </object_component>
      <object_component id="oc-340">
         <name>.debug_info</name>
         <load_address>0xf46f</load_address>
         <run_address>0xf46f</run_address>
         <size>0x289</size>
         <input_file_ref idref="fl-de"/>
      </object_component>
      <object_component id="oc-33d">
         <name>.debug_info</name>
         <load_address>0xf6f8</load_address>
         <run_address>0xf6f8</run_address>
         <size>0x10e</size>
         <input_file_ref idref="fl-de"/>
      </object_component>
      <object_component id="oc-231">
         <name>.debug_info</name>
         <load_address>0xf806</load_address>
         <run_address>0xf806</run_address>
         <size>0x14e</size>
         <input_file_ref idref="fl-de"/>
      </object_component>
      <object_component id="oc-33b">
         <name>.debug_info</name>
         <load_address>0xf954</load_address>
         <run_address>0xf954</run_address>
         <size>0x29b</size>
         <input_file_ref idref="fl-df"/>
      </object_component>
      <object_component id="oc-338">
         <name>.debug_info</name>
         <load_address>0xfbef</load_address>
         <run_address>0xfbef</run_address>
         <size>0xfa</size>
         <input_file_ref idref="fl-df"/>
      </object_component>
      <object_component id="oc-22b">
         <name>.debug_info</name>
         <load_address>0xfce9</load_address>
         <run_address>0xfce9</run_address>
         <size>0x5d3</size>
         <input_file_ref idref="fl-df"/>
      </object_component>
      <object_component id="oc-3ea">
         <name>.debug_info</name>
         <load_address>0x102bc</load_address>
         <run_address>0x102bc</run_address>
         <size>0x28a</size>
         <input_file_ref idref="fl-e0"/>
      </object_component>
      <object_component id="oc-327">
         <name>.debug_info</name>
         <load_address>0x10546</load_address>
         <run_address>0x10546</run_address>
         <size>0x22a</size>
         <input_file_ref idref="fl-e0"/>
      </object_component>
      <object_component id="oc-3e8">
         <name>.debug_info</name>
         <load_address>0x10770</load_address>
         <run_address>0x10770</run_address>
         <size>0x2f8</size>
         <input_file_ref idref="fl-e1"/>
      </object_component>
      <object_component id="oc-323">
         <name>.debug_info</name>
         <load_address>0x10a68</load_address>
         <run_address>0x10a68</run_address>
         <size>0x225</size>
         <input_file_ref idref="fl-e1"/>
      </object_component>
      <object_component id="oc-310">
         <name>.debug_info</name>
         <load_address>0x10c8d</load_address>
         <run_address>0x10c8d</run_address>
         <size>0x590</size>
         <input_file_ref idref="fl-e2"/>
      </object_component>
      <object_component id="oc-2e6">
         <name>.debug_info</name>
         <load_address>0x1121d</load_address>
         <run_address>0x1121d</run_address>
         <size>0x21e</size>
         <input_file_ref idref="fl-e2"/>
      </object_component>
      <object_component id="oc-3a5">
         <name>.debug_info</name>
         <load_address>0x1143b</load_address>
         <run_address>0x1143b</run_address>
         <size>0x1b3</size>
         <input_file_ref idref="fl-e2"/>
      </object_component>
      <object_component id="oc-3ab">
         <name>.debug_info</name>
         <load_address>0x115ee</load_address>
         <run_address>0x115ee</run_address>
         <size>0x21b</size>
         <input_file_ref idref="fl-e2"/>
      </object_component>
      <object_component id="oc-2ec">
         <name>.debug_info</name>
         <load_address>0x11809</load_address>
         <run_address>0x11809</run_address>
         <size>0x3c0</size>
         <input_file_ref idref="fl-e2"/>
      </object_component>
      <object_component id="oc-3b2">
         <name>.debug_info</name>
         <load_address>0x11bc9</load_address>
         <run_address>0x11bc9</run_address>
         <size>0x30a</size>
         <input_file_ref idref="fl-e2"/>
      </object_component>
      <object_component id="oc-3b8">
         <name>.debug_info</name>
         <load_address>0x11ed3</load_address>
         <run_address>0x11ed3</run_address>
         <size>0x215</size>
         <input_file_ref idref="fl-e2"/>
      </object_component>
      <object_component id="oc-2f2">
         <name>.debug_info</name>
         <load_address>0x120e8</load_address>
         <run_address>0x120e8</run_address>
         <size>0x215</size>
         <input_file_ref idref="fl-e2"/>
      </object_component>
      <object_component id="oc-2f8">
         <name>.debug_info</name>
         <load_address>0x122fd</load_address>
         <run_address>0x122fd</run_address>
         <size>0x304</size>
         <input_file_ref idref="fl-e2"/>
      </object_component>
      <object_component id="oc-2fe">
         <name>.debug_info</name>
         <load_address>0x12601</load_address>
         <run_address>0x12601</run_address>
         <size>0x4b5</size>
         <input_file_ref idref="fl-e2"/>
      </object_component>
      <object_component id="oc-200">
         <name>.debug_info</name>
         <load_address>0x12ab6</load_address>
         <run_address>0x12ab6</run_address>
         <size>0x5f4</size>
         <input_file_ref idref="fl-e2"/>
      </object_component>
      <object_component id="oc-311">
         <name>.debug_info</name>
         <load_address>0x130aa</load_address>
         <run_address>0x130aa</run_address>
         <size>0x86</size>
         <input_file_ref idref="fl-e2"/>
      </object_component>
      <object_component id="oc-3d7">
         <name>.debug_info</name>
         <load_address>0x13130</load_address>
         <run_address>0x13130</run_address>
         <size>0x39</size>
         <input_file_ref idref="fl-e2"/>
      </object_component>
      <object_component id="oc-434">
         <name>.debug_info</name>
         <load_address>0x13169</load_address>
         <run_address>0x13169</run_address>
         <size>0xb6</size>
         <input_file_ref idref="fl-e2"/>
      </object_component>
      <object_component id="oc-3dc">
         <name>.debug_info</name>
         <load_address>0x1321f</load_address>
         <run_address>0x1321f</run_address>
         <size>0x46</size>
         <input_file_ref idref="fl-e2"/>
      </object_component>
      <object_component id="oc-316">
         <name>.debug_info</name>
         <load_address>0x13265</load_address>
         <run_address>0x13265</run_address>
         <size>0x46</size>
         <input_file_ref idref="fl-e2"/>
      </object_component>
      <object_component id="oc-99">
         <name>.debug_info</name>
         <load_address>0x132ab</load_address>
         <run_address>0x132ab</run_address>
         <size>0x147</size>
         <input_file_ref idref="fl-e3"/>
      </object_component>
      <object_component id="oc-39a">
         <name>.debug_info</name>
         <load_address>0x133f2</load_address>
         <run_address>0x133f2</run_address>
         <size>0x134</size>
         <input_file_ref idref="fl-e4"/>
      </object_component>
      <object_component id="oc-260">
         <name>.debug_info</name>
         <load_address>0x13526</load_address>
         <run_address>0x13526</run_address>
         <size>0x4b3</size>
         <input_file_ref idref="fl-e5"/>
      </object_component>
      <object_component id="oc-15f">
         <name>.debug_info</name>
         <load_address>0x139d9</load_address>
         <run_address>0x139d9</run_address>
         <size>0x1a6</size>
         <input_file_ref idref="fl-e5"/>
      </object_component>
      <object_component id="oc-35b">
         <name>.debug_info</name>
         <load_address>0x13b7f</load_address>
         <run_address>0x13b7f</run_address>
         <size>0x39</size>
         <input_file_ref idref="fl-e5"/>
      </object_component>
      <object_component id="oc-3ff">
         <name>.debug_info</name>
         <load_address>0x13bb8</load_address>
         <run_address>0x13bb8</run_address>
         <size>0x39</size>
         <input_file_ref idref="fl-e5"/>
      </object_component>
      <object_component id="oc-360">
         <name>.debug_info</name>
         <load_address>0x13bf1</load_address>
[...]
         <object_component_ref idref="oc-101"/>
      </symbol>
      <symbol id="sm-2bd">
         <name>oi_play_song</name>
         <value>0x96b</value>
         <object_component_ref idref="oc-101"/>
      </symbol>
      <symbol id="sm-2be">
         <name>oi_parsePacket</name>
         <value>0x32b</value>
         <object_component_ref idref="oc-101"/>
      </symbol>
      <symbol id="sm-2bf">
         <name>oi_setLeds</name>
         <value>0x84b</value>
         <object_component_ref idref="oc-101"/>
      </symbol>
      <symbol id="sm-2c0">
         <name>oi_init</name>
         <value>0x2b1</value>
         <object_component_ref idref="oc-101"/>
      </symbol>
      <symbol id="sm-2c1">
         <name>oi_update</name>
         <value>0x2d9</value>
         <object_component_ref idref="oc-101"/>
      </symbol>
      <symbol id="sm-2c2">
         <name>oi_uartInit</name>
         <value>0x98d</value>
         <object_component_ref idref="oc-101"/>
      </symbol>
      <symbol id="sm-306">
         <name>time_diff</name>
         <value>0x200022e0</value>
      </symbol>
      <symbol id="sm-307">
         <name>last_time</name>
         <value>0x20002310</value>
         <object_component_ref idref="oc-1d3"/>
      </symbol>
      <symbol id="sm-308">
         <name>update_flag</name>
         <value>0x20002318</value>
         <object_component_ref idref="oc-1d3"/>
      </symbol>
      <symbol id="sm-309">
         <name>g_end_time</name>
         <value>0x20002308</value>
         <object_component_ref idref="oc-1d3"/>
      </symbol>
      <symbol id="sm-30a">
         <name>TIMER3B_Handler</name>
         <value>0x44d1</value>
         <object_component_ref idref="oc-f5"/>
      </symbol>
      <symbol id="sm-30b">
         <name>ping_init</name>
         <value>0x4379</value>
         <object_component_ref idref="oc-f5"/>
      </symbol>
      <symbol id="sm-30c">
         <name>g_state</name>
         <value>0x2000230c</value>
         <object_component_ref idref="oc-1d3"/>
      </symbol>
      <symbol id="sm-30d">
         <name>current_time</name>
         <value>0x20002314</value>
         <object_component_ref idref="oc-1d3"/>
      </symbol>
      <symbol id="sm-30e">
         <name>g_start_time</name>
         <value>0x20002304</value>
         <object_component_ref idref="oc-1d3"/>
      </symbol>
      <symbol id="sm-30f">
         <name>ping_getDistance</name>
         <value>0x4529</value>
         <object_component_ref idref="oc-f5"/>
      </symbol>
      <symbol id="sm-310">
         <name>overflow</name>
         <value>0x2000231a</value>
         <object_component_ref idref="oc-1d3"/>
      </symbol>
      <symbol id="sm-311">
         <name>ping_trigger</name>
         <value>0x443d</value>
         <object_component_ref idref="oc-f5"/>
      </symbol>
      <symbol id="sm-32e">
         <name>scan</name>
         <value>0x561d</value>
         <object_component_ref idref="oc-107"/>
      </symbol>
      <symbol id="sm-32f">
         <name>SONAR</name>
         <value>0x6418</value>
         <object_component_ref idref="oc-1fb"/>
      </symbol>
      <symbol id="sm-330">
         <name>IR</name>
         <value>0x641c</value>
         <object_component_ref idref="oc-1fb"/>
      </symbol>
      <symbol id="sm-370">
         <name>servo_move</name>
         <value>0x331b</value>
         <object_component_ref idref="oc-fb"/>
      </symbol>
      <symbol id="sm-371">
         <name>servo_init</name>
         <value>0x3269</value>
         <object_component_ref idref="oc-fb"/>
      </symbol>
      <symbol id="sm-372">
         <name>true_0</name>
         <value>0x2000232c</value>
         <object_component_ref idref="oc-1da"/>
      </symbol>
      <symbol id="sm-373">
         <name>calibrated</name>
         <value>0x20002334</value>
         <object_component_ref idref="oc-1da"/>
      </symbol>
      <symbol id="sm-374">
         <name>true_180</name>
         <value>0x20002330</value>
         <object_component_ref idref="oc-1da"/>
      </symbol>
      <symbol id="sm-375">
         <name>servo_calibrate</name>
         <value>0x33b5</value>
         <object_component_ref idref="oc-fb"/>
      </symbol>
      <symbol id="sm-391">
         <name>ResetISR</name>
         <value>0x607d</value>
         <object_component_ref idref="oc-2a"/>
      </symbol>
      <symbol id="sm-392">
         <name>g_pfnVectors</name>
         <value>0x0</value>
         <object_component_ref idref="oc-12"/>
      </symbol>
      <symbol id="sm-3e2">
         <name>UART1_Handler</name>
         <value>0x3f99</value>
         <object_component_ref idref="oc-e9"/>
      </symbol>
      <symbol id="sm-3e3">
         <name>command_byte_HALT</name>
         <value>0x20002324</value>
         <object_component_ref idref="oc-125"/>
      </symbol>
      <symbol id="sm-3e4">
         <name>command_byte_QUIT</name>
         <value>0x2000231e</value>
         <object_component_ref idref="oc-125"/>
      </symbol>
      <symbol id="sm-3e5">
         <name>command_byte_FORWARD</name>
         <value>0x20002320</value>
         <object_component_ref idref="oc-125"/>
      </symbol>
      <symbol id="sm-3e6">
         <name>command_byte_BACKWARD</name>
         <value>0x20002321</value>
         <object_component_ref idref="oc-125"/>
      </symbol>
      <symbol id="sm-3e7">
         <name>uart_sendChar</name>
         <value>0x3f5f</value>
         <object_component_ref idref="oc-e9"/>
      </symbol>
      <symbol id="sm-3e8">
         <name>command_byte_MANUAL</name>
         <value>0x2000231f</value>
         <object_component_ref idref="oc-125"/>
      </symbol>
      <symbol id="sm-3e9">
         <name>command_byte_GO</name>
         <value>0x2000231c</value>
         <object_component_ref idref="oc-125"/>
      </symbol>
      <symbol id="sm-3ea">
         <name>uart_interrupt_init</name>
         <value>0x3e85</value>
         <object_component_ref idref="oc-e9"/>
      </symbol>
      <symbol id="sm-3eb">
         <name>command_byte_STOP</name>
         <value>0x2000231d</value>
         <object_component_ref idref="oc-125"/>
      </symbol>
      <symbol id="sm-3ec">
         <name>command_byte_RIGHT</name>
         <value>0x20002323</value>
         <object_component_ref idref="oc-125"/>
      </symbol>
      <symbol id="sm-3ed">
         <name>command_byte_ESCAPE</name>
         <value>0x20002325</value>
         <object_component_ref idref="oc-125"/>
      </symbol>
      <symbol id="sm-3ee">
         <name>command_flag</name>
         <value>0x20002328</value>
         <object_component_ref idref="oc-125"/>
      </symbol>
      <symbol id="sm-3ef">
         <name>command_byte_LEFT</name>
         <value>0x20002322</value>
         <object_component_ref idref="oc-125"/>
      </symbol>
      <symbol id="sm-3f0">
         <name>uart_sendStr</name>
         <value>0x3f7b</value>
         <object_component_ref idref="oc-e9"/>
      </symbol>
      <symbol id="sm-44b">
         <name>tanl</name>
         <value>0x299d</value>
         <object_component_ref idref="oc-13c"/>
      </symbol>
      <symbol id="sm-44c">
         <name>tan</name>
         <value>0x299d</value>
         <object_component_ref idref="oc-13c"/>
      </symbol>
      <symbol id="sm-473">
         <name>sprintf</name>
         <value>0x5ce5</value>
         <object_component_ref idref="oc-10d"/>
      </symbol>
      <symbol id="sm-49d">
         <name>vsnprintf</name>
         <value>0x5d25</value>
         <object_component_ref idref="oc-1a1"/>
      </symbol>
      <symbol id="sm-4b4">
         <name>__aeabi_dsub</name>
         <value>0x4a01</value>
         <object_component_ref idref="oc-142"/>
      </symbol>
      <symbol id="sm-4b5">
         <name>__aeabi_dadd</name>
         <value>0x4a0b</value>
         <object_component_ref idref="oc-142"/>
      </symbol>
      <symbol id="sm-4d7">
         <name>__aeabi_cdcmpeq</name>
         <value>0x56ad</value>
         <object_component_ref idref="oc-21e"/>
      </symbol>
      <symbol id="sm-4d8">
         <name>__aeabi_cdcmple</name>
         <value>0x56ad</value>
         <object_component_ref idref="oc-21e"/>
      </symbol>
      <symbol id="sm-4d9">
         <name>__aeabi_cdrcmple</name>
         <value>0x5733</value>
         <object_component_ref idref="oc-23d"/>
      </symbol>
      <symbol id="sm-4ed">
         <name>__aeabi_ddiv</name>
         <value>0x4cf5</value>
         <object_component_ref idref="oc-12d"/>
      </symbol>
      <symbol id="sm-4f8">
         <name>__aeabi_dmul</name>
         <value>0x5161</value>
         <object_component_ref idref="oc-132"/>
      </symbol>
      <symbol id="sm-502">
         <name>__aeabi_d2iz</name>
         <value>0x5c15</value>
         <object_component_ref idref="oc-118"/>
      </symbol>
      <symbol id="sm-50e">
         <name>__aeabi_d2f</name>
         <value>0x5993</value>
         <object_component_ref idref="oc-113"/>
      </symbol>
      <symbol id="sm-518">
         <name>__aeabi_d2uiz</name>
         <value>0x5ca1</value>
         <object_component_ref idref="oc-1ce"/>
      </symbol>
      <symbol id="sm-523">
         <name>__aeabi_f2d</name>
         <value>0x5ddd</value>
         <object_component_ref idref="oc-11d"/>
      </symbol>
      <symbol id="sm-52d">
         <name>__aeabi_i2d</name>
         <value>0x5ead</value>
         <object_component_ref idref="oc-128"/>
      </symbol>
      <symbol id="sm-548">
         <name>memcpy</name>
         <value>0x54eb</value>
         <object_component_ref idref="oc-3e"/>
      </symbol>
      <symbol id="sm-549">
         <name>__aeabi_memcpy</name>
         <value>0x54eb</value>
         <object_component_ref idref="oc-3e"/>
      </symbol>
      <symbol id="sm-54a">
         <name>__aeabi_memcpy8</name>
         <value>0x54eb</value>
         <object_component_ref idref="oc-3e"/>
      </symbol>
      <symbol id="sm-54b">
         <name>__aeabi_memcpy4</name>
         <value>0x54eb</value>
         <object_component_ref idref="oc-3e"/>
      </symbol>
      <symbol id="sm-555">
         <name>__aeabi_ui2d</name>
         <value>0x5f05</value>
         <object_component_ref idref="oc-137"/>
      </symbol>
      <symbol id="sm-56e">
         <name>__TI_zero_init_nomemset</name>
         <value>0x5f25</value>
         <object_component_ref idref="oc-4a"/>
      </symbol>
      <symbol id="sm-585">
         <name>__TI_decompress_none</name>
         <value>0x6063</value>
         <object_component_ref idref="oc-1b"/>
      </symbol>
      <symbol id="sm-5a8">
         <name>__TI_decompress_lzss</name>
         <value>0x5a01</value>
         <object_component_ref idref="oc-15"/>
      </symbol>
      <symbol id="sm-63d">
         <name>_sys_memory</name>
         <value>0x20001270</value>
         <object_component_ref idref="oc-24"/>
      </symbol>
      <symbol id="sm-63e">
         <name>free</name>
         <value>0x5355</value>
         <object_component_ref idref="oc-1e5"/>
      </symbol>
      <symbol id="sm-63f">
         <name>memalign</name>
         <value>0x5061</value>
         <object_component_ref idref="oc-383"/>
      </symbol>
      <symbol id="sm-640">
         <name>calloc</name>
         <value>0x5da5</value>
         <object_component_ref idref="oc-1df"/>
      </symbol>
      <symbol id="sm-641">
         <name>malloc</name>
         <value>0x609d</value>
         <object_component_ref idref="oc-2bc"/>
      </symbol>
      <symbol id="sm-642">
         <name>aligned_alloc</name>
         <value>0x5061</value>
         <object_component_ref idref="oc-383"/>
      </symbol>
      <symbol id="sm-651">
         <name>strcmp</name>
         <value>0x5fdb</value>
         <object_component_ref idref="oc-1a7"/>
      </symbol>
      <symbol id="sm-65f">
         <name>strcpy</name>
         <value>0x6009</value>
         <object_component_ref idref="oc-1ad"/>
      </symbol>
      <symbol id="sm-6cf">
         <name>__kernel_rem_pio2</name>
         <value>0x2265</value>
         <object_component_ref idref="oc-223"/>
      </symbol>
      <symbol id="sm-6e2">
         <name>__stack</name>
         <value>0x20000270</value>
         <object_component_ref idref="oc-27"/>
      </symbol>
      <symbol id="sm-6e3">
         <name>_c_int00_noargs</name>
         <value>0x5e49</value>
         <object_component_ref idref="oc-5c"/>
      </symbol>
      <symbol id="sm-6f9">
         <name>__aeabi_errno_addr</name>
         <value>0x6095</value>
         <object_component_ref idref="oc-22f"/>
      </symbol>
      <symbol id="sm-6fa">
         <name>errno</name>
         <value>0x20002348</value>
         <object_component_ref idref="oc-33c"/>
      </symbol>
      <symbol id="sm-719">
         <name>__kernel_tan</name>
         <value>0x38d1</value>
         <object_component_ref idref="oc-229"/>
      </symbol>
      <symbol id="sm-736">
         <name>floorl</name>
         <value>0x525d</value>
         <object_component_ref idref="oc-326"/>
      </symbol>
      <symbol id="sm-737">
         <name>floor</name>
         <value>0x525d</value>
         <object_component_ref idref="oc-326"/>
      </symbol>
      <symbol id="sm-754">
         <name>scalbn</name>
         <value>0x4f51</value>
         <object_component_ref idref="oc-320"/>
      </symbol>
      <symbol id="sm-755">
         <name>scalbnl</name>
         <value>0x4f51</value>
         <object_component_ref idref="oc-320"/>
      </symbol>
      <symbol id="sm-756">
         <name>ldexpl</name>
         <value>0x4f51</value>
         <object_component_ref idref="oc-320"/>
      </symbol>
      <symbol id="sm-757">
         <name>ldexp</name>
         <value>0x4f51</value>
         <object_component_ref idref="oc-320"/>
      </symbol>
      <symbol id="sm-8bc">
         <name>__TI_printfi</name>
         <value>0xe8d</value>
         <object_component_ref idref="oc-1ff"/>
      </symbol>
      <symbol id="sm-8cb">
         <name>__aeabi_memset</name>
         <value>0x583b</value>
         <object_component_ref idref="oc-96"/>
      </symbol>
      <symbol id="sm-8cc">
         <name>memset</name>
         <value>0x5841</value>
         <object_component_ref idref="oc-96"/>
      </symbol>
      <symbol id="sm-8cd">
         <name>__aeabi_memset8</name>
         <value>0x583b</value>
         <object_component_ref idref="oc-96"/>
      </symbol>
      <symbol id="sm-8ce">
         <name>__aeabi_memset4</name>
         <value>0x583b</value>
         <object_component_ref idref="oc-96"/>
      </symbol>
      <symbol id="sm-8cf">
         <name>__aeabi_memclr8</name>
         <value>0x5839</value>
         <object_component_ref idref="oc-96"/>
      </symbol>
      <symbol id="sm-8d0">
         <name>__aeabi_memclr4</name>
         <value>0x5839</value>
         <object_component_ref idref="oc-96"/>
      </symbol>
      <symbol id="sm-8d1">
         <name>__aeabi_memclr</name>
         <value>0x5839</value>
         <object_component_ref idref="oc-96"/>
      </symbol>
      <symbol id="sm-8de">
         <name>__aeabi_uldivmod</name>
         <value>0x5587</value>
         <object_component_ref idref="oc-398"/>
      </symbol>
      <symbol id="sm-906">
         <name>__TI_auto_init_nobinit_nopinit</name>
         <value>0x5c5d</value>
         <object_component_ref idref="oc-15b"/>
      </symbol>
      <symbol id="sm-910">
         <name>_system_pre_init</name>
         <value>0x60a5</value>
         <object_component_ref idref="oc-9c"/>
      </symbol>
      <symbol id="sm-91c">
         <name>C$$EXIT</name>
         <value>0x60a9</value>
         <object_component_ref idref="oc-14f"/>
      </symbol>
      <symbol id="sm-91d">
         <name>abort</name>
         <value>0x60a9</value>
         <object_component_ref idref="oc-14f"/>
      </symbol>
      <symbol id="sm-932">
         <name>_nop</name>
         <value>0x18db</value>
         <object_component_ref idref="oc-34d"/>
      </symbol>
      <symbol id="sm-933">
         <name>_lock</name>
         <value>0x20002338</value>
         <object_component_ref idref="oc-259"/>
      </symbol>
      <symbol id="sm-934">
         <name>_unlock</name>
         <value>0x2000233c</value>
         <object_component_ref idref="oc-259"/>
      </symbol>
      <symbol id="sm-943">
         <name>__TI_ltoa</name>
         <value>0x5b23</value>
         <object_component_ref idref="oc-39e"/>
      </symbol>
      <symbol id="sm-95a">
         <name>atoi</name>
         <value>0x5bc9</value>
         <object_component_ref idref="oc-2df"/>
      </symbol>
      <symbol id="sm-965">
         <name>_ctypes_</name>
         <value>0x6208</value>
         <object_component_ref idref="oc-393"/>
      </symbol>
      <symbol id="sm-975">
         <name>memccpy</name>
         <value>0x5f5d</value>
         <object_component_ref idref="oc-303"/>
      </symbol>
      <symbol id="sm-985">
         <name>strchr</name>
         <value>0x5ff3</value>
         <object_component_ref idref="oc-3c5"/>
      </symbol>
      <symbol id="sm-993">
         <name>strlen</name>
         <value>0x601d</value>
         <object_component_ref idref="oc-2d9"/>
      </symbol>
      <symbol id="sm-9ac">
         <name>wcslen</name>
         <value>0x6031</value>
         <object_component_ref idref="oc-309"/>
      </symbol>
      <symbol id="sm-9b6">
         <name>copysign</name>
         <value>0x5f79</value>
         <object_component_ref idref="oc-3e1"/>
      </symbol>
      <symbol id="sm-9b7">
         <name>copysignl</name>
         <value>0x5f79</value>
         <object_component_ref idref="oc-3e1"/>
      </symbol>
      <symbol id="sm-9cd">
         <name>frexpl</name>
         <value>0x5a69</value>
         <object_component_ref idref="oc-3bf"/>
      </symbol>
      <symbol id="sm-9ce">
         <name>frexp</name>
         <value>0x5a69</value>
         <object_component_ref idref="oc-3bf"/>
      </symbol>
      <symbol id="sm-9d8">
         <name>__aeabi_idiv0</name>
         <value>0x4bb7</value>
         <object_component_ref idref="oc-41b"/>
      </symbol>
      <symbol id="sm-9d9">
         <name>__aeabi_ldiv0</name>
         <value>0x4bb7</value>
         <object_component_ref idref="oc-41b"/>
      </symbol>
      <symbol id="sm-a08">
         <name>IntRegister</name>
         <value>0x5e15</value>
         <object_component_ref idref="oc-18f"/>
      </symbol>
      <symbol id="sm-a09">
         <name>g_pfnRAMVectors</name>
         <value>0x20000000</value>
         <object_component_ref idref="oc-275"/>
      </symbol>
      <symbol id="sm-a0a">
         <name>IntMasterEnable</name>
         <value>0x6043</value>
         <object_component_ref idref="oc-1bf"/>
      </symbol>
      <symbol id="sm-a14">
         <name>CPUcpsie</name>
         <value>0x6071</value>
         <object_component_ref idref="oc-2a4"/>
      </symbol>
      <symbol id="sm-a15">
         <name>__TI_static_base__</name>
         <value>0x0</value>
      </symbol>
      <symbol id="sm-a18">
         <name>__mpu_init</name>
         <value>0x0</value>
      </symbol>
      <symbol id="sm-a19">
         <name>_system_post_cinit</name>
         <value>0x0</value>
      </symbol>
   </symbol_table>
   <title>Link successful</title>
</link_info>
