******************************************************************************
                  TI ARM Linker PC v20.2.7                     
******************************************************************************
>> Linked Tue Apr 15 12:13:34 2025

OUTPUT FILE NAME:   <Lab3.out>
ENTRY POINT SYMBOL: "_c_int00_noargs"  address: 00003bc9


MEMORY CONFIGURATION

         name            origin    length      used     unused   attr    fill
----------------------  --------  ---------  --------  --------  ----  --------
  FLASH                 00000000   00040000  00003f50  0003c0b0  R  X
  SRAM                  20000000   00008000  00002361  00005c9f  RW X


SEGMENT ALLOCATION MAP

run origin  load origin   length   init length attrs members
----------  ----------- ---------- ----------- ----- -------
00000000    00000000    00003f50   00003f50    r-x
  00000000    00000000    0000026c   0000026c    r-- .intvecs
  0000026c    0000026c    00003b7c   00003b7c    r-x .text
  00003de8    00003de8    00000118   00000118    r-- .const
  00003f00    00003f00    00000050   00000050    r-- .cinit
20000000    20000000    00002368   00000000    rw-
  20000000    20000000    0000026c   00000000    rw- .vtable
  20000270    20000270    00001000   00000000    rw- .stack
  20001270    20001270    00001000   00000000    rw- .sysmem
  20002270    20002270    000000b9   00000000    rw- .bss
  2000232c    2000232c    0000003c   00000000    rw- .data


SECTION ALLOCATION MAP

 output                                  attributes/
section   page    origin      length       input sections
--------  ----  ----------  ----------   ----------------
.intvecs   0    00000000    0000026c     
                  00000000    0000026c     tm4c123gh6pm_startup_ccs.obj (.intvecs)

.text      0    0000026c    00003b7c     
                  0000026c    00000c20     open_interface.obj (.text)
                  00000e8c    00000a4e     rtsv7M4_T_le_v4SPD16_eabi.lib : _printfi.c.obj (.text:__TI_printfi)
                  000018da    00000002                                   : _lock.c.obj (.text:_nop)
                  000018dc    00000328     libcybotScan.lib : lcd.obj (.text)
                  00001c04    00000270     rtsv7M4_T_le_v4SPD16_eabi.lib : _printfi.c.obj (.text:_pconv_a)
                  00001e74    00000260     libcybotScan.lib : cyBot_Scan.obj (.text)
                  000020d4    000001ec                      : ping.obj (.text)
                  000022c0    000001d0     rtsv7M4_T_le_v4SPD16_eabi.lib : _printfi.c.obj (.text:_pconv_g)
                  00002490    000001b6                                   : fd_add_t2.asm.obj (.text)
                  00002646    00000002                                   : div0.asm.obj (.text)
                  00002648    0000015c     libcybotUART.lib : uart.obj (.text)
                  000027a4    00000158     libcybotScan.lib : servo.obj (.text)
                  000028fc    00000158                      : timer.obj (.text)
                  00002a54    0000013c     rtsv7M4_T_le_v4SPD16_eabi.lib : _printfi.c.obj (.text:_pconv_e)
                  00002b90    00000136                                   : fd_div_t2.asm.obj (.text)
                  00002cc6    00000002     --HOLE-- [fill = 0]
                  00002cc8    00000124                                   : _printfi.c.obj (.text:fcvt)
                  00002dec    00000118     libcybotScan.lib : ir.obj (.text)
                  00002f04    00000110     rtsv7M4_T_le_v4SPD16_eabi.lib : s_scalbn.c.obj (.text:scalbn)
                  00003014    00000100                                   : memory.c.obj (.text:aligned_alloc)
                  00003114    000000fc                                   : fd_mul_t2.asm.obj (.text)
                  00003210    000000e4                                   : memory.c.obj (.text:free)
                  000032f4    000000b1                                   : _printfi.c.obj (.text:_ltostr)
                  000033a5    00000001     --HOLE-- [fill = 0]
                  000033a6    0000009c                                   : memcpy_t2.asm.obj (.text)
                  00003442    00000096                                   : ull_div_t2.asm.obj (.text)
                  000034d8    00000086                                   : fd_cmp_t2.asm.obj (.text:__aeabi_cdcmple)
                  0000355e    00000086                                   : fd_cmp_t2.asm.obj (.text:__aeabi_cdrcmple)
                  000035e4    0000007a                                   : memset_t2.asm.obj (.text)
                  0000365e    00000002     --HOLE-- [fill = 0]
                  00003660    00000070                                   : memory.c.obj (.text:split)
                  000036d0    0000006e                                   : _printfi.c.obj (.text:_mcpy)
                  0000373e    0000006e                                   : fd_tos_t2.asm.obj (.text)
                  000037ac    00000068                                   : copy_decompress_lzss.c.obj (.text:decompress:lzss:__TI_decompress_lzss)
                  00003814    00000064                                   : s_frexp.c.obj (.text:frexp)
                  00003878    00000058     main.obj (.text)
                  000038d0    00000056     rtsv7M4_T_le_v4SPD16_eabi.lib : _printfi.c.obj (.text:_pconv_f)
                  00003926    00000054                                   : _ltoa.c.obj (.text:__TI_ltoa)
                  0000397a    00000052                                   : _printfi.c.obj (.text:_ecpy)
                  000039cc    0000004c                                   : atoi.c.obj (.text:atoi)
                  00003a18    00000048                                   : fd_toi_t2.asm.obj (.text)
                  00003a60    00000044                                   : autoinit.c.obj (.text:__TI_auto_init_nobinit_nopinit:__TI_auto_init_nobinit_nopinit)
                  00003aa4    00000040                                   : vsnprintf.c.obj (.text:vsnprintf)
                  00003ae4    0000003e                                   : _printfi.c.obj (.text:_fcpy)
                  00003b22    00000002     --HOLE-- [fill = 0]
                  00003b24    00000038                                   : memory.c.obj (.text:calloc)
                  00003b5c    00000038                                   : fs_tod_t2.asm.obj (.text)
                  00003b94    00000034     driverlib.lib : interrupt.obj (.text:IntRegister)
                  00003bc8    00000034     rtsv7M4_T_le_v4SPD16_eabi.lib : boot_cortex_m.c.obj (.text:_c_int00_noargs:_c_int00_noargs)
                  00003bfc    00000030                                   : vsnprintf.c.obj (.text:_outs)
                  00003c2c    0000002e                                   : i_tofd_t2.asm.obj (.text)
                  00003c5a    00000002     --HOLE-- [fill = 0]
                  00003c5c    00000028                                   : memory.c.obj (.text:free_list_insert)
                  00003c84    0000001c                                   : copy_zero_init.c.obj (.text:decompress:ZI:__TI_zero_init_nomemset:__TI_zero_init_nomemset)
                  00003ca0    0000001c                                   : memory.c.obj (.text:free_list_remove)
                  00003cbc    0000001c                                   : memccpy.c.obj (.text:memccpy)
                  00003cd8    0000001a                                   : s_copysign.c.obj (.text:copysign)
                  00003cf2    00000018                                   : vsnprintf.c.obj (.text:_outc)
                  00003d0a    00000018     open_interface.obj (.text:oi_parseInt)
                  00003d22    00000018     rtsv7M4_T_le_v4SPD16_eabi.lib : strcmp.c.obj (.text:strcmp)
                  00003d3a    00000016                                   : strchr.c.obj (.text:strchr)
                  00003d50    00000014                                   : strcpy.c.obj (.text:strcpy)
                  00003d64    00000014                                   : strlen.c.obj (.text:strlen)
                  00003d78    00000012                                   : wcslen.c.obj (.text:wcslen)
                  00003d8a    00000010     driverlib.lib : interrupt.obj (.text:IntMasterEnable)
                  00003d9a    00000010     libcybotScan.lib : lcd.obj (.text:lcd_clear)
                  00003daa    0000000e     rtsv7M4_T_le_v4SPD16_eabi.lib : copy_decompress_none.c.obj (.text:decompress:none:__TI_decompress_none)
                  00003db8    0000000c     driverlib.lib : cpu.obj (.text:CPUcpsie)
                  00003dc4    0000000c     tm4c123gh6pm_startup_ccs.obj (.text)
                  00003dd0    00000008     rtsv7M4_T_le_v4SPD16_eabi.lib : errno.c.obj (.text:__aeabi_errno_addr)
                  00003dd8    00000008                                   : memory.c.obj (.text:malloc)
                  00003de0    00000004                                   : pre_init.c.obj (.text:_system_pre_init)
                  00003de4    00000004                                   : exit.c.obj (.text:abort:abort)

.const     0    00003de8    00000118     
                  00003de8    00000101     rtsv7M4_T_le_v4SPD16_eabi.lib : ctype.c.obj (.const:.string:_ctypes_)
                  00003ee9    0000000f     open_interface.obj (.const:.string:$P$T0$3)
                  00003ef8    00000004     libcybotScan.lib : lcd.obj (.const:.string:lineAddress$1)
                  00003efc    00000004                      : lcd.obj (.const:.string:lineAddresses$2)

.cinit     0    00003f00    00000050     
                  00003f00    00000019     (.cinit..data.load) [load image, compression = lzss]
                  00003f19    00000003     --HOLE-- [fill = 0]
                  00003f1c    0000000c     (__TI_handler_table)
                  00003f28    00000008     (.cinit..bss.load) [load image, compression = zero_init]
                  00003f30    00000008     (.cinit..vtable.load) [load image, compression = zero_init]
                  00003f38    00000018     (__TI_cinit_table)

.init_array 
*          0    00000000    00000000     UNINITIALIZED

.vtable    0    20000000    0000026c     UNINITIALIZED
                  20000000    0000026c     driverlib.lib : interrupt.obj (.vtable)

.stack     0    20000270    00001000     UNINITIALIZED
                  20000270    00000004     rtsv7M4_T_le_v4SPD16_eabi.lib : boot_cortex_m.c.obj (.stack)
                  20000274    00000ffc     --HOLE--

.sysmem    0    20001270    00001000     UNINITIALIZED
                  20001270    00000010     rtsv7M4_T_le_v4SPD16_eabi.lib : memory.c.obj (.sysmem)
                  20001280    00000ff0     --HOLE--

.bss       0    20002270    000000b9     UNINITIALIZED
                  20002270    00000054     libcybotScan.lib : lcd.obj (.bss:lastbuffer$3)
                  200022c4    00000034     (.common:isr_char_buffer)
                  200022f8    00000018     open_interface.obj (.bss:firmware$2)
                  20002310    00000004     (.common:fallingEdge)
                  20002314    00000004     (.common:isr_int_value)
                  20002318    00000004     (.common:left_calibration_value)
                  2000231c    00000004     (.common:pulseLength)
                  20002320    00000004     (.common:right_calibration_value)
                  20002324    00000004     (.common:risingEdge)
                  20002328    00000001     (.common:isRisingEdge)

.data      0    2000232c    0000003c     UNINITIALIZED
                  2000232c    00000020     open_interface.obj (.data)
                  2000234c    00000008     rtsv7M4_T_le_v4SPD16_eabi.lib : _lock.c.obj (.data:$O1$$)
                  20002354    00000008                                   : memory.c.obj (.data:$O1$$)
                  2000235c    00000004     libcybotScan.lib : cyBot_Scan.obj (.data)
                  20002360    00000004     libcybotUART.lib : uart.obj (.data)
                  20002364    00000004     rtsv7M4_T_le_v4SPD16_eabi.lib : errno.c.obj (.data)

__llvm_prf_cnts 
*          0    20000000    00000000     UNINITIALIZED

MODULE SUMMARY

       Module                         code    ro data   rw data
       ------                         ----    -------   -------
    .\
       tm4c123gh6pm_startup_ccs.obj   12      620       0      
    +--+------------------------------+-------+---------+---------+
       Total:                         12      620       0      
                                                               
    .\Lab3 Code Files\
       open_interface.obj             3128    15        56     
       main.obj                       88      0         8      
    +--+------------------------------+-------+---------+---------+
       Total:                         3216    15        64     
                                                               
    ../Lab3 Code Files/libcybotScan.lib
       lcd.obj                        824     8         84     
       cyBot_Scan.obj                 608     0         4      
       ping.obj                       492     0         13     
       servo.obj                      344     0         0      
       timer.obj                      344     0         0      
       ir.obj                         280     0         4      
    +--+------------------------------+-------+---------+---------+
       Total:                         2892    8         105    
                                                               
    ../Lab3 Code Files/libcybotUART.lib
       uart.obj                       348     0         56     
    +--+------------------------------+-------+---------+---------+
       Total:                         348     0         56     
                                                               
    C:/ti/TivaWare_C_Series-2.2.0.295/driverlib/ccs/Debug/driverlib.lib
       interrupt.obj                  68      0         620    
       cpu.obj                        12      0         0      
    +--+------------------------------+-------+---------+---------+
       Total:                         80      0         620    
                                                               
    C:\ti\ccs1271\ccs\tools\compiler\ti-cgt-arm_20.2.7.LTS\lib\rtsv7M4_T_le_v4SPD16_eabi.lib
       _printfi.c.obj                 4851    0         0      
       memory.c.obj                   728     0         8      
       fd_add_t2.asm.obj              438     0         0      
       fd_div_t2.asm.obj              310     0         0      
       s_scalbn.c.obj                 272     0         0      
       fd_cmp_t2.asm.obj              268     0         0      
       ctype.c.obj                    0       257       0      
       fd_mul_t2.asm.obj              252     0         0      
       memcpy_t2.asm.obj              156     0         0      
       ull_div_t2.asm.obj             150     0         0      
       vsnprintf.c.obj                136     0         0      
       memset_t2.asm.obj              122     0         0      
       fd_tos_t2.asm.obj              110     0         0      
       copy_decompress_lzss.c.obj     104     0         0      
       s_frexp.c.obj                  100     0         0      
       _ltoa.c.obj                    84      0         0      
       atoi.c.obj                     76      0         0      
       fd_toi_t2.asm.obj              72      0         0      
       autoinit.c.obj                 68      0         0      
       fs_tod_t2.asm.obj              56      0         0      
       boot_cortex_m.c.obj            52      0         0      
       i_tofd_t2.asm.obj              46      0         0      
       copy_zero_init.c.obj           28      0         0      
       memccpy.c.obj                  28      0         0      
       s_copysign.c.obj               26      0         0      
       strcmp.c.obj                   24      0         0      
       strchr.c.obj                   22      0         0      
       strcpy.c.obj                   20      0         0      
       strlen.c.obj                   20      0         0      
       wcslen.c.obj                   18      0         0      
       copy_decompress_none.c.obj     14      0         0      
       errno.c.obj                    8       0         4      
       _lock.c.obj                    2       0         8      
       exit.c.obj                     4       0         0      
       pre_init.c.obj                 4       0         0      
       div0.asm.obj                   2       0         0      
    +--+------------------------------+-------+---------+---------+
       Total:                         8671    257       20     
                                                               
       Heap:                          0       0         4096   
       Stack:                         0       0         4096   
       Linker Generated:              0       77        0      
    +--+------------------------------+-------+---------+---------+
       Grand Total:                   15219   977       9057   


LINKER GENERATED COPY TABLES

__TI_cinit_table @ 00003f38 records: 3, size/record: 8, table size: 24
	.data: load addr=00003f00, load size=00000019 bytes, run addr=2000232c, run size=0000003c bytes, compression=lzss
	.bss: load addr=00003f28, load size=00000008 bytes, run addr=20002270, run size=000000b9 bytes, compression=zero_init
	.vtable: load addr=00003f30, load size=00000008 bytes, run addr=20000000, run size=0000026c bytes, compression=zero_init


LINKER GENERATED HANDLER TABLE

__TI_handler_table @ 00003f1c records: 3, size/record: 4, table size: 12
	index: 0, handler: __TI_zero_init
	index: 1, handler: __TI_decompress_lzss
	index: 2, handler: __TI_decompress_none


GLOBAL SYMBOLS: SORTED ALPHABETICALLY BY Name 

address   name                          
-------   ----                          
00002e85  ADC0SS0_Handler               
00003de5  C$$EXIT                       
00003db9  CPUcpsie                      
00000bc3  GPIOF_Handler                 
00003d8b  IntMasterEnable               
00003b95  IntRegister                   
00003dc5  ResetISR                      
000021c5  TIMER3B_Handler               
20001270  __STACK_END                   
00001000  __STACK_SIZE                  
20000470  __STACK_TOP                   
00001000  __SYSMEM_SIZE                 
00003f38  __TI_CINIT_Base               
00003f50  __TI_CINIT_Limit              
00003f1c  __TI_Handler_Table_Base       
00003f28  __TI_Handler_Table_Limit      
00003a61  __TI_auto_init_nobinit_nopinit
000037ad  __TI_decompress_lzss          
00003dab  __TI_decompress_none          
00003927  __TI_ltoa                     
ffffffff  __TI_pprof_out_hndl           
00000e8d  __TI_printfi                  
ffffffff  __TI_prof_data_size           
ffffffff  __TI_prof_data_start          
00000000  __TI_static_base__            
00003c85  __TI_zero_init_nomemset       
000034d9  __aeabi_cdcmpeq               
000034d9  __aeabi_cdcmple               
0000355f  __aeabi_cdrcmple              
0000373f  __aeabi_d2f                   
00003a19  __aeabi_d2iz                  
0000249b  __aeabi_dadd                  
00002b91  __aeabi_ddiv                  
00003115  __aeabi_dmul                  
00002491  __aeabi_dsub                  
00003dd1  __aeabi_errno_addr            
00003b5d  __aeabi_f2d                   
00003c2d  __aeabi_i2d                   
00002647  __aeabi_idiv0                 
00002647  __aeabi_ldiv0                 
000035e5  __aeabi_memclr                
000035e5  __aeabi_memclr4               
000035e5  __aeabi_memclr8               
000033a7  __aeabi_memcpy                
000033a7  __aeabi_memcpy4               
000033a7  __aeabi_memcpy8               
000035e7  __aeabi_memset                
000035e7  __aeabi_memset4               
000035e7  __aeabi_memset8               
00003443  __aeabi_uldivmod              
ffffffff  __binit__                     
ffffffff  __c_args__                    
UNDEFED   __mpu_init                    
20000270  __stack                       
20000000  __start___llvm_prf_cnts       
20000000  __stop___llvm_prf_cnts        
00003bc9  _c_int00_noargs               
00003de8  _ctypes_                      
2000234c  _lock                         
000018db  _nop                          
20001270  _sys_memory                   
UNDEFED   _system_post_cinit            
00003de1  _system_pre_init              
20002350  _unlock                       
00003de5  abort                         
00003015  aligned_alloc                 
000039cd  atoi                          
ffffffff  binit                         
00003b25  calloc                        
00003cd9  copysign                      
00003cd9  copysignl                     
00001f4d  cyBOT_SERVO_cal               
00001edb  cyBOT_Scan                    
00001e83  cyBOT_init_Scan               
2000235c  cyBOT_scan_features           
00001e75  cyBOT_scan_version            
00002751  cyBot_UART1_Handler           
00002737  cyBot_getByte                 
00002649  cyBot_sendByte                
00002719  cyBot_uart_flush              
00002687  cyBot_uart_init               
0000266f  cyBot_uart_sendBuffer         
00002655  cyBot_uart_sendStr            
20002364  errno                         
20002310  fallingEdge                   
00003211  free                          
00003815  frexp                         
00003815  frexpl                        
20000000  g_pfnRAMVectors               
00000000  g_pfnVectors                  
0000097f  go_charge                     
00002e9b  ir_enableInterrupt            
00002e7d  ir_getDistance                
00002e55  ir_getValue                   
00002ded  ir_init                       
20002328  isRisingEdge                  
200022c4  isr_char_buffer               
20002360  isr_counter                   
20002314  isr_int_value                 
00003d9b  lcd_clear                     
00001ab1  lcd_gotoLine                  
00001919  lcd_init                      
00001b17  lcd_printf                    
000019d9  lcd_putc                      
00001a11  lcd_puts                      
000018dd  lcd_reverseNibble             
00001a2f  lcd_sendCommand               
00001a6d  lcd_sendNibble                
00001ad9  lcd_setCursorPos              
00002f05  ldexp                         
00002f05  ldexpl                        
20002318  left_calibration_value        
00003879  main                          
00003dd9  malloc                        
00003015  memalign                      
00003cbd  memccpy                       
000033a7  memcpy                        
000035ed  memset                        
2000232c  motor_cal_factor_L            
20002330  motor_cal_factor_R            
0000026d  oi_alloc                      
00000aa9  oi_checkFirmware              
000002c7  oi_close                      
00000279  oi_free                       
00000ded  oi_getMotorCalibrationLeft    
00000e01  oi_getMotorCalibrationRight   
000002b1  oi_init                       
00000289  oi_init_noupdate              
00000915  oi_loadSong                   
00003d0b  oi_parseInt                   
0000032b  oi_parsePacket                
0000096b  oi_play_song                  
0000084b  oi_setLeds                    
00000db1  oi_setMotorCalibration        
0000088f  oi_setWheels                  
00000b51  oi_shutoff_init               
0000098d  oi_uartInit                   
00000a31  oi_uartReceive                
00000a77  oi_uartSendBuff               
00000a15  oi_uartSendChar               
00000a59  oi_uartSendStr                
000002d9  oi_update                     
00002217  ping_getDistance              
000020d5  ping_init                     
0000215b  ping_trigger                  
2000231c  pulseLength                   
20002320  right_calibration_value       
20002324  risingEdge                    
00002f05  scalbn                        
00002f05  scalbnl                       
000027a5  servo_init                    
00002835  servo_move                    
00002895  servo_setPWM                  
00002829  servo_stop                    
00003d3b  strchr                        
00003d23  strcmp                        
00003d51  strcpy                        
00003d65  strlen                        
00002a0d  timer_getClock                
UNDEFED   timer_init                    
000029c1  timer_startClock              
0000295b  timer_startTimer              
00002a13  timer_stopClock               
000029ab  timer_stopTimer               
00002931  timer_waitMicros              
000028fd  timer_waitMillis              
00003aa5  vsnprintf                     
00003d79  wcslen                        


GLOBAL SYMBOLS: SORTED BY Symbol Address 

address   name                          
-------   ----                          
00000000  __TI_static_base__            
00000000  g_pfnVectors                  
0000026d  oi_alloc                      
00000279  oi_free                       
00000289  oi_init_noupdate              
000002b1  oi_init                       
000002c7  oi_close                      
000002d9  oi_update                     
0000032b  oi_parsePacket                
0000084b  oi_setLeds                    
0000088f  oi_setWheels                  
00000915  oi_loadSong                   
0000096b  oi_play_song                  
0000097f  go_charge                     
0000098d  oi_uartInit                   
00000a15  oi_uartSendChar               
00000a31  oi_uartReceive                
00000a59  oi_uartSendStr                
00000a77  oi_uartSendBuff               
00000aa9  oi_checkFirmware              
00000b51  oi_shutoff_init               
00000bc3  GPIOF_Handler                 
00000db1  oi_setMotorCalibration        
00000ded  oi_getMotorCalibrationLeft    
00000e01  oi_getMotorCalibrationRight   
00000e8d  __TI_printfi                  
00001000  __STACK_SIZE                  
00001000  __SYSMEM_SIZE                 
000018db  _nop                          
000018dd  lcd_reverseNibble             
00001919  lcd_init                      
000019d9  lcd_putc                      
00001a11  lcd_puts                      
00001a2f  lcd_sendCommand               
00001a6d  lcd_sendNibble                
00001ab1  lcd_gotoLine                  
00001ad9  lcd_setCursorPos              
00001b17  lcd_printf                    
00001e75  cyBOT_scan_version            
00001e83  cyBOT_init_Scan               
00001edb  cyBOT_Scan                    
00001f4d  cyBOT_SERVO_cal               
000020d5  ping_init                     
0000215b  ping_trigger                  
000021c5  TIMER3B_Handler               
00002217  ping_getDistance              
00002491  __aeabi_dsub                  
0000249b  __aeabi_dadd                  
00002647  __aeabi_idiv0                 
00002647  __aeabi_ldiv0                 
00002649  cyBot_sendByte                
00002655  cyBot_uart_sendStr            
0000266f  cyBot_uart_sendBuffer         
00002687  cyBot_uart_init               
00002719  cyBot_uart_flush              
00002737  cyBot_getByte                 
00002751  cyBot_UART1_Handler           
000027a5  servo_init                    
00002829  servo_stop                    
00002835  servo_move                    
00002895  servo_setPWM                  
000028fd  timer_waitMillis              
00002931  timer_waitMicros              
0000295b  timer_startTimer              
000029ab  timer_stopTimer               
000029c1  timer_startClock              
00002a0d  timer_getClock                
00002a13  timer_stopClock               
00002b91  __aeabi_ddiv                  
00002ded  ir_init                       
00002e55  ir_getValue                   
00002e7d  ir_getDistance                
00002e85  ADC0SS0_Handler               
00002e9b  ir_enableInterrupt            
00002f05  ldexp                         
00002f05  ldexpl                        
00002f05  scalbn                        
00002f05  scalbnl                       
00003015  aligned_alloc                 
00003015  memalign                      
00003115  __aeabi_dmul                  
00003211  free                          
000033a7  __aeabi_memcpy                
000033a7  __aeabi_memcpy4               
000033a7  __aeabi_memcpy8               
000033a7  memcpy                        
00003443  __aeabi_uldivmod              
000034d9  __aeabi_cdcmpeq               
000034d9  __aeabi_cdcmple               
0000355f  __aeabi_cdrcmple              
000035e5  __aeabi_memclr                
000035e5  __aeabi_memclr4               
000035e5  __aeabi_memclr8               
000035e7  __aeabi_memset                
000035e7  __aeabi_memset4               
000035e7  __aeabi_memset8               
000035ed  memset                        
0000373f  __aeabi_d2f                   
000037ad  __TI_decompress_lzss          
00003815  frexp                         
00003815  frexpl                        
00003879  main                          
00003927  __TI_ltoa                     
000039cd  atoi                          
00003a19  __aeabi_d2iz                  
00003a61  __TI_auto_init_nobinit_nopinit
00003aa5  vsnprintf                     
00003b25  calloc                        
00003b5d  __aeabi_f2d                   
00003b95  IntRegister                   
00003bc9  _c_int00_noargs               
00003c2d  __aeabi_i2d                   
00003c85  __TI_zero_init_nomemset       
00003cbd  memccpy                       
00003cd9  copysign                      
00003cd9  copysignl                     
00003d0b  oi_parseInt                   
00003d23  strcmp                        
00003d3b  strchr                        
00003d51  strcpy                        
00003d65  strlen                        
00003d79  wcslen                        
00003d8b  IntMasterEnable               
00003d9b  lcd_clear                     
00003dab  __TI_decompress_none          
00003db9  CPUcpsie                      
00003dc5  ResetISR                      
00003dd1  __aeabi_errno_addr            
00003dd9  malloc                        
00003de1  _system_pre_init              
00003de5  C$$EXIT                       
00003de5  abort                         
00003de8  _ctypes_                      
00003f1c  __TI_Handler_Table_Base       
00003f28  __TI_Handler_Table_Limit      
00003f38  __TI_CINIT_Base               
00003f50  __TI_CINIT_Limit              
20000000  __start___llvm_prf_cnts       
20000000  __stop___llvm_prf_cnts        
20000000  g_pfnRAMVectors               
20000270  __stack                       
20000470  __STACK_TOP                   
20001270  __STACK_END                   
20001270  _sys_memory                   
200022c4  isr_char_buffer               
20002310  fallingEdge                   
20002314  isr_int_value                 
20002318  left_calibration_value        
2000231c  pulseLength                   
20002320  right_calibration_value       
20002324  risingEdge                    
20002328  isRisingEdge                  
2000232c  motor_cal_factor_L            
20002330  motor_cal_factor_R            
2000234c  _lock                         
20002350  _unlock                       
2000235c  cyBOT_scan_features           
20002360  isr_counter                   
20002364  errno                         
ffffffff  __TI_pprof_out_hndl           
ffffffff  __TI_prof_data_size           
ffffffff  __TI_prof_data_start          
ffffffff  __binit__                     
ffffffff  __c_args__                    
ffffffff  binit                         
UNDEFED   __mpu_init                    
UNDEFED   _system_post_cinit            
UNDEFED   timer_init                    

[168 symbols]
