<?xml version="1.0" encoding="ISO-8859-1" ?>
<link_info>
   <banner>TI ARM Linker PC v20.2.7.LTS</banner>
   <copyright>Copyright (c) 1996-2018 Texas Instruments Incorporated</copyright>
   <link_time>0x67fe93be</link_time>
   <link_errors>0x1</link_errors>
   <output_file>Lab3.out</output_file>
   <entry_point>
      <name>_c_int00_noargs</name>
      <address>0x3bc9</address>
   </entry_point>
   <input_file_list>
      <input_file id="fl-2">
         <path>.\</path>
         <kind>object</kind>
         <file>tm4c123gh6pm_startup_ccs.obj</file>
         <name>tm4c123gh6pm_startup_ccs.obj</name>
      </input_file>
      <input_file id="fl-3">
         <path>.\Lab3 Code Files\</path>
         <kind>object</kind>
         <file>cyBot_sendString.obj</file>
         <name>cyBot_sendString.obj</name>
      </input_file>
      <input_file id="fl-4">
         <path>.\Lab3 Code Files\</path>
         <kind>object</kind>
         <file>main.obj</file>
         <name>main.obj</name>
      </input_file>
      <input_file id="fl-5">
         <path>.\Lab3 Code Files\</path>
         <kind>object</kind>
         <file>movement.obj</file>
         <name>movement.obj</name>
      </input_file>
      <input_file id="fl-6">
         <path>.\Lab3 Code Files\</path>
         <kind>object</kind>
         <file>open_interface.obj</file>
         <name>open_interface.obj</name>
      </input_file>
      <input_file id="fl-d">
         <kind>object</kind>
         <file>&lt;internal&gt;</file>
         <name>&lt;internal&gt;</name>
      </input_file>
      <input_file id="fl-e">
         <path>..\Lab3 Code Files\</path>
         <kind>archive</kind>
         <file>libcybotScan.lib</file>
         <name>cyBot_Scan.obj</name>
      </input_file>
      <input_file id="fl-f">
         <path>..\Lab3 Code Files\</path>
         <kind>archive</kind>
         <file>libcybotScan.lib</file>
         <name>ir.obj</name>
      </input_file>
      <input_file id="fl-10">
         <path>..\Lab3 Code Files\</path>
         <kind>archive</kind>
         <file>libcybotScan.lib</file>
         <name>lcd.obj</name>
      </input_file>
      <input_file id="fl-11">
         <path>..\Lab3 Code Files\</path>
         <kind>archive</kind>
         <file>libcybotScan.lib</file>
         <name>ping.obj</name>
      </input_file>
      <input_file id="fl-12">
         <path>..\Lab3 Code Files\</path>
         <kind>archive</kind>
         <file>libcybotScan.lib</file>
         <name>servo.obj</name>
      </input_file>
      <input_file id="fl-13">
         <path>..\Lab3 Code Files\</path>
         <kind>archive</kind>
         <file>libcybotScan.lib</file>
         <name>timer.obj</name>
      </input_file>
      <input_file id="fl-14">
         <path>..\Lab3 Code Files\</path>
         <kind>archive</kind>
         <file>libcybotUART.lib</file>
         <name>uart.obj</name>
      </input_file>
      <input_file id="fl-ca">
         <path>C:\ti\ccs1271\ccs\tools\compiler\ti-cgt-arm_20.2.7.LTS\lib\</path>
         <kind>archive</kind>
         <file>rtsv7M4_T_le_v4SPD16_eabi.lib</file>
         <name>vsnprintf.c.obj</name>
      </input_file>
      <input_file id="fl-cb">
         <path>C:\ti\ccs1271\ccs\tools\compiler\ti-cgt-arm_20.2.7.LTS\lib\</path>
         <kind>archive</kind>
         <file>rtsv7M4_T_le_v4SPD16_eabi.lib</file>
         <name>fd_add_t2.asm.obj</name>
      </input_file>
      <input_file id="fl-cc">
         <path>C:\ti\ccs1271\ccs\tools\compiler\ti-cgt-arm_20.2.7.LTS\lib\</path>
         <kind>archive</kind>
         <file>rtsv7M4_T_le_v4SPD16_eabi.lib</file>
         <name>fd_cmp_t2.asm.obj</name>
      </input_file>
      <input_file id="fl-cd">
         <path>C:\ti\ccs1271\ccs\tools\compiler\ti-cgt-arm_20.2.7.LTS\lib\</path>
         <kind>archive</kind>
         <file>rtsv7M4_T_le_v4SPD16_eabi.lib</file>
         <name>fd_div_t2.asm.obj</name>
      </input_file>
      <input_file id="fl-ce">
         <path>C:\ti\ccs1271\ccs\tools\compiler\ti-cgt-arm_20.2.7.LTS\lib\</path>
         <kind>archive</kind>
         <file>rtsv7M4_T_le_v4SPD16_eabi.lib</file>
         <name>fd_mul_t2.asm.obj</name>
      </input_file>
      <input_file id="fl-cf">
         <path>C:\ti\ccs1271\ccs\tools\compiler\ti-cgt-arm_20.2.7.LTS\lib\</path>
         <kind>archive</kind>
         <file>rtsv7M4_T_le_v4SPD16_eabi.lib</file>
         <name>fd_tos_t2.asm.obj</name>
      </input_file>
      <input_file id="fl-d0">
         <path>C:\ti\ccs1271\ccs\tools\compiler\ti-cgt-arm_20.2.7.LTS\lib\</path>
         <kind>archive</kind>
         <file>rtsv7M4_T_le_v4SPD16_eabi.lib</file>
         <name>fs_tod_t2.asm.obj</name>
      </input_file>
      <input_file id="fl-d1">
         <path>C:\ti\ccs1271\ccs\tools\compiler\ti-cgt-arm_20.2.7.LTS\lib\</path>
         <kind>archive</kind>
         <file>rtsv7M4_T_le_v4SPD16_eabi.lib</file>
         <name>i_tofd_t2.asm.obj</name>
      </input_file>
      <input_file id="fl-d2">
         <path>C:\ti\ccs1271\ccs\tools\compiler\ti-cgt-arm_20.2.7.LTS\lib\</path>
         <kind>archive</kind>
         <file>rtsv7M4_T_le_v4SPD16_eabi.lib</file>
         <name>memcpy_t2.asm.obj</name>
      </input_file>
      <input_file id="fl-d3">
         <path>C:\ti\ccs1271\ccs\tools\compiler\ti-cgt-arm_20.2.7.LTS\lib\</path>
         <kind>archive</kind>
         <file>rtsv7M4_T_le_v4SPD16_eabi.lib</file>
         <name>copy_zero_init.c.obj</name>
      </input_file>
      <input_file id="fl-d4">
         <path>C:\ti\ccs1271\ccs\tools\compiler\ti-cgt-arm_20.2.7.LTS\lib\</path>
         <kind>archive</kind>
         <file>rtsv7M4_T_le_v4SPD16_eabi.lib</file>
         <name>copy_decompress_none.c.obj</name>
      </input_file>
      <input_file id="fl-d5">
         <path>C:\ti\ccs1271\ccs\tools\compiler\ti-cgt-arm_20.2.7.LTS\lib\</path>
         <kind>archive</kind>
         <file>rtsv7M4_T_le_v4SPD16_eabi.lib</file>
         <name>copy_decompress_lzss.c.obj</name>
      </input_file>
      <input_file id="fl-d6">
         <path>C:\ti\ccs1271\ccs\tools\compiler\ti-cgt-arm_20.2.7.LTS\lib\</path>
         <kind>archive</kind>
         <file>rtsv7M4_T_le_v4SPD16_eabi.lib</file>
         <name>memory.c.obj</name>
      </input_file>
      <input_file id="fl-d7">
         <path>C:\ti\ccs1271\ccs\tools\compiler\ti-cgt-arm_20.2.7.LTS\lib\</path>
         <kind>archive</kind>
         <file>rtsv7M4_T_le_v4SPD16_eabi.lib</file>
         <name>strcmp.c.obj</name>
      </input_file>
      <input_file id="fl-d8">
         <path>C:\ti\ccs1271\ccs\tools\compiler\ti-cgt-arm_20.2.7.LTS\lib\</path>
         <kind>archive</kind>
         <file>rtsv7M4_T_le_v4SPD16_eabi.lib</file>
         <name>strcpy.c.obj</name>
      </input_file>
      <input_file id="fl-d9">
         <path>C:\ti\ccs1271\ccs\tools\compiler\ti-cgt-arm_20.2.7.LTS\lib\</path>
         <kind>archive</kind>
         <file>rtsv7M4_T_le_v4SPD16_eabi.lib</file>
         <name>strlen.c.obj</name>
      </input_file>
      <input_file id="fl-da">
         <path>C:\ti\ccs1271\ccs\tools\compiler\ti-cgt-arm_20.2.7.LTS\lib\</path>
         <kind>archive</kind>
         <file>rtsv7M4_T_le_v4SPD16_eabi.lib</file>
         <name>boot_cortex_m.c.obj</name>
      </input_file>
      <input_file id="fl-db">
         <path>C:\ti\ccs1271\ccs\tools\compiler\ti-cgt-arm_20.2.7.LTS\lib\</path>
         <kind>archive</kind>
         <file>rtsv7M4_T_le_v4SPD16_eabi.lib</file>
         <name>_printfi.c.obj</name>
      </input_file>
      <input_file id="fl-dc">
         <path>C:\ti\ccs1271\ccs\tools\compiler\ti-cgt-arm_20.2.7.LTS\lib\</path>
         <kind>archive</kind>
         <file>rtsv7M4_T_le_v4SPD16_eabi.lib</file>
         <name>fd_toi_t2.asm.obj</name>
      </input_file>
      <input_file id="fl-dd">
         <path>C:\ti\ccs1271\ccs\tools\compiler\ti-cgt-arm_20.2.7.LTS\lib\</path>
         <kind>archive</kind>
         <file>rtsv7M4_T_le_v4SPD16_eabi.lib</file>
         <name>memset_t2.asm.obj</name>
      </input_file>
      <input_file id="fl-de">
         <path>C:\ti\ccs1271\ccs\tools\compiler\ti-cgt-arm_20.2.7.LTS\lib\</path>
         <kind>archive</kind>
         <file>rtsv7M4_T_le_v4SPD16_eabi.lib</file>
         <name>ull_div_t2.asm.obj</name>
      </input_file>
      <input_file id="fl-df">
         <path>C:\ti\ccs1271\ccs\tools\compiler\ti-cgt-arm_20.2.7.LTS\lib\</path>
         <kind>archive</kind>
         <file>rtsv7M4_T_le_v4SPD16_eabi.lib</file>
         <name>autoinit.c.obj</name>
      </input_file>
      <input_file id="fl-e0">
         <path>C:\ti\ccs1271\ccs\tools\compiler\ti-cgt-arm_20.2.7.LTS\lib\</path>
         <kind>archive</kind>
         <file>rtsv7M4_T_le_v4SPD16_eabi.lib</file>
         <name>pre_init.c.obj</name>
      </input_file>
      <input_file id="fl-e1">
         <path>C:\ti\ccs1271\ccs\tools\compiler\ti-cgt-arm_20.2.7.LTS\lib\</path>
         <kind>archive</kind>
         <file>rtsv7M4_T_le_v4SPD16_eabi.lib</file>
         <name>cpy_tbl.c.obj</name>
      </input_file>
      <input_file id="fl-e2">
         <path>C:\ti\ccs1271\ccs\tools\compiler\ti-cgt-arm_20.2.7.LTS\lib\</path>
         <kind>archive</kind>
         <file>rtsv7M4_T_le_v4SPD16_eabi.lib</file>
         <name>exit.c.obj</name>
      </input_file>
      <input_file id="fl-e3">
         <path>C:\ti\ccs1271\ccs\tools\compiler\ti-cgt-arm_20.2.7.LTS\lib\</path>
         <kind>archive</kind>
         <file>rtsv7M4_T_le_v4SPD16_eabi.lib</file>
         <name>_lock.c.obj</name>
      </input_file>
      <input_file id="fl-e4">
         <path>C:\ti\ccs1271\ccs\tools\compiler\ti-cgt-arm_20.2.7.LTS\lib\</path>
         <kind>archive</kind>
         <file>rtsv7M4_T_le_v4SPD16_eabi.lib</file>
         <name>_ltoa.c.obj</name>
      </input_file>
      <input_file id="fl-e5">
         <path>C:\ti\ccs1271\ccs\tools\compiler\ti-cgt-arm_20.2.7.LTS\lib\</path>
         <kind>archive</kind>
         <file>rtsv7M4_T_le_v4SPD16_eabi.lib</file>
         <name>args_main.c.obj</name>
      </input_file>
      <input_file id="fl-e6">
         <path>C:\ti\ccs1271\ccs\tools\compiler\ti-cgt-arm_20.2.7.LTS\lib\</path>
         <kind>archive</kind>
         <file>rtsv7M4_T_le_v4SPD16_eabi.lib</file>
         <name>atoi.c.obj</name>
      </input_file>
      <input_file id="fl-e7">
         <path>C:\ti\ccs1271\ccs\tools\compiler\ti-cgt-arm_20.2.7.LTS\lib\</path>
         <kind>archive</kind>
         <file>rtsv7M4_T_le_v4SPD16_eabi.lib</file>
         <name>ctype.c.obj</name>
      </input_file>
      <input_file id="fl-e8">
         <path>C:\ti\ccs1271\ccs\tools\compiler\ti-cgt-arm_20.2.7.LTS\lib\</path>
         <kind>archive</kind>
         <file>rtsv7M4_T_le_v4SPD16_eabi.lib</file>
         <name>memccpy.c.obj</name>
      </input_file>
      <input_file id="fl-e9">
         <path>C:\ti\ccs1271\ccs\tools\compiler\ti-cgt-arm_20.2.7.LTS\lib\</path>
         <kind>archive</kind>
         <file>rtsv7M4_T_le_v4SPD16_eabi.lib</file>
         <name>strchr.c.obj</name>
      </input_file>
      <input_file id="fl-ea">
         <path>C:\ti\ccs1271\ccs\tools\compiler\ti-cgt-arm_20.2.7.LTS\lib\</path>
         <kind>archive</kind>
         <file>rtsv7M4_T_le_v4SPD16_eabi.lib</file>
         <name>errno.c.obj</name>
      </input_file>
      <input_file id="fl-eb">
         <path>C:\ti\ccs1271\ccs\tools\compiler\ti-cgt-arm_20.2.7.LTS\lib\</path>
         <kind>archive</kind>
         <file>rtsv7M4_T_le_v4SPD16_eabi.lib</file>
         <name>wcslen.c.obj</name>
      </input_file>
      <input_file id="fl-ec">
         <path>C:\ti\ccs1271\ccs\tools\compiler\ti-cgt-arm_20.2.7.LTS\lib\</path>
         <kind>archive</kind>
         <file>rtsv7M4_T_le_v4SPD16_eabi.lib</file>
         <name>s_frexp.c.obj</name>
      </input_file>
      <input_file id="fl-ed">
         <path>C:\ti\ccs1271\ccs\tools\compiler\ti-cgt-arm_20.2.7.LTS\lib\</path>
         <kind>archive</kind>
         <file>rtsv7M4_T_le_v4SPD16_eabi.lib</file>
         <name>s_scalbn.c.obj</name>
      </input_file>
      <input_file id="fl-ee">
         <path>C:\ti\ccs1271\ccs\tools\compiler\ti-cgt-arm_20.2.7.LTS\lib\</path>
         <kind>archive</kind>
         <file>rtsv7M4_T_le_v4SPD16_eabi.lib</file>
         <name>div0.asm.obj</name>
      </input_file>
      <input_file id="fl-ef">
         <path>C:\ti\ccs1271\ccs\tools\compiler\ti-cgt-arm_20.2.7.LTS\lib\</path>
         <kind>archive</kind>
         <file>rtsv7M4_T_le_v4SPD16_eabi.lib</file>
         <name>s_copysign.c.obj</name>
      </input_file>
      <input_file id="fl-f0">
         <path>C:\ti\TivaWare_C_Series-2.2.0.295\driverlib\ccs\Debug\</path>
         <kind>archive</kind>
         <file>driverlib.lib</file>
         <name>interrupt.obj</name>
      </input_file>
      <input_file id="fl-f1">
         <path>C:\ti\TivaWare_C_Series-2.2.0.295\driverlib\ccs\Debug\</path>
         <kind>archive</kind>
         <file>driverlib.lib</file>
         <name>cpu.obj</name>
      </input_file>
   </input_file_list>
   <object_component_list>
      <object_component id="oc-12">
         <name>.intvecs</name>
         <load_address>0x0</load_address>
         <run_address>0x0</run_address>
         <size>0x26c</size>
         <input_file_ref idref="fl-2"/>
      </object_component>
      <object_component id="oc-d5">
         <name>.text</name>
         <load_address>0x26c</load_address>
         <run_address>0x26c</run_address>
         <size>0xc20</size>
         <input_file_ref idref="fl-6"/>
      </object_component>
      <object_component id="oc-255">
         <name>.text:__TI_printfi</name>
         <load_address>0xe8c</load_address>
         <run_address>0xe8c</run_address>
         <size>0xa4e</size>
         <input_file_ref idref="fl-db"/>
      </object_component>
      <object_component id="oc-27a">
         <name>.text:_nop</name>
         <load_address>0x18da</load_address>
         <run_address>0x18da</run_address>
         <size>0x2</size>
         <input_file_ref idref="fl-e3"/>
      </object_component>
      <object_component id="oc-e7">
         <name>.text</name>
         <load_address>0x18dc</load_address>
         <run_address>0x18dc</run_address>
         <size>0x328</size>
         <input_file_ref idref="fl-10"/>
      </object_component>
      <object_component id="oc-2e8">
         <name>.text:_pconv_a</name>
         <load_address>0x1c04</load_address>
         <run_address>0x1c04</run_address>
         <size>0x270</size>
         <input_file_ref idref="fl-db"/>
      </object_component>
      <object_component id="oc-db">
         <name>.text</name>
         <load_address>0x1e74</load_address>
         <run_address>0x1e74</run_address>
         <size>0x260</size>
         <input_file_ref idref="fl-e"/>
      </object_component>
      <object_component id="oc-18f">
         <name>.text</name>
         <load_address>0x20d4</load_address>
         <run_address>0x20d4</run_address>
         <size>0x1ec</size>
         <input_file_ref idref="fl-11"/>
      </object_component>
      <object_component id="oc-2d6">
         <name>.text:_pconv_g</name>
         <load_address>0x22c0</load_address>
         <run_address>0x22c0</run_address>
         <size>0x1d0</size>
         <input_file_ref idref="fl-db"/>
      </object_component>
      <object_component id="oc-16f">
         <name>.text</name>
         <load_address>0x2490</load_address>
         <run_address>0x2490</run_address>
         <size>0x1b6</size>
         <input_file_ref idref="fl-cb"/>
      </object_component>
      <object_component id="oc-39a">
         <name>.text</name>
         <load_address>0x2646</load_address>
         <run_address>0x2646</run_address>
         <size>0x2</size>
         <input_file_ref idref="fl-ee"/>
      </object_component>
      <object_component id="oc-e1">
         <name>.text</name>
         <load_address>0x2648</load_address>
         <run_address>0x2648</run_address>
         <size>0x15c</size>
         <input_file_ref idref="fl-14"/>
      </object_component>
      <object_component id="oc-189">
         <name>.text</name>
         <load_address>0x27a4</load_address>
         <run_address>0x27a4</run_address>
         <size>0x158</size>
         <input_file_ref idref="fl-12"/>
      </object_component>
      <object_component id="oc-13e">
         <name>.text</name>
         <load_address>0x28fc</load_address>
         <run_address>0x28fc</run_address>
         <size>0x158</size>
         <input_file_ref idref="fl-13"/>
      </object_component>
      <object_component id="oc-2e2">
         <name>.text:_pconv_e</name>
         <load_address>0x2a54</load_address>
         <run_address>0x2a54</run_address>
         <size>0x13c</size>
         <input_file_ref idref="fl-db"/>
      </object_component>
      <object_component id="oc-165">
         <name>.text</name>
         <load_address>0x2b90</load_address>
         <run_address>0x2b90</run_address>
         <size>0x136</size>
         <input_file_ref idref="fl-cd"/>
      </object_component>
      <object_component id="oc-357">
         <name>.text:fcvt</name>
         <load_address>0x2cc8</load_address>
         <run_address>0x2cc8</run_address>
         <size>0x124</size>
         <input_file_ref idref="fl-db"/>
      </object_component>
      <object_component id="oc-195">
         <name>.text</name>
         <load_address>0x2dec</load_address>
         <run_address>0x2dec</run_address>
         <size>0x118</size>
         <input_file_ref idref="fl-f"/>
      </object_component>
      <object_component id="oc-36b">
         <name>.text:scalbn</name>
         <load_address>0x2f04</load_address>
         <run_address>0x2f04</run_address>
         <size>0x110</size>
         <input_file_ref idref="fl-ed"/>
      </object_component>
      <object_component id="oc-299">
         <name>.text:aligned_alloc</name>
         <load_address>0x3014</load_address>
         <run_address>0x3014</run_address>
         <size>0x100</size>
         <input_file_ref idref="fl-d6"/>
      </object_component>
      <object_component id="oc-160">
         <name>.text</name>
         <load_address>0x3114</load_address>
         <run_address>0x3114</run_address>
         <size>0xfc</size>
         <input_file_ref idref="fl-ce"/>
      </object_component>
      <object_component id="oc-138">
         <name>.text:free</name>
         <load_address>0x3210</load_address>
         <run_address>0x3210</run_address>
         <size>0xe4</size>
         <input_file_ref idref="fl-d6"/>
      </object_component>
      <object_component id="oc-2cb">
         <name>.text:_ltostr</name>
         <load_address>0x32f4</load_address>
         <run_address>0x32f4</run_address>
         <size>0xb1</size>
         <input_file_ref idref="fl-db"/>
      </object_component>
      <object_component id="oc-3e">
         <name>.text</name>
         <load_address>0x33a6</load_address>
         <run_address>0x33a6</run_address>
         <size>0x9c</size>
         <input_file_ref idref="fl-d2"/>
      </object_component>
      <object_component id="oc-333">
         <name>.text</name>
         <load_address>0x3442</load_address>
         <run_address>0x3442</run_address>
         <size>0x96</size>
         <input_file_ref idref="fl-de"/>
      </object_component>
      <object_component id="oc-2d1">
         <name>.text:__aeabi_cdcmple</name>
         <load_address>0x34d8</load_address>
         <run_address>0x34d8</run_address>
         <size>0x86</size>
         <input_file_ref idref="fl-cc"/>
      </object_component>
      <object_component id="oc-33a">
         <name>.text:__aeabi_cdrcmple</name>
         <load_address>0x355e</load_address>
         <run_address>0x355e</run_address>
         <size>0x86</size>
         <input_file_ref idref="fl-cc"/>
      </object_component>
      <object_component id="oc-96">
         <name>.text</name>
         <load_address>0x35e4</load_address>
         <run_address>0x35e4</run_address>
         <size>0x7a</size>
         <input_file_ref idref="fl-dd"/>
      </object_component>
      <object_component id="oc-323">
         <name>.text:split</name>
         <load_address>0x3660</load_address>
         <run_address>0x3660</run_address>
         <size>0x70</size>
         <input_file_ref idref="fl-d6"/>
      </object_component>
      <object_component id="oc-350">
         <name>.text:_mcpy</name>
         <load_address>0x36d0</load_address>
         <run_address>0x36d0</run_address>
         <size>0x6e</size>
         <input_file_ref idref="fl-db"/>
      </object_component>
      <object_component id="oc-177">
         <name>.text</name>
         <load_address>0x373e</load_address>
         <run_address>0x373e</run_address>
         <size>0x6e</size>
         <input_file_ref idref="fl-cf"/>
      </object_component>
      <object_component id="oc-15">
         <name>.text:decompress:lzss:__TI_decompress_lzss</name>
         <load_address>0x37ac</load_address>
         <run_address>0x37ac</run_address>
         <size>0x68</size>
         <input_file_ref idref="fl-d5"/>
      </object_component>
      <object_component id="oc-365">
         <name>.text:frexp</name>
         <load_address>0x3814</load_address>
         <run_address>0x3814</run_address>
         <size>0x64</size>
         <input_file_ref idref="fl-ec"/>
      </object_component>
      <object_component id="oc-a2">
         <name>.text</name>
         <load_address>0x3878</load_address>
         <run_address>0x3878</run_address>
         <size>0x58</size>
         <input_file_ref idref="fl-4"/>
      </object_component>
      <object_component id="oc-2dc">
         <name>.text:_pconv_f</name>
         <load_address>0x38d0</load_address>
         <run_address>0x38d0</run_address>
         <size>0x56</size>
         <input_file_ref idref="fl-db"/>
      </object_component>
      <object_component id="oc-344">
         <name>.text:__TI_ltoa</name>
         <load_address>0x3926</load_address>
         <run_address>0x3926</run_address>
         <size>0x54</size>
         <input_file_ref idref="fl-e4"/>
      </object_component>
      <object_component id="oc-34a">
         <name>.text:_ecpy</name>
         <load_address>0x397a</load_address>
         <run_address>0x397a</run_address>
         <size>0x52</size>
         <input_file_ref idref="fl-db"/>
      </object_component>
      <object_component id="oc-2c5">
         <name>.text:atoi</name>
         <load_address>0x39cc</load_address>
         <run_address>0x39cc</run_address>
         <size>0x4c</size>
         <input_file_ref idref="fl-e6"/>
      </object_component>
      <object_component id="oc-33f">
         <name>.text</name>
         <load_address>0x3a18</load_address>
         <run_address>0x3a18</run_address>
         <size>0x48</size>
         <input_file_ref idref="fl-dc"/>
      </object_component>
      <object_component id="oc-100">
         <name>.text:__TI_auto_init_nobinit_nopinit:__TI_auto_init_nobinit_nopinit</name>
         <load_address>0x3a60</load_address>
         <run_address>0x3a60</run_address>
         <size>0x44</size>
         <input_file_ref idref="fl-df"/>
      </object_component>
      <object_component id="oc-1b2">
         <name>.text:vsnprintf</name>
         <load_address>0x3aa4</load_address>
         <run_address>0x3aa4</run_address>
         <size>0x40</size>
         <input_file_ref idref="fl-ca"/>
      </object_component>
      <object_component id="oc-35d">
         <name>.text:_fcpy</name>
         <load_address>0x3ae4</load_address>
         <run_address>0x3ae4</run_address>
         <size>0x3e</size>
         <input_file_ref idref="fl-db"/>
      </object_component>
      <object_component id="oc-132">
         <name>.text:calloc</name>
         <load_address>0x3b24</load_address>
         <run_address>0x3b24</run_address>
         <size>0x38</size>
         <input_file_ref idref="fl-d6"/>
      </object_component>
      <object_component id="oc-17c">
         <name>.text</name>
         <load_address>0x3b5c</load_address>
         <run_address>0x3b5c</run_address>
         <size>0x38</size>
         <input_file_ref idref="fl-d0"/>
      </object_component>
      <object_component id="oc-151">
         <name>.text:IntRegister</name>
         <load_address>0x3b94</load_address>
         <run_address>0x3b94</run_address>
         <size>0x34</size>
         <input_file_ref idref="fl-f0"/>
      </object_component>
      <object_component id="oc-5c">
         <name>.text:_c_int00_noargs:_c_int00_noargs</name>
         <load_address>0x3bc8</load_address>
         <run_address>0x3bc8</run_address>
         <size>0x34</size>
         <input_file_ref idref="fl-da"/>
      </object_component>
      <object_component id="oc-25b">
         <name>.text:_outs</name>
         <load_address>0x3bfc</load_address>
         <run_address>0x3bfc</run_address>
         <size>0x30</size>
         <input_file_ref idref="fl-ca"/>
      </object_component>
      <object_component id="oc-16a">
         <name>.text</name>
         <load_address>0x3c2c</load_address>
         <run_address>0x3c2c</run_address>
         <size>0x2e</size>
         <input_file_ref idref="fl-d1"/>
      </object_component>
      <object_component id="oc-208">
         <name>.text:free_list_insert</name>
         <load_address>0x3c5c</load_address>
         <run_address>0x3c5c</run_address>
         <size>0x28</size>
         <input_file_ref idref="fl-d6"/>
      </object_component>
      <object_component id="oc-4a">
         <name>.text:decompress:ZI:__TI_zero_init_nomemset:__TI_zero_init_nomemset</name>
         <load_address>0x3c84</load_address>
         <run_address>0x3c84</run_address>
         <size>0x1c</size>
         <input_file_ref idref="fl-d3"/>
      </object_component>
      <object_component id="oc-202">
         <name>.text:free_list_remove</name>
         <load_address>0x3ca0</load_address>
         <run_address>0x3ca0</run_address>
         <size>0x1c</size>
         <input_file_ref idref="fl-d6"/>
      </object_component>
      <object_component id="oc-2ee">
         <name>.text:memccpy</name>
         <load_address>0x3cbc</load_address>
         <run_address>0x3cbc</run_address>
         <size>0x1c</size>
         <input_file_ref idref="fl-e8"/>
      </object_component>
      <object_component id="oc-3af">
         <name>.text:copysign</name>
         <load_address>0x3cd8</load_address>
         <run_address>0x3cd8</run_address>
         <size>0x1a</size>
         <input_file_ref idref="fl-ef"/>
      </object_component>
      <object_component id="oc-261">
         <name>.text:_outc</name>
         <load_address>0x3cf2</load_address>
         <run_address>0x3cf2</run_address>
         <size>0x18</size>
         <input_file_ref idref="fl-ca"/>
      </object_component>
      <object_component id="oc-144">
         <name>.text:oi_parseInt</name>
         <load_address>0x3d0a</load_address>
         <run_address>0x3d0a</run_address>
         <size>0x18</size>
         <input_file_ref idref="fl-6"/>
      </object_component>
      <object_component id="oc-14b">
         <name>.text:strcmp</name>
         <load_address>0x3d22</load_address>
         <run_address>0x3d22</run_address>
         <size>0x18</size>
         <input_file_ref idref="fl-d7"/>
      </object_component>
      <object_component id="oc-371">
         <name>.text:strchr</name>
         <load_address>0x3d3a</load_address>
         <run_address>0x3d3a</run_address>
         <size>0x16</size>
         <input_file_ref idref="fl-e9"/>
      </object_component>
      <object_component id="oc-1b8">
         <name>.text:strcpy</name>
         <load_address>0x3d50</load_address>
         <run_address>0x3d50</run_address>
         <size>0x14</size>
         <input_file_ref idref="fl-d8"/>
      </object_component>
      <object_component id="oc-2bf">
         <name>.text:strlen</name>
         <load_address>0x3d64</load_address>
         <run_address>0x3d64</run_address>
         <size>0x14</size>
         <input_file_ref idref="fl-d9"/>
      </object_component>
      <object_component id="oc-2f4">
         <name>.text:wcslen</name>
         <load_address>0x3d78</load_address>
         <run_address>0x3d78</run_address>
         <size>0x12</size>
         <input_file_ref idref="fl-eb"/>
      </object_component>
      <object_component id="oc-157">
         <name>.text:IntMasterEnable</name>
         <load_address>0x3d8a</load_address>
         <run_address>0x3d8a</run_address>
         <size>0x10</size>
         <input_file_ref idref="fl-f0"/>
      </object_component>
      <object_component id="oc-1ab">
         <name>.text:lcd_clear</name>
         <load_address>0x3d9a</load_address>
         <run_address>0x3d9a</run_address>
         <size>0x10</size>
         <input_file_ref idref="fl-10"/>
      </object_component>
      <object_component id="oc-1b">
         <name>.text:decompress:none:__TI_decompress_none</name>
         <load_address>0x3daa</load_address>
         <run_address>0x3daa</run_address>
         <size>0xe</size>
         <input_file_ref idref="fl-d4"/>
      </object_component>
      <object_component id="oc-221">
         <name>.text:CPUcpsie</name>
         <load_address>0x3db8</load_address>
         <run_address>0x3db8</run_address>
         <size>0xc</size>
         <input_file_ref idref="fl-f1"/>
      </object_component>
      <object_component id="oc-2a">
         <name>.text</name>
         <load_address>0x3dc4</load_address>
         <run_address>0x3dc4</run_address>
         <size>0xc</size>
         <input_file_ref idref="fl-2"/>
      </object_component>
      <object_component id="oc-2fa">
         <name>.text:__aeabi_errno_addr</name>
         <load_address>0x3dd0</load_address>
         <run_address>0x3dd0</run_address>
         <size>0x8</size>
         <input_file_ref idref="fl-ea"/>
      </object_component>
      <object_component id="oc-1fb">
         <name>.text:malloc</name>
         <load_address>0x3dd8</load_address>
         <run_address>0x3dd8</run_address>
         <size>0x8</size>
         <input_file_ref idref="fl-d6"/>
      </object_component>
      <object_component id="oc-9c">
         <name>.text:_system_pre_init</name>
         <load_address>0x3de0</load_address>
         <run_address>0x3de0</run_address>
         <size>0x4</size>
         <input_file_ref idref="fl-e0"/>
      </object_component>
      <object_component id="oc-f4">
         <name>.text:abort:abort</name>
         <load_address>0x3de4</load_address>
         <run_address>0x3de4</run_address>
         <size>0x4</size>
         <input_file_ref idref="fl-e2"/>
      </object_component>
      <object_component id="oc-32e">
         <name>.const:.string:_ctypes_</name>
         <load_address>0x3de8</load_address>
         <run_address>0x3de8</run_address>
         <size>0x101</size>
         <input_file_ref idref="fl-e7"/>
      </object_component>
      <object_component id="oc-174">
         <name>.const:.string:$P$T0$3</name>
         <load_address>0x3ee9</load_address>
         <run_address>0x3ee9</run_address>
         <size>0xf</size>
         <input_file_ref idref="fl-6"/>
      </object_component>
      <object_component id="oc-1be">
         <name>.const:.string:lineAddress$1</name>
         <load_address>0x3ef8</load_address>
         <run_address>0x3ef8</run_address>
         <size>0x4</size>
         <input_file_ref idref="fl-10"/>
      </object_component>
      <object_component id="oc-1bf">
         <name>.const:.string:lineAddresses$2</name>
         <load_address>0x3efc</load_address>
         <run_address>0x3efc</run_address>
         <size>0x4</size>
         <input_file_ref idref="fl-10"/>
      </object_component>
      <object_component id="oc-408">
         <name>.cinit..data.load</name>
         <load_address>0x3f00</load_address>
         <run_address>0x3f00</run_address>
         <size>0x19</size>
      </object_component>
      <object_component id="oc-405">
         <name>__TI_handler_table</name>
         <load_address>0x3f1c</load_address>
         <run_address>0x3f1c</run_address>
         <size>0xc</size>
      </object_component>
      <object_component id="oc-409">
         <name>.cinit..bss.load</name>
         <load_address>0x3f28</load_address>
         <run_address>0x3f28</run_address>
         <size>0x8</size>
      </object_component>
      <object_component id="oc-407">
         <name>.cinit..vtable.load</name>
         <load_address>0x3f30</load_address>
         <run_address>0x3f30</run_address>
         <size>0x8</size>
      </object_component>
      <object_component id="oc-406">
         <name>__TI_cinit_table</name>
         <load_address>0x3f38</load_address>
         <run_address>0x3f38</run_address>
         <size>0x18</size>
      </object_component>
      <object_component id="oc-217">
         <name>.vtable</name>
         <uninitialized>true</uninitialized>
         <run_address>0x20000000</run_address>
         <size>0x26c</size>
         <input_file_ref idref="fl-f0"/>
      </object_component>
      <object_component id="oc-15d">
         <name>.data</name>
         <load_address>0x2000232c</load_address>
         <run_address>0x2000232c</run_address>
         <size>0x20</size>
         <input_file_ref idref="fl-6"/>
      </object_component>
      <object_component id="oc-19b">
         <name>.data</name>
         <load_address>0x2000235c</load_address>
         <run_address>0x2000235c</run_address>
         <size>0x4</size>
         <input_file_ref idref="fl-e"/>
      </object_component>
      <object_component id="oc-1a7">
         <name>.data</name>
         <load_address>0x20002360</load_address>
         <run_address>0x20002360</run_address>
         <size>0x4</size>
         <input_file_ref idref="fl-14"/>
      </object_component>
      <object_component id="oc-2a0">
         <name>.data:$O1$$</name>
         <load_address>0x20002354</load_address>
         <run_address>0x20002354</run_address>
         <size>0x8</size>
         <input_file_ref idref="fl-d6"/>
      </object_component>
      <object_component id="oc-1df">
         <name>.data:$O1$$</name>
         <load_address>0x2000234c</load_address>
         <run_address>0x2000234c</run_address>
         <size>0x8</size>
         <input_file_ref idref="fl-e3"/>
      </object_component>
      <object_component id="oc-381">
         <name>.data</name>
         <load_address>0x20002364</load_address>
         <run_address>0x20002364</run_address>
         <size>0x4</size>
         <input_file_ref idref="fl-ea"/>
      </object_component>
      <object_component id="oc-181">
         <name>.bss:firmware$2</name>
         <uninitialized>true</uninitialized>
         <run_address>0x200022f8</run_address>
         <size>0x18</size>
         <input_file_ref idref="fl-6"/>
      </object_component>
      <object_component id="oc-1c0">
         <name>.bss:lastbuffer$3</name>
         <uninitialized>true</uninitialized>
         <run_address>0x20002270</run_address>
         <size>0x54</size>
         <input_file_ref idref="fl-10"/>
      </object_component>
      <object_component id="oc-ed">
         <name>.common:right_calibration_value</name>
         <uninitialized>true</uninitialized>
         <run_address>0x20002320</run_address>
         <size>0x4</size>
      </object_component>
      <object_component id="oc-f2">
         <name>.common:left_calibration_value</name>
         <uninitialized>true</uninitialized>
         <run_address>0x20002318</run_address>
         <size>0x4</size>
      </object_component>
      <object_component id="oc-241">
         <name>.common:isr_int_value</name>
         <uninitialized>true</uninitialized>
         <run_address>0x20002314</run_address>
         <size>0x4</size>
      </object_component>
      <object_component id="oc-23d">
         <name>.common:risingEdge</name>
         <uninitialized>true</uninitialized>
         <run_address>0x20002324</run_address>
         <size>0x4</size>
      </object_component>
      <object_component id="oc-23e">
         <name>.common:fallingEdge</name>
         <uninitialized>true</uninitialized>
         <run_address>0x20002310</run_address>
         <size>0x4</size>
      </object_component>
      <object_component id="oc-23f">
         <name>.common:pulseLength</name>
         <uninitialized>true</uninitialized>
         <run_address>0x2000231c</run_address>
         <size>0x4</size>
      </object_component>
      <object_component id="oc-23a">
         <name>.common:isRisingEdge</name>
         <uninitialized>true</uninitialized>
         <run_address>0x20002328</run_address>
         <size>0x1</size>
      </object_component>
      <object_component id="oc-1a4">
         <name>.common:isr_char_buffer</name>
         <uninitialized>true</uninitialized>
         <run_address>0x200022c4</run_address>
         <size>0x34</size>
      </object_component>
      <object_component id="oc-24">
         <name>.sysmem</name>
         <uninitialized>true</uninitialized>
         <run_address>0x20001270</run_address>
         <size>0x10</size>
         <input_file_ref idref="fl-d6"/>
      </object_component>
      <object_component id="oc-40c">
         <name>.sysmem</name>
         <uninitialized>true</uninitialized>
         <run_address>0x20001270</run_address>
         <size>0x0</size>
      </object_component>
      <object_component id="oc-27">
         <name>.stack</name>
         <uninitialized>true</uninitialized>
         <run_address>0x20000270</run_address>
         <size>0x4</size>
         <input_file_ref idref="fl-da"/>
      </object_component>
      <object_component id="oc-40b">
         <name>.stack</name>
         <uninitialized>true</uninitialized>
         <run_address>0x20000270</run_address>
         <size>0x0</size>
      </object_component>
      <object_component id="oc-32">
         <name>.debug_info</name>
         <load_address>0x0</load_address>
         <run_address>0x0</run_address>
         <size>0x29b</size>
         <input_file_ref idref="fl-2"/>
      </object_component>
      <object_component id="oc-13">
         <name>.debug_info</name>
         <load_address>0x29b</load_address>
         <run_address>0x29b</run_address>
         <size>0xda</size>
         <input_file_ref idref="fl-2"/>
      </object_component>
      <object_component id="oc-2b">
         <name>.debug_info</name>
         <load_address>0x375</load_address>
         <run_address>0x375</run_address>
         <size>0x256</size>
         <input_file_ref idref="fl-2"/>
      </object_component>
      <object_component id="oc-77">
         <name>.debug_info</name>
         <load_address>0x5cb</load_address>
         <run_address>0x5cb</run_address>
         <size>0x26b</size>
         <input_file_ref idref="fl-2"/>
      </object_component>
      <object_component id="oc-39">
         <name>.debug_info</name>
         <load_address>0x836</load_address>
         <run_address>0x836</run_address>
         <size>0x84</size>
         <input_file_ref idref="fl-2"/>
      </object_component>
      <object_component id="oc-c0">
         <name>.debug_info</name>
         <load_address>0x8ba</load_address>
         <run_address>0x8ba</run_address>
         <size>0x2a4</size>
         <input_file_ref idref="fl-2"/>
      </object_component>
      <object_component id="oc-7c">
         <name>.debug_info</name>
         <load_address>0xb5e</load_address>
         <run_address>0xb5e</run_address>
         <size>0xbb</size>
         <input_file_ref idref="fl-2"/>
      </object_component>
      <object_component id="oc-277">
         <name>.debug_info</name>
         <load_address>0xc19</load_address>
         <run_address>0xc19</run_address>
         <size>0x300</size>
         <input_file_ref idref="fl-3"/>
      </object_component>
      <object_component id="oc-234">
         <name>.debug_info</name>
         <load_address>0xf19</load_address>
         <run_address>0xf19</run_address>
         <size>0xcc</size>
         <input_file_ref idref="fl-3"/>
      </object_component>
      <object_component id="oc-1c3">
         <name>.debug_info</name>
         <load_address>0xfe5</load_address>
         <run_address>0xfe5</run_address>
         <size>0x2c</size>
         <input_file_ref idref="fl-3"/>
      </object_component>
      <object_component id="oc-1cf">
         <name>.debug_info</name>
         <load_address>0x1011</load_address>
         <run_address>0x1011</run_address>
         <size>0x35</size>
         <input_file_ref idref="fl-3"/>
      </object_component>
      <object_component id="oc-ee">
         <name>.debug_info</name>
         <load_address>0x1046</load_address>
         <run_address>0x1046</run_address>
         <size>0x425</size>
         <input_file_ref idref="fl-4"/>
      </object_component>
      <object_component id="oc-a4">
         <name>.debug_info</name>
         <load_address>0x146b</load_address>
         <run_address>0x146b</run_address>
         <size>0x1d3</size>
         <input_file_ref idref="fl-4"/>
      </object_component>
      <object_component id="oc-1ca">
         <name>.debug_info</name>
         <load_address>0x163e</load_address>
         <run_address>0x163e</run_address>
         <size>0x5aa</size>
         <input_file_ref idref="fl-4"/>
      </object_component>
      <object_component id="oc-1d4">
         <name>.debug_info</name>
         <load_address>0x1be8</load_address>
         <run_address>0x1be8</run_address>
         <size>0x9d</size>
         <input_file_ref idref="fl-4"/>
      </object_component>
      <object_component id="oc-183">
         <name>.debug_info</name>
         <load_address>0x1c85</load_address>
         <run_address>0x1c85</run_address>
         <size>0x40c</size>
         <input_file_ref idref="fl-6"/>
      </object_component>
      <object_component id="oc-15e">
         <name>.debug_info</name>
         <load_address>0x2091</load_address>
         <run_address>0x2091</run_address>
         <size>0x121</size>
         <input_file_ref idref="fl-6"/>
      </object_component>
      <object_component id="oc-175">
         <name>.debug_info</name>
         <load_address>0x21b2</load_address>
         <run_address>0x21b2</run_address>
         <size>0xd6</size>
         <input_file_ref idref="fl-6"/>
      </object_component>
      <object_component id="oc-146">
         <name>.debug_info</name>
         <load_address>0x2288</load_address>
         <run_address>0x2288</run_address>
         <size>0x16e</size>
         <input_file_ref idref="fl-6"/>
      </object_component>
      <object_component id="oc-d7">
         <name>.debug_info</name>
         <load_address>0x23f6</load_address>
         <run_address>0x23f6</run_address>
         <size>0x1cd8</size>
         <input_file_ref idref="fl-6"/>
      </object_component>
      <object_component id="oc-184">
         <name>.debug_info</name>
         <load_address>0x40ce</load_address>
         <run_address>0x40ce</run_address>
         <size>0x8b</size>
         <input_file_ref idref="fl-6"/>
      </object_component>
      <object_component id="oc-f0">
         <name>.debug_info</name>
         <load_address>0x4159</load_address>
         <run_address>0x4159</run_address>
         <size>0x485</size>
         <input_file_ref idref="fl-e"/>
      </object_component>
      <object_component id="oc-19c">
         <name>.debug_info</name>
         <load_address>0x45de</load_address>
         <run_address>0x45de</run_address>
         <size>0x114</size>
         <input_file_ref idref="fl-e"/>
      </object_component>
      <object_component id="oc-de">
         <name>.debug_info</name>
         <load_address>0x46f2</load_address>
         <run_address>0x46f2</run_address>
         <size>0x4ce</size>
         <input_file_ref idref="fl-e"/>
      </object_component>
      <object_component id="oc-19f">
         <name>.debug_info</name>
         <load_address>0x4bc0</load_address>
         <run_address>0x4bc0</run_address>
         <size>0x9d</size>
         <input_file_ref idref="fl-e"/>
      </object_component>
      <object_component id="oc-242">
         <name>.debug_info</name>
         <load_address>0x4c5d</load_address>
         <run_address>0x4c5d</run_address>
         <size>0x2b7</size>
         <input_file_ref idref="fl-f"/>
      </object_component>
      <object_component id="oc-197">
         <name>.debug_info</name>
         <load_address>0x4f14</load_address>
         <run_address>0x4f14</run_address>
         <size>0x266</size>
         <input_file_ref idref="fl-f"/>
      </object_component>
      <object_component id="oc-1c2">
         <name>.debug_info</name>
         <load_address>0x517a</load_address>
         <run_address>0x517a</run_address>
         <size>0x3b9</size>
         <input_file_ref idref="fl-10"/>
      </object_component>
      <object_component id="oc-1ac">
         <name>.debug_info</name>
         <load_address>0x5533</load_address>
         <run_address>0x5533</run_address>
         <size>0x14e</size>
         <input_file_ref idref="fl-10"/>
      </object_component>
      <object_component id="oc-e9">
         <name>.debug_info</name>
         <load_address>0x5681</load_address>
         <run_address>0x5681</run_address>
         <size>0x8da</size>
         <input_file_ref idref="fl-10"/>
      </object_component>
      <object_component id="oc-210">
         <name>.debug_info</name>
         <load_address>0x5f5b</load_address>
         <run_address>0x5f5b</run_address>
         <size>0x2c</size>
         <input_file_ref idref="fl-10"/>
      </object_component>
      <object_component id="oc-23b">
         <name>.debug_info</name>
         <load_address>0x5f87</load_address>
         <run_address>0x5f87</run_address>
         <size>0x3ba</size>
         <input_file_ref idref="fl-11"/>
      </object_component>
      <object_component id="oc-190">
         <name>.debug_info</name>
         <load_address>0x6341</load_address>
         <run_address>0x6341</run_address>
         <size>0x270</size>
         <input_file_ref idref="fl-11"/>
      </object_component>
      <object_component id="oc-18d">
         <name>.debug_info</name>
         <load_address>0x65b1</load_address>
         <run_address>0x65b1</run_address>
         <size>0x296</size>
         <input_file_ref idref="fl-12"/>
      </object_component>
      <object_component id="oc-142">
         <name>.debug_info</name>
         <load_address>0x6847</load_address>
         <run_address>0x6847</run_address>
         <size>0x41e</size>
         <input_file_ref idref="fl-13"/>
      </object_component>
      <object_component id="oc-1a5">
         <name>.debug_info</name>
         <load_address>0x6c65</load_address>
         <run_address>0x6c65</run_address>
         <size>0x326</size>
         <input_file_ref idref="fl-14"/>
      </object_component>
      <object_component id="oc-1a8">
         <name>.debug_info</name>
         <load_address>0x6f8b</load_address>
         <run_address>0x6f8b</run_address>
         <size>0xee</size>
         <input_file_ref idref="fl-14"/>
      </object_component>
      <object_component id="oc-e4">
         <name>.debug_info</name>
         <load_address>0x7079</load_address>
         <run_address>0x7079</run_address>
         <size>0x43b</size>
         <input_file_ref idref="fl-14"/>
      </object_component>
      <object_component id="oc-24e">
         <name>.debug_info</name>
         <load_address>0x74b4</load_address>
         <run_address>0x74b4</run_address>
         <size>0x26b</size>
         <input_file_ref idref="fl-14"/>
      </object_component>
      <object_component id="oc-2ba">
         <name>.debug_info</name>
         <load_address>0x771f</load_address>
         <run_address>0x771f</run_address>
         <size>0x297</size>
         <input_file_ref idref="fl-14"/>
      </object_component>
      <object_component id="oc-249">
         <name>.debug_info</name>
         <load_address>0x79b6</load_address>
         <run_address>0x79b6</run_address>
         <size>0xbb</size>
         <input_file_ref idref="fl-14"/>
      </object_component>
      <object_component id="oc-268">
         <name>.debug_info</name>
         <load_address>0x7a71</load_address>
         <run_address>0x7a71</run_address>
         <size>0x340</size>
         <input_file_ref idref="fl-ca"/>
      </object_component>
      <object_component id="oc-1b5">
         <name>.debug_info</name>
         <load_address>0x7db1</load_address>
         <run_address>0x7db1</run_address>
         <size>0x208</size>
         <input_file_ref idref="fl-ca"/>
      </object_component>
      <object_component id="oc-25f">
         <name>.debug_info</name>
         <load_address>0x7fb9</load_address>
         <run_address>0x7fb9</run_address>
         <size>0x1c6</size>
         <input_file_ref idref="fl-ca"/>
      </object_component>
      <object_component id="oc-262">
         <name>.debug_info</name>
         <load_address>0x817f</load_address>
         <run_address>0x817f</run_address>
         <size>0x179</size>
         <input_file_ref idref="fl-ca"/>
      </object_component>
      <object_component id="oc-269">
         <name>.debug_info</name>
         <load_address>0x82f8</load_address>
         <run_address>0x82f8</run_address>
         <size>0x2c</size>
         <input_file_ref idref="fl-ca"/>
      </object_component>
      <object_component id="oc-26e">
         <name>.debug_info</name>
         <load_address>0x8324</load_address>
         <run_address>0x8324</run_address>
         <size>0x69</size>
         <input_file_ref idref="fl-ca"/>
      </object_component>
      <object_component id="oc-171">
         <name>.debug_info</name>
         <load_address>0x838d</load_address>
         <run_address>0x838d</run_address>
         <size>0x14c</size>
         <input_file_ref idref="fl-cb"/>
      </object_component>
      <object_component id="oc-2d3">
         <name>.debug_info</name>
         <load_address>0x84d9</load_address>
         <run_address>0x84d9</run_address>
         <size>0x128</size>
         <input_file_ref idref="fl-cc"/>
      </object_component>
      <object_component id="oc-33c">
         <name>.debug_info</name>
         <load_address>0x8601</load_address>
         <run_address>0x8601</run_address>
         <size>0x12a</size>
         <input_file_ref idref="fl-cc"/>
      </object_component>
      <object_component id="oc-166">
         <name>.debug_info</name>
         <load_address>0x872b</load_address>
         <run_address>0x872b</run_address>
         <size>0x13a</size>
         <input_file_ref idref="fl-cd"/>
      </object_component>
      <object_component id="oc-162">
         <name>.debug_info</name>
         <load_address>0x8865</load_address>
         <run_address>0x8865</run_address>
         <size>0x13a</size>
         <input_file_ref idref="fl-ce"/>
      </object_component>
      <object_component id="oc-179">
         <name>.debug_info</name>
         <load_address>0x899f</load_address>
         <run_address>0x899f</run_address>
         <size>0x13e</size>
         <input_file_ref idref="fl-cf"/>
      </object_component>
      <object_component id="oc-17f">
         <name>.debug_info</name>
         <load_address>0x8add</load_address>
         <run_address>0x8add</run_address>
         <size>0x12c</size>
         <input_file_ref idref="fl-d0"/>
      </object_component>
      <object_component id="oc-16b">
         <name>.debug_info</name>
         <load_address>0x8c09</load_address>
         <run_address>0x8c09</run_address>
         <size>0x12c</size>
         <input_file_ref idref="fl-d1"/>
      </object_component>
      <object_component id="oc-41">
         <name>.debug_info</name>
         <load_address>0x8d35</load_address>
         <run_address>0x8d35</run_address>
         <size>0x119</size>
         <input_file_ref idref="fl-d2"/>
      </object_component>
      <object_component id="oc-95">
         <name>.debug_info</name>
         <load_address>0x8e4e</load_address>
         <run_address>0x8e4e</run_address>
         <size>0x2d4</size>
         <input_file_ref idref="fl-d3"/>
      </object_component>
      <object_component id="oc-4d">
         <name>.debug_info</name>
         <load_address>0x9122</load_address>
         <run_address>0x9122</run_address>
         <size>0x1d2</size>
         <input_file_ref idref="fl-d3"/>
      </object_component>
      <object_component id="oc-90">
         <name>.debug_info</name>
         <load_address>0x92f4</load_address>
         <run_address>0x92f4</run_address>
         <size>0x46</size>
         <input_file_ref idref="fl-d3"/>
      </object_component>
      <object_component id="oc-cc">
         <name>.debug_info</name>
         <load_address>0x933a</load_address>
         <run_address>0x933a</run_address>
         <size>0x2c</size>
         <input_file_ref idref="fl-d3"/>
      </object_component>
      <object_component id="oc-49">
         <name>.debug_info</name>
         <load_address>0x9366</load_address>
         <run_address>0x9366</run_address>
         <size>0x2a8</size>
         <input_file_ref idref="fl-d4"/>
      </object_component>
      <object_component id="oc-1f">
         <name>.debug_info</name>
         <load_address>0x960e</load_address>
         <run_address>0x960e</run_address>
         <size>0x1ea</size>
         <input_file_ref idref="fl-d4"/>
      </object_component>
      <object_component id="oc-44">
         <name>.debug_info</name>
         <load_address>0x97f8</load_address>
         <run_address>0x97f8</run_address>
         <size>0x46</size>
         <input_file_ref idref="fl-d4"/>
      </object_component>
      <object_component id="oc-88">
         <name>.debug_info</name>
         <load_address>0x983e</load_address>
         <run_address>0x983e</run_address>
         <size>0x2c</size>
         <input_file_ref idref="fl-d4"/>
      </object_component>
      <object_component id="oc-86">
         <name>.debug_info</name>
         <load_address>0x986a</load_address>
         <run_address>0x986a</run_address>
         <size>0x29e</size>
         <input_file_ref idref="fl-d5"/>
      </object_component>
      <object_component id="oc-16">
         <name>.debug_info</name>
         <load_address>0x9b08</load_address>
         <run_address>0x9b08</run_address>
         <size>0x250</size>
         <input_file_ref idref="fl-d5"/>
      </object_component>
      <object_component id="oc-34">
         <name>.debug_info</name>
         <load_address>0x9d58</load_address>
         <run_address>0x9d58</run_address>
         <size>0x60</size>
         <input_file_ref idref="fl-d5"/>
      </object_component>
      <object_component id="oc-c5">
         <name>.debug_info</name>
         <load_address>0x9db8</load_address>
         <run_address>0x9db8</run_address>
         <size>0x46</size>
         <input_file_ref idref="fl-d5"/>
      </object_component>
      <object_component id="oc-81">
         <name>.debug_info</name>
         <load_address>0x9dfe</load_address>
         <run_address>0x9dfe</run_address>
         <size>0x39</size>
         <input_file_ref idref="fl-d5"/>
      </object_component>
      <object_component id="oc-70">
         <name>.debug_info</name>
         <load_address>0x9e37</load_address>
         <run_address>0x9e37</run_address>
         <size>0x3b2</size>
         <input_file_ref idref="fl-d6"/>
      </object_component>
      <object_component id="oc-25">
         <name>.debug_info</name>
         <load_address>0xa1e9</load_address>
         <run_address>0xa1e9</run_address>
         <size>0x10c</size>
         <input_file_ref idref="fl-d6"/>
      </object_component>
      <object_component id="oc-2a1">
         <name>.debug_info</name>
         <load_address>0xa2f5</load_address>
         <run_address>0xa2f5</run_address>
         <size>0x13f</size>
         <input_file_ref idref="fl-d6"/>
      </object_component>
      <object_component id="oc-1fe">
         <name>.debug_info</name>
         <load_address>0xa434</load_address>
         <run_address>0xa434</run_address>
         <size>0x168</size>
         <input_file_ref idref="fl-d6"/>
      </object_component>
      <object_component id="oc-205">
         <name>.debug_info</name>
         <load_address>0xa59c</load_address>
         <run_address>0xa59c</run_address>
         <size>0x18e</size>
         <input_file_ref idref="fl-d6"/>
      </object_component>
      <object_component id="oc-20a">
         <name>.debug_info</name>
         <load_address>0xa72a</load_address>
         <run_address>0xa72a</run_address>
         <size>0x19f</size>
         <input_file_ref idref="fl-d6"/>
      </object_component>
      <object_component id="oc-13a">
         <name>.debug_info</name>
         <load_address>0xa8c9</load_address>
         <run_address>0xa8c9</run_address>
         <size>0x203</size>
         <input_file_ref idref="fl-d6"/>
      </object_component>
      <object_component id="oc-326">
         <name>.debug_info</name>
         <load_address>0xaacc</load_address>
         <run_address>0xaacc</run_address>
         <size>0x1db</size>
         <input_file_ref idref="fl-d6"/>
      </object_component>
      <object_component id="oc-135">
         <name>.debug_info</name>
         <load_address>0xaca7</load_address>
         <run_address>0xaca7</run_address>
         <size>0x1a5</size>
         <input_file_ref idref="fl-d6"/>
      </object_component>
      <object_component id="oc-29c">
         <name>.debug_info</name>
         <load_address>0xae4c</load_address>
         <run_address>0xae4c</run_address>
         <size>0x299</size>
         <input_file_ref idref="fl-d6"/>
      </object_component>
      <object_component id="oc-bb">
         <name>.debug_info</name>
         <load_address>0xb0e5</load_address>
         <run_address>0xb0e5</run_address>
         <size>0xb2</size>
         <input_file_ref idref="fl-d6"/>
      </object_component>
      <object_component id="oc-b6">
         <name>.debug_info</name>
         <load_address>0xb197</load_address>
         <run_address>0xb197</run_address>
         <size>0x2c</size>
         <input_file_ref idref="fl-d6"/>
      </object_component>
      <object_component id="oc-216">
         <name>.debug_info</name>
         <load_address>0xb1c3</load_address>
         <run_address>0xb1c3</run_address>
         <size>0x28a</size>
         <input_file_ref idref="fl-d7"/>
      </object_component>
      <object_component id="oc-14e">
         <name>.debug_info</name>
         <load_address>0xb44d</load_address>
         <run_address>0xb44d</run_address>
         <size>0x273</size>
         <input_file_ref idref="fl-d7"/>
      </object_component>
      <object_component id="oc-274">
         <name>.debug_info</name>
         <load_address>0xb6c0</load_address>
         <run_address>0xb6c0</run_address>
         <size>0x2a4</size>
         <input_file_ref idref="fl-d8"/>
      </object_component>
      <object_component id="oc-1b9">
         <name>.debug_info</name>
         <load_address>0xb964</load_address>
         <run_address>0xb964</run_address>
         <size>0x24d</size>
         <input_file_ref idref="fl-d8"/>
      </object_component>
      <object_component id="oc-32d">
         <name>.debug_info</name>
         <load_address>0xbbb1</load_address>
         <run_address>0xbbb1</run_address>
         <size>0x28f</size>
         <input_file_ref idref="fl-d9"/>
      </object_component>
      <object_component id="oc-2c1">
         <name>.debug_info</name>
         <load_address>0xbe40</load_address>
         <run_address>0xbe40</run_address>
         <size>0x245</size>
         <input_file_ref idref="fl-d9"/>
      </object_component>
      <object_component id="oc-28">
         <name>.debug_info</name>
         <load_address>0xc085</load_address>
         <run_address>0xc085</run_address>
         <size>0x10b</size>
         <input_file_ref idref="fl-da"/>
      </object_component>
      <object_component id="oc-5d">
         <name>.debug_info</name>
         <load_address>0xc190</load_address>
         <run_address>0xc190</run_address>
         <size>0x1a9</size>
         <input_file_ref idref="fl-da"/>
      </object_component>
      <object_component id="oc-301">
         <name>.debug_info</name>
         <load_address>0xc339</load_address>
         <run_address>0xc339</run_address>
         <size>0x590</size>
         <input_file_ref idref="fl-db"/>
      </object_component>
      <object_component id="oc-2cc">
         <name>.debug_info</name>
         <load_address>0xc8c9</load_address>
         <run_address>0xc8c9</run_address>
         <size>0x21e</size>
         <input_file_ref idref="fl-db"/>
      </object_component>
      <object_component id="oc-34b">
         <name>.debug_info</name>
         <load_address>0xcae7</load_address>
         <run_address>0xcae7</run_address>
         <size>0x1b3</size>
         <input_file_ref idref="fl-db"/>
      </object_component>
      <object_component id="oc-352">
         <name>.debug_info</name>
         <load_address>0xcc9a</load_address>
         <run_address>0xcc9a</run_address>
         <size>0x21b</size>
         <input_file_ref idref="fl-db"/>
      </object_component>
      <object_component id="oc-2d8">
         <name>.debug_info</name>
         <load_address>0xceb5</load_address>
         <run_address>0xceb5</run_address>
         <size>0x3c0</size>
         <input_file_ref idref="fl-db"/>
      </object_component>
      <object_component id="oc-359">
         <name>.debug_info</name>
         <load_address>0xd275</load_address>
         <run_address>0xd275</run_address>
         <size>0x30a</size>
         <input_file_ref idref="fl-db"/>
      </object_component>
      <object_component id="oc-35e">
         <name>.debug_info</name>
         <load_address>0xd57f</load_address>
         <run_address>0xd57f</run_address>
         <size>0x215</size>
         <input_file_ref idref="fl-db"/>
      </object_component>
      <object_component id="oc-2dd">
         <name>.debug_info</name>
         <load_address>0xd794</load_address>
         <run_address>0xd794</run_address>
         <size>0x215</size>
         <input_file_ref idref="fl-db"/>
      </object_component>
      <object_component id="oc-2e3">
         <name>.debug_info</name>
         <load_address>0xd9a9</load_address>
         <run_address>0xd9a9</run_address>
         <size>0x304</size>
         <input_file_ref idref="fl-db"/>
      </object_component>
      <object_component id="oc-2e9">
         <name>.debug_info</name>
         <load_address>0xdcad</load_address>
         <run_address>0xdcad</run_address>
         <size>0x4b5</size>
         <input_file_ref idref="fl-db"/>
      </object_component>
      <object_component id="oc-257">
         <name>.debug_info</name>
         <load_address>0xe162</load_address>
         <run_address>0xe162</run_address>
         <size>0x5f4</size>
         <input_file_ref idref="fl-db"/>
      </object_component>
      <object_component id="oc-302">
         <name>.debug_info</name>
         <load_address>0xe756</load_address>
         <run_address>0xe756</run_address>
         <size>0x86</size>
         <input_file_ref idref="fl-db"/>
      </object_component>
      <object_component id="oc-388">
         <name>.debug_info</name>
         <load_address>0xe7dc</load_address>
         <run_address>0xe7dc</run_address>
         <size>0x39</size>
         <input_file_ref idref="fl-db"/>
      </object_component>
      <object_component id="oc-3c6">
         <name>.debug_info</name>
         <load_address>0xe815</load_address>
         <run_address>0xe815</run_address>
         <size>0xb6</size>
         <input_file_ref idref="fl-db"/>
      </object_component>
      <object_component id="oc-38d">
         <name>.debug_info</name>
         <load_address>0xe8cb</load_address>
         <run_address>0xe8cb</run_address>
         <size>0x46</size>
         <input_file_ref idref="fl-db"/>
      </object_component>
      <object_component id="oc-307">
         <name>.debug_info</name>
         <load_address>0xe911</load_address>
         <run_address>0xe911</run_address>
         <size>0x46</size>
         <input_file_ref idref="fl-db"/>
      </object_component>
      <object_component id="oc-341">
         <name>.debug_info</name>
         <load_address>0xe957</load_address>
         <run_address>0xe957</run_address>
         <size>0x12e</size>
         <input_file_ref idref="fl-dc"/>
      </object_component>
      <object_component id="oc-98">
         <name>.debug_info</name>
         <load_address>0xea85</load_address>
         <run_address>0xea85</run_address>
         <size>0x147</size>
         <input_file_ref idref="fl-dd"/>
      </object_component>
      <object_component id="oc-334">
         <name>.debug_info</name>
         <load_address>0xebcc</load_address>
         <run_address>0xebcc</run_address>
         <size>0x134</size>
         <input_file_ref idref="fl-de"/>
      </object_component>
      <object_component id="oc-1e6">
         <name>.debug_info</name>
         <load_address>0xed00</load_address>
         <run_address>0xed00</run_address>
         <size>0x4b3</size>
         <input_file_ref idref="fl-df"/>
      </object_component>
      <object_component id="oc-104">
         <name>.debug_info</name>
         <load_address>0xf1b3</load_address>
         <run_address>0xf1b3</run_address>
         <size>0x1a6</size>
         <input_file_ref idref="fl-df"/>
      </object_component>
      <object_component id="oc-288">
         <name>.debug_info</name>
         <load_address>0xf359</load_address>
         <run_address>0xf359</run_address>
         <size>0x39</size>
         <input_file_ref idref="fl-df"/>
      </object_component>
      <object_component id="oc-317">
         <name>.debug_info</name>
         <load_address>0xf392</load_address>
         <run_address>0xf392</run_address>
         <size>0x39</size>
         <input_file_ref idref="fl-df"/>
      </object_component>
      <object_component id="oc-28d">
         <name>.debug_info</name>
         <load_address>0xf3cb</load_address>
         <run_address>0xf3cb</run_address>
         <size>0x39</size>
         <input_file_ref idref="fl-df"/>
      </object_component>
      <object_component id="oc-292">
         <name>.debug_info</name>
         <load_address>0xf404</load_address>
         <run_address>0xf404</run_address>
         <size>0xcd</size>
         <input_file_ref idref="fl-df"/>
      </object_component>
      <object_component id="oc-9d">
         <name>.debug_info</name>
         <load_address>0xf4d1</load_address>
         <run_address>0xf4d1</run_address>
         <size>0x153</size>
         <input_file_ref idref="fl-e0"/>
      </object_component>
      <object_component id="oc-f7">
         <name>.debug_info</name>
         <load_address>0xf624</load_address>
         <run_address>0xf624</run_address>
         <size>0x122</size>
         <input_file_ref idref="fl-e2"/>
      </object_component>
      <object_component id="oc-282">
         <name>.debug_info</name>
         <load_address>0xf746</load_address>
         <run_address>0xf746</run_address>
         <size>0x2c9</size>
         <input_file_ref idref="fl-e3"/>
      </object_component>
      <object_component id="oc-1e0">
         <name>.debug_info</name>
         <load_address>0xfa0f</load_address>
         <run_address>0xfa0f</run_address>
         <size>0x11e</size>
         <input_file_ref idref="fl-e3"/>
      </object_component>
      <object_component id="oc-27b">
         <name>.debug_info</name>
         <load_address>0xfb2d</load_address>
         <run_address>0xfb2d</run_address>
         <size>0x12e</size>
         <input_file_ref idref="fl-e3"/>
      </object_component>
      <object_component id="oc-3a3">
         <name>.debug_info</name>
         <load_address>0xfc5b</load_address>
         <run_address>0xfc5b</run_address>
         <size>0x29c</size>
         <input_file_ref idref="fl-e4"/>
      </object_component>
      <object_component id="oc-347">
         <name>.debug_info</name>
         <load_address>0xfef7</load_address>
         <run_address>0xfef7</run_address>
         <size>0x1da</size>
         <input_file_ref idref="fl-e4"/>
      </object_component>
      <object_component id="oc-332">
         <name>.debug_info</name>
         <load_address>0x100d1</load_address>
         <run_address>0x100d1</run_address>
         <size>0x2b9</size>
         <input_file_ref idref="fl-e6"/>
      </object_component>
      <object_component id="oc-2c7">
         <name>.debug_info</name>
         <load_address>0x1038a</load_address>
         <run_address>0x1038a</run_address>
         <size>0x17c</size>
         <input_file_ref idref="fl-e6"/>
      </object_component>
      <object_component id="oc-397">
         <name>.debug_info</name>
         <load_address>0x10506</load_address>
         <run_address>0x10506</run_address>
         <size>0xf9</size>
         <input_file_ref idref="fl-e7"/>
      </object_component>
      <object_component id="oc-32f">
         <name>.debug_info</name>
         <load_address>0x105ff</load_address>
         <run_address>0x105ff</run_address>
         <size>0x105</size>
         <input_file_ref idref="fl-e7"/>
      </object_component>
      <object_component id="oc-379">
         <name>.debug_info</name>
         <load_address>0x10704</load_address>
         <run_address>0x10704</run_address>
         <size>0x2a7</size>
         <input_file_ref idref="fl-e8"/>
      </object_component>
      <object_component id="oc-2ef">
         <name>.debug_info</name>
         <load_address>0x109ab</load_address>
         <run_address>0x109ab</run_address>
         <size>0x1b8</size>
         <input_file_ref idref="fl-e8"/>
      </object_component>
      <object_component id="oc-3b8">
         <name>.debug_info</name>
         <load_address>0x10b63</load_address>
         <run_address>0x10b63</run_address>
         <size>0x29a</size>
         <input_file_ref idref="fl-e9"/>
      </object_component>
      <object_component id="oc-374">
         <name>.debug_info</name>
         <load_address>0x10dfd</load_address>
         <run_address>0x10dfd</run_address>
         <size>0x262</size>
         <input_file_ref idref="fl-e9"/>
      </object_component>
      <object_component id="oc-385">
         <name>.debug_info</name>
         <load_address>0x1105f</load_address>
         <run_address>0x1105f</run_address>
         <size>0x289</size>
         <input_file_ref idref="fl-ea"/>
      </object_component>
      <object_component id="oc-382">
         <name>.debug_info</name>
         <load_address>0x112e8</load_address>
         <run_address>0x112e8</run_address>
         <size>0x10e</size>
         <input_file_ref idref="fl-ea"/>
      </object_component>
      <object_component id="oc-2fe">
         <name>.debug_info</name>
         <load_address>0x113f6</load_address>
         <run_address>0x113f6</run_address>
         <size>0x14e</size>
         <input_file_ref idref="fl-ea"/>
      </object_component>
      <object_component id="oc-380">
         <name>.debug_info</name>
         <load_address>0x11544</load_address>
         <run_address>0x11544</run_address>
         <size>0x28f</size>
         <input_file_ref idref="fl-eb"/>
      </object_component>
      <object_component id="oc-2f5">
         <name>.debug_info</name>
         <load_address>0x117d3</load_address>
         <run_address>0x117d3</run_address>
         <size>0x15a</size>
         <input_file_ref idref="fl-eb"/>
      </object_component>
      <object_component id="oc-3bb">
         <name>.debug_info</name>
         <load_address>0x1192d</load_address>
         <run_address>0x1192d</run_address>
         <size>0x46</size>
         <input_file_ref idref="fl-eb"/>
      </object_component>
      <object_component id="oc-37b">
         <name>.debug_info</name>
         <load_address>0x11973</load_address>
         <run_address>0x11973</run_address>
         <size>0x39</size>
         <input_file_ref idref="fl-eb"/>
      </object_component>
      <object_component id="oc-3a9">
         <name>.debug_info</name>
         <load_address>0x119ac</load_address>
         <run_address>0x119ac</run_address>
         <size>0x295</size>
         <input_file_ref idref="fl-ec"/>
      </object_component>
      <object_component id="oc-367">
         <name>.debug_info</name>
         <load_address>0x11c41</load_address>
         <run_address>0x11c41</run_address>
         <size>0x195</size>
         <input_file_ref idref="fl-ec"/>
      </object_component>
      <object_component id="oc-3d2">
         <name>.debug_info</name>
         <load_address>0x11dd6</load_address>
         <run_address>0x11dd6</run_address>
         <size>0x39</size>
         <input_file_ref idref="fl-ec"/>
      </object_component>
      <object_component id="oc-3aa">
         <name>.debug_info</name>
         <load_address>0x11e0f</load_address>
         <run_address>0x11e0f</run_address>
         <size>0x2c</size>
         <input_file_ref idref="fl-ec"/>
      </object_component>
      <object_component id="oc-3b6">
         <name>.debug_info</name>
         <load_address>0x11e3b</load_address>
         <run_address>0x11e3b</run_address>
         <size>0x2f8</size>
         <input_file_ref idref="fl-ed"/>
      </object_component>
      <object_component id="oc-36c">
         <name>.debug_info</name>
         <load_address>0x12133</load_address>
         <run_address>0x12133</run_address>
         <size>0x225</size>
         <input_file_ref idref="fl-ed"/>
      </object_component>
      <object_component id="oc-39c">
         <name>.debug_info</name>
         <load_address>0x12358</load_address>
         <run_address>0x12358</run_address>
         <size>0x115</size>
         <input_file_ref idref="fl-ee"/>
      </object_component>
      <object_component id="oc-3b1">
         <name>.debug_info</name>
         <load_address>0x1246d</load_address>
         <run_address>0x1246d</run_address>
         <size>0x161</size>
         <input_file_ref idref="fl-ef"/>
      </object_component>
      <object_component id="oc-220">
         <name>.debug_info</name>
         <load_address>0x125ce</load_address>
         <run_address>0x125ce</run_address>
         <size>0x3b7</size>
         <input_file_ref idref="fl-f0"/>
      </object_component>
      <object_component id="oc-218">
         <name>.debug_info</name>
         <load_address>0x12985</load_address>
         <run_address>0x12985</run_address>
         <size>0x160</size>
         <input_file_ref idref="fl-f0"/>
      </object_component>
      <object_component id="oc-152">
         <name>.debug_info</name>
         <load_address>0x12ae5</load_address>
         <run_address>0x12ae5</run_address>
         <size>0x2ca</size>
         <input_file_ref idref="fl-f0"/>
      </object_component>
      <object_component id="oc-159">
         <name>.debug_info</name>
         <load_address>0x12daf</load_address>
         <run_address>0x12daf</run_address>
         <size>0x247</size>
         <input_file_ref idref="fl-f0"/>
      </object_component>
      <object_component id="oc-2b0">
         <name>.debug_info</name>
         <load_address>0x12ff6</load_address>
         <run_address>0x12ff6</run_address>
         <size>0x26b</size>
         <input_file_ref idref="fl-f0"/>
      </object_component>
      <object_component id="oc-2a9">
         <name>.debug_info</name>
         <load_address>0x13261</load_address>
         <run_address>0x13261</run_address>
         <size>0x297</size>
         <input_file_ref idref="fl-f0"/>
      </object_component>
      <object_component id="oc-21b">
         <name>.debug_info</name>
         <load_address>0x134f8</load_address>
         <run_address>0x134f8</run_address>
         <size>0xbb</size>
         <input_file_ref idref="fl-f0"/>
      </object_component>
      <object_component id="oc-223">
         <name>.debug_info</name>
         <load_address>0x135b3</load_address>
         <run_address>0x135b3</run_address>
         <size>0x21b</size>
         <input_file_ref idref="fl-f1"/>
      </object_component>
      <object_component id="oc-40d">
         <name>.debug_info</name>
         <load_address>0x137ce</load_address>
         <run_address>0x137ce</run_address>
         <size>0x8d</size>
      </object_component>
      <object_component id="oc-76">
         <name>.debug_line</name>
         <load_address>0x0</load_address>
         <run_address>0x0</run_address>
         <size>0x41</size>
         <input_file_ref idref="fl-2"/>
      </object_component>
      <object_component id="oc-31">
         <name>.debug_line</name>
         <load_address>0x41</load_address>
         <run_address>0x41</run_address>
         <size>0x41</size>
         <input_file_ref idref="fl-2"/>
      </object_component>
      <object_component id="oc-2f">
         <name>.debug_line</name>
         <load_address>0x82</load_address>
         <run_address>0x82</run_address>
         <size>0xa1</size>
         <input_file_ref idref="fl-2"/>
      </object_component>
      <object_component id="oc-7a">
         <name>.debug_line</name>
         <load_address>0x123</load_address>
         <run_address>0x123</run_address>
         <size>0x6f</size>
         <input_file_ref idref="fl-2"/>
      </object_component>
      <object_component id="oc-3c">
         <name>.debug_line</name>
         <load_address>0x192</load_address>
         <run_address>0x192</run_address>
         <size>0x20</size>
         <input_file_ref idref="fl-2"/>
      </object_component>
      <object_component id="oc-c3">
[...]
         <name>oi_parsePacket</name>
         <value>0x32b</value>
         <object_component_ref idref="oc-d5"/>
      </symbol>
      <symbol id="sm-16f">
         <name>oi_setLeds</name>
         <value>0x84b</value>
         <object_component_ref idref="oc-d5"/>
      </symbol>
      <symbol id="sm-170">
         <name>oi_init</name>
         <value>0x2b1</value>
         <object_component_ref idref="oc-d5"/>
      </symbol>
      <symbol id="sm-171">
         <name>oi_update</name>
         <value>0x2d9</value>
         <object_component_ref idref="oc-d5"/>
      </symbol>
      <symbol id="sm-172">
         <name>oi_uartInit</name>
         <value>0x98d</value>
         <object_component_ref idref="oc-d5"/>
      </symbol>
      <symbol id="sm-1ae">
         <name>cyBOT_SERVO_cal</name>
         <value>0x1f4d</value>
         <object_component_ref idref="oc-db"/>
      </symbol>
      <symbol id="sm-1af">
         <name>cyBOT_Scan</name>
         <value>0x1edb</value>
         <object_component_ref idref="oc-db"/>
      </symbol>
      <symbol id="sm-1b0">
         <name>cyBOT_scan_features</name>
         <value>0x2000235c</value>
         <object_component_ref idref="oc-19b"/>
      </symbol>
      <symbol id="sm-1b1">
         <name>cyBOT_scan_version</name>
         <value>0x1e75</value>
         <object_component_ref idref="oc-db"/>
      </symbol>
      <symbol id="sm-1b2">
         <name>cyBOT_init_Scan</name>
         <value>0x1e83</value>
         <object_component_ref idref="oc-db"/>
      </symbol>
      <symbol id="sm-1d9">
         <name>isr_int_value</name>
         <value>0x20002314</value>
      </symbol>
      <symbol id="sm-1da">
         <name>ir_enableInterrupt</name>
         <value>0x2e9b</value>
         <object_component_ref idref="oc-195"/>
      </symbol>
      <symbol id="sm-1db">
         <name>ir_getDistance</name>
         <value>0x2e7d</value>
         <object_component_ref idref="oc-195"/>
      </symbol>
      <symbol id="sm-1dc">
         <name>ir_init</name>
         <value>0x2ded</value>
         <object_component_ref idref="oc-195"/>
      </symbol>
      <symbol id="sm-1dd">
         <name>ADC0SS0_Handler</name>
         <value>0x2e85</value>
         <object_component_ref idref="oc-195"/>
      </symbol>
      <symbol id="sm-1de">
         <name>ir_getValue</name>
         <value>0x2e55</value>
         <object_component_ref idref="oc-195"/>
      </symbol>
      <symbol id="sm-220">
         <name>lcd_sendCommand</name>
         <value>0x1a2f</value>
         <object_component_ref idref="oc-e7"/>
      </symbol>
      <symbol id="sm-221">
         <name>lcd_sendNibble</name>
         <value>0x1a6d</value>
         <object_component_ref idref="oc-e7"/>
      </symbol>
      <symbol id="sm-222">
         <name>lcd_clear</name>
         <value>0x3d9b</value>
         <object_component_ref idref="oc-1ab"/>
      </symbol>
      <symbol id="sm-223">
         <name>lcd_printf</name>
         <value>0x1b17</value>
         <object_component_ref idref="oc-e7"/>
      </symbol>
      <symbol id="sm-224">
         <name>lcd_setCursorPos</name>
         <value>0x1ad9</value>
         <object_component_ref idref="oc-e7"/>
      </symbol>
      <symbol id="sm-225">
         <name>lcd_init</name>
         <value>0x1919</value>
         <object_component_ref idref="oc-e7"/>
      </symbol>
      <symbol id="sm-226">
         <name>lcd_puts</name>
         <value>0x1a11</value>
         <object_component_ref idref="oc-e7"/>
      </symbol>
      <symbol id="sm-227">
         <name>lcd_putc</name>
         <value>0x19d9</value>
         <object_component_ref idref="oc-e7"/>
      </symbol>
      <symbol id="sm-228">
         <name>lcd_reverseNibble</name>
         <value>0x18dd</value>
         <object_component_ref idref="oc-e7"/>
      </symbol>
      <symbol id="sm-229">
         <name>lcd_gotoLine</name>
         <value>0x1ab1</value>
         <object_component_ref idref="oc-e7"/>
      </symbol>
      <symbol id="sm-258">
         <name>risingEdge</name>
         <value>0x20002324</value>
      </symbol>
      <symbol id="sm-259">
         <name>fallingEdge</name>
         <value>0x20002310</value>
      </symbol>
      <symbol id="sm-25a">
         <name>pulseLength</name>
         <value>0x2000231c</value>
      </symbol>
      <symbol id="sm-25b">
         <name>isRisingEdge</name>
         <value>0x20002328</value>
      </symbol>
      <symbol id="sm-25c">
         <name>TIMER3B_Handler</name>
         <value>0x21c5</value>
         <object_component_ref idref="oc-18f"/>
      </symbol>
      <symbol id="sm-25d">
         <name>ping_init</name>
         <value>0x20d5</value>
         <object_component_ref idref="oc-18f"/>
      </symbol>
      <symbol id="sm-25e">
         <name>ping_getDistance</name>
         <value>0x2217</value>
         <object_component_ref idref="oc-18f"/>
      </symbol>
      <symbol id="sm-25f">
         <name>ping_trigger</name>
         <value>0x215b</value>
         <object_component_ref idref="oc-18f"/>
      </symbol>
      <symbol id="sm-281">
         <name>servo_move</name>
         <value>0x2835</value>
         <object_component_ref idref="oc-189"/>
      </symbol>
      <symbol id="sm-282">
         <name>servo_init</name>
         <value>0x27a5</value>
         <object_component_ref idref="oc-189"/>
      </symbol>
      <symbol id="sm-283">
         <name>servo_stop</name>
         <value>0x2829</value>
         <object_component_ref idref="oc-189"/>
      </symbol>
      <symbol id="sm-284">
         <name>servo_setPWM</name>
         <value>0x2895</value>
         <object_component_ref idref="oc-189"/>
      </symbol>
      <symbol id="sm-2a5">
         <name>timer_startClock</name>
         <value>0x29c1</value>
         <object_component_ref idref="oc-13e"/>
      </symbol>
      <symbol id="sm-2a6">
         <name>timer_stopClock</name>
         <value>0x2a13</value>
         <object_component_ref idref="oc-13e"/>
      </symbol>
      <symbol id="sm-2a7">
         <name>timer_getClock</name>
         <value>0x2a0d</value>
         <object_component_ref idref="oc-13e"/>
      </symbol>
      <symbol id="sm-2a8">
         <name>timer_stopTimer</name>
         <value>0x29ab</value>
         <object_component_ref idref="oc-13e"/>
      </symbol>
      <symbol id="sm-2a9">
         <name>timer_startTimer</name>
         <value>0x295b</value>
         <object_component_ref idref="oc-13e"/>
      </symbol>
      <symbol id="sm-2aa">
         <name>timer_waitMillis</name>
         <value>0x28fd</value>
         <object_component_ref idref="oc-13e"/>
      </symbol>
      <symbol id="sm-2ab">
         <name>timer_waitMicros</name>
         <value>0x2931</value>
         <object_component_ref idref="oc-13e"/>
      </symbol>
      <symbol id="sm-2e7">
         <name>isr_char_buffer</name>
         <value>0x200022c4</value>
      </symbol>
      <symbol id="sm-2e8">
         <name>cyBot_getByte</name>
         <value>0x2737</value>
         <object_component_ref idref="oc-e1"/>
      </symbol>
      <symbol id="sm-2e9">
         <name>cyBot_sendByte</name>
         <value>0x2649</value>
         <object_component_ref idref="oc-e1"/>
      </symbol>
      <symbol id="sm-2ea">
         <name>cyBot_uart_sendStr</name>
         <value>0x2655</value>
         <object_component_ref idref="oc-e1"/>
      </symbol>
      <symbol id="sm-2eb">
         <name>isr_counter</name>
         <value>0x20002360</value>
         <object_component_ref idref="oc-1a7"/>
      </symbol>
      <symbol id="sm-2ec">
         <name>cyBot_uart_sendBuffer</name>
         <value>0x266f</value>
         <object_component_ref idref="oc-e1"/>
      </symbol>
      <symbol id="sm-2ed">
         <name>cyBot_uart_flush</name>
         <value>0x2719</value>
         <object_component_ref idref="oc-e1"/>
      </symbol>
      <symbol id="sm-2ee">
         <name>cyBot_UART1_Handler</name>
         <value>0x2751</value>
         <object_component_ref idref="oc-e1"/>
      </symbol>
      <symbol id="sm-2ef">
         <name>cyBot_uart_init</name>
         <value>0x2687</value>
         <object_component_ref idref="oc-e1"/>
      </symbol>
      <symbol id="sm-31e">
         <name>vsnprintf</name>
         <value>0x3aa5</value>
         <object_component_ref idref="oc-1b2"/>
      </symbol>
      <symbol id="sm-335">
         <name>__aeabi_dsub</name>
         <value>0x2491</value>
         <object_component_ref idref="oc-16f"/>
      </symbol>
      <symbol id="sm-336">
         <name>__aeabi_dadd</name>
         <value>0x249b</value>
         <object_component_ref idref="oc-16f"/>
      </symbol>
      <symbol id="sm-358">
         <name>__aeabi_cdcmpeq</name>
         <value>0x34d9</value>
         <object_component_ref idref="oc-2d1"/>
      </symbol>
      <symbol id="sm-359">
         <name>__aeabi_cdcmple</name>
         <value>0x34d9</value>
         <object_component_ref idref="oc-2d1"/>
      </symbol>
      <symbol id="sm-35a">
         <name>__aeabi_cdrcmple</name>
         <value>0x355f</value>
         <object_component_ref idref="oc-33a"/>
      </symbol>
      <symbol id="sm-36e">
         <name>__aeabi_ddiv</name>
         <value>0x2b91</value>
         <object_component_ref idref="oc-165"/>
      </symbol>
      <symbol id="sm-379">
         <name>__aeabi_dmul</name>
         <value>0x3115</value>
         <object_component_ref idref="oc-160"/>
      </symbol>
      <symbol id="sm-385">
         <name>__aeabi_d2f</name>
         <value>0x373f</value>
         <object_component_ref idref="oc-177"/>
      </symbol>
      <symbol id="sm-390">
         <name>__aeabi_f2d</name>
         <value>0x3b5d</value>
         <object_component_ref idref="oc-17c"/>
      </symbol>
      <symbol id="sm-39a">
         <name>__aeabi_i2d</name>
         <value>0x3c2d</value>
         <object_component_ref idref="oc-16a"/>
      </symbol>
      <symbol id="sm-3b5">
         <name>memcpy</name>
         <value>0x33a7</value>
         <object_component_ref idref="oc-3e"/>
      </symbol>
      <symbol id="sm-3b6">
         <name>__aeabi_memcpy</name>
         <value>0x33a7</value>
         <object_component_ref idref="oc-3e"/>
      </symbol>
      <symbol id="sm-3b7">
         <name>__aeabi_memcpy8</name>
         <value>0x33a7</value>
         <object_component_ref idref="oc-3e"/>
      </symbol>
      <symbol id="sm-3b8">
         <name>__aeabi_memcpy4</name>
         <value>0x33a7</value>
         <object_component_ref idref="oc-3e"/>
      </symbol>
      <symbol id="sm-3d1">
         <name>__TI_zero_init_nomemset</name>
         <value>0x3c85</value>
         <object_component_ref idref="oc-4a"/>
      </symbol>
      <symbol id="sm-3e8">
         <name>__TI_decompress_none</name>
         <value>0x3dab</value>
         <object_component_ref idref="oc-1b"/>
      </symbol>
      <symbol id="sm-40b">
         <name>__TI_decompress_lzss</name>
         <value>0x37ad</value>
         <object_component_ref idref="oc-15"/>
      </symbol>
      <symbol id="sm-4a0">
         <name>_sys_memory</name>
         <value>0x20001270</value>
         <object_component_ref idref="oc-24"/>
      </symbol>
      <symbol id="sm-4a1">
         <name>free</name>
         <value>0x3211</value>
         <object_component_ref idref="oc-138"/>
      </symbol>
      <symbol id="sm-4a2">
         <name>memalign</name>
         <value>0x3015</value>
         <object_component_ref idref="oc-299"/>
      </symbol>
      <symbol id="sm-4a3">
         <name>calloc</name>
         <value>0x3b25</value>
         <object_component_ref idref="oc-132"/>
      </symbol>
      <symbol id="sm-4a4">
         <name>malloc</name>
         <value>0x3dd9</value>
         <object_component_ref idref="oc-1fb"/>
      </symbol>
      <symbol id="sm-4a5">
         <name>aligned_alloc</name>
         <value>0x3015</value>
         <object_component_ref idref="oc-299"/>
      </symbol>
      <symbol id="sm-4b4">
         <name>strcmp</name>
         <value>0x3d23</value>
         <object_component_ref idref="oc-14b"/>
      </symbol>
      <symbol id="sm-4c2">
         <name>strcpy</name>
         <value>0x3d51</value>
         <object_component_ref idref="oc-1b8"/>
      </symbol>
      <symbol id="sm-4d0">
         <name>strlen</name>
         <value>0x3d65</value>
         <object_component_ref idref="oc-2bf"/>
      </symbol>
      <symbol id="sm-4e3">
         <name>__stack</name>
         <value>0x20000270</value>
         <object_component_ref idref="oc-27"/>
      </symbol>
      <symbol id="sm-4e4">
         <name>_c_int00_noargs</name>
         <value>0x3bc9</value>
         <object_component_ref idref="oc-5c"/>
      </symbol>
      <symbol id="sm-649">
         <name>__TI_printfi</name>
         <value>0xe8d</value>
         <object_component_ref idref="oc-255"/>
      </symbol>
      <symbol id="sm-653">
         <name>__aeabi_d2iz</name>
         <value>0x3a19</value>
         <object_component_ref idref="oc-33f"/>
      </symbol>
      <symbol id="sm-662">
         <name>__aeabi_memset</name>
         <value>0x35e7</value>
         <object_component_ref idref="oc-96"/>
      </symbol>
      <symbol id="sm-663">
         <name>memset</name>
         <value>0x35ed</value>
         <object_component_ref idref="oc-96"/>
      </symbol>
      <symbol id="sm-664">
         <name>__aeabi_memset8</name>
         <value>0x35e7</value>
         <object_component_ref idref="oc-96"/>
      </symbol>
      <symbol id="sm-665">
         <name>__aeabi_memset4</name>
         <value>0x35e7</value>
         <object_component_ref idref="oc-96"/>
      </symbol>
      <symbol id="sm-666">
         <name>__aeabi_memclr8</name>
         <value>0x35e5</value>
         <object_component_ref idref="oc-96"/>
      </symbol>
      <symbol id="sm-667">
         <name>__aeabi_memclr4</name>
         <value>0x35e5</value>
         <object_component_ref idref="oc-96"/>
      </symbol>
      <symbol id="sm-668">
         <name>__aeabi_memclr</name>
         <value>0x35e5</value>
         <object_component_ref idref="oc-96"/>
      </symbol>
      <symbol id="sm-675">
         <name>__aeabi_uldivmod</name>
         <value>0x3443</value>
         <object_component_ref idref="oc-333"/>
      </symbol>
      <symbol id="sm-69d">
         <name>__TI_auto_init_nobinit_nopinit</name>
         <value>0x3a61</value>
         <object_component_ref idref="oc-100"/>
      </symbol>
      <symbol id="sm-6a7">
         <name>_system_pre_init</name>
         <value>0x3de1</value>
         <object_component_ref idref="oc-9c"/>
      </symbol>
      <symbol id="sm-6b3">
         <name>C$$EXIT</name>
         <value>0x3de5</value>
         <object_component_ref idref="oc-f4"/>
      </symbol>
      <symbol id="sm-6b4">
         <name>abort</name>
         <value>0x3de5</value>
         <object_component_ref idref="oc-f4"/>
      </symbol>
      <symbol id="sm-6c9">
         <name>_nop</name>
         <value>0x18db</value>
         <object_component_ref idref="oc-27a"/>
      </symbol>
      <symbol id="sm-6ca">
         <name>_lock</name>
         <value>0x2000234c</value>
         <object_component_ref idref="oc-1df"/>
      </symbol>
      <symbol id="sm-6cb">
         <name>_unlock</name>
         <value>0x20002350</value>
         <object_component_ref idref="oc-1df"/>
      </symbol>
      <symbol id="sm-6da">
         <name>__TI_ltoa</name>
         <value>0x3927</value>
         <object_component_ref idref="oc-344"/>
      </symbol>
      <symbol id="sm-6f1">
         <name>atoi</name>
         <value>0x39cd</value>
         <object_component_ref idref="oc-2c5"/>
      </symbol>
      <symbol id="sm-6fc">
         <name>_ctypes_</name>
         <value>0x3de8</value>
         <object_component_ref idref="oc-32e"/>
      </symbol>
      <symbol id="sm-70c">
         <name>memccpy</name>
         <value>0x3cbd</value>
         <object_component_ref idref="oc-2ee"/>
      </symbol>
      <symbol id="sm-71c">
         <name>strchr</name>
         <value>0x3d3b</value>
         <object_component_ref idref="oc-371"/>
      </symbol>
      <symbol id="sm-732">
         <name>__aeabi_errno_addr</name>
         <value>0x3dd1</value>
         <object_component_ref idref="oc-2fa"/>
      </symbol>
      <symbol id="sm-733">
         <name>errno</name>
         <value>0x20002364</value>
         <object_component_ref idref="oc-381"/>
      </symbol>
      <symbol id="sm-74c">
         <name>wcslen</name>
         <value>0x3d79</value>
         <object_component_ref idref="oc-2f4"/>
      </symbol>
      <symbol id="sm-76c">
         <name>frexpl</name>
         <value>0x3815</value>
         <object_component_ref idref="oc-365"/>
      </symbol>
      <symbol id="sm-76d">
         <name>frexp</name>
         <value>0x3815</value>
         <object_component_ref idref="oc-365"/>
      </symbol>
      <symbol id="sm-78a">
         <name>scalbn</name>
         <value>0x2f05</value>
         <object_component_ref idref="oc-36b"/>
      </symbol>
      <symbol id="sm-78b">
         <name>scalbnl</name>
         <value>0x2f05</value>
         <object_component_ref idref="oc-36b"/>
      </symbol>
      <symbol id="sm-78c">
         <name>ldexpl</name>
         <value>0x2f05</value>
         <object_component_ref idref="oc-36b"/>
      </symbol>
      <symbol id="sm-78d">
         <name>ldexp</name>
         <value>0x2f05</value>
         <object_component_ref idref="oc-36b"/>
      </symbol>
      <symbol id="sm-797">
         <name>__aeabi_idiv0</name>
         <value>0x2647</value>
         <object_component_ref idref="oc-39a"/>
      </symbol>
      <symbol id="sm-798">
         <name>__aeabi_ldiv0</name>
         <value>0x2647</value>
         <object_component_ref idref="oc-39a"/>
      </symbol>
      <symbol id="sm-7a2">
         <name>copysign</name>
         <value>0x3cd9</value>
         <object_component_ref idref="oc-3af"/>
      </symbol>
      <symbol id="sm-7a3">
         <name>copysignl</name>
         <value>0x3cd9</value>
         <object_component_ref idref="oc-3af"/>
      </symbol>
      <symbol id="sm-7d2">
         <name>IntRegister</name>
         <value>0x3b95</value>
         <object_component_ref idref="oc-151"/>
      </symbol>
      <symbol id="sm-7d3">
         <name>g_pfnRAMVectors</name>
         <value>0x20000000</value>
         <object_component_ref idref="oc-217"/>
      </symbol>
      <symbol id="sm-7d4">
         <name>IntMasterEnable</name>
         <value>0x3d8b</value>
         <object_component_ref idref="oc-157"/>
      </symbol>
      <symbol id="sm-7de">
         <name>CPUcpsie</name>
         <value>0x3db9</value>
         <object_component_ref idref="oc-221"/>
      </symbol>
      <symbol id="sm-7df">
         <name>__TI_static_base__</name>
         <value>0x0</value>
      </symbol>
      <symbol id="sm-7e2">
         <name>timer_init</name>
         <value>0x0</value>
      </symbol>
      <symbol id="sm-7e3">
         <name>__mpu_init</name>
         <value>0x0</value>
      </symbol>
      <symbol id="sm-7e4">
         <name>_system_post_cinit</name>
         <value>0x0</value>
      </symbol>
   </symbol_table>
   <title>Link errors: red sections failed placement</title>
</link_info>
