******************************************************************************
                  TI ARM Linker PC v20.2.7                     
******************************************************************************
>> Linked Tue Apr 15 12:15:49 2025

OUTPUT FILE NAME:   <Lab10.out>
ENTRY POINT SYMBOL: "_c_int00_noargs"  address: 000029c5


MEMORY CONFIGURATION

         name            origin    length      used     unused   attr    fill
----------------------  --------  ---------  --------  --------  ----  --------
  FLASH                 00000000   00040000  00002ccd  0003d333  R  X
  SRAM                  20000000   00008000  000012d3  00006d2d  RW X


SEGMENT ALLOCATION MAP

run origin  load origin   length   init length attrs members
----------  ----------- ---------- ----------- ----- -------
00000000    00000000    00002cd0   00002cd0    r-x
  00000000    00000000    0000026c   0000026c    r-- .intvecs
  0000026c    0000026c    00002918   00002918    r-x .text
  00002b84    00002b84    00000109   00000109    r-- .const
  00002c90    00002c90    00000040   00000040    r-- .cinit
20000000    20000000    000012d7   00000000    rw-
  20000000    20000000    0000026c   00000000    rw- .vtable
  20000270    20000270    00001000   00000000    rw- .stack
  20001270    20001270    00000060   00000000    rw- .bss
  200012d0    200012d0    00000007   00000000    rw- .data


SECTION ALLOCATION MAP

 output                                  attributes/
section   page    origin      length       input sections
--------  ----  ----------  ----------   ----------------
.intvecs   0    00000000    0000026c     
                  00000000    0000026c     tm4c123gh6pm_startup_ccs.obj (.intvecs)

.text      0    0000026c    00002918     
                  0000026c    00000a4e     rtsv7M4_T_le_v4SPD16_eabi.lib : _printfi.c.obj (.text:__TI_printfi)
                  00000cba    00000002                                   : div0.asm.obj (.text)
                  00000cbc    00000328     lcd.obj (.text)
                  00000fe4    00000318     servo.obj (.text)
                  000012fc    00000270     rtsv7M4_T_le_v4SPD16_eabi.lib : _printfi.c.obj (.text:_pconv_a)
                  0000156c    00000248     Timer.obj (.text)
                  000017b4    000001d0     rtsv7M4_T_le_v4SPD16_eabi.lib : _printfi.c.obj (.text:_pconv_g)
                  00001984    000001b6                                   : fd_add_t2.asm.obj (.text)
                  00001b3a    00000002     --HOLE-- [fill = 0]
                  00001b3c    0000013c                                   : _printfi.c.obj (.text:_pconv_e)
                  00001c78    00000136                                   : fd_div_t2.asm.obj (.text)
                  00001dae    00000002     --HOLE-- [fill = 0]
                  00001db0    00000124                                   : _printfi.c.obj (.text:fcvt)
                  00001ed4    00000110                                   : s_scalbn.c.obj (.text:scalbn)
                  00001fe4    000000fc                                   : fd_mul_t2.asm.obj (.text)
                  000020e0    000000b1                                   : _printfi.c.obj (.text:_ltostr)
                  00002191    00000001     --HOLE-- [fill = 0]
                  00002192    0000009c                                   : memcpy_t2.asm.obj (.text)
                  0000222e    00000096                                   : ull_div_t2.asm.obj (.text)
                  000022c4    00000086                                   : fd_cmp_t2.asm.obj (.text:__aeabi_cdcmple)
                  0000234a    00000086                                   : fd_cmp_t2.asm.obj (.text:__aeabi_cdrcmple)
                  000023d0    00000080     button.obj (.text)
                  00002450    0000007a     rtsv7M4_T_le_v4SPD16_eabi.lib : memset_t2.asm.obj (.text)
                  000024ca    0000006e                                   : _printfi.c.obj (.text:_mcpy)
                  00002538    0000006e                                   : fd_tos_t2.asm.obj (.text)
                  000025a6    00000068                                   : copy_decompress_lzss.c.obj (.text:decompress:lzss:__TI_decompress_lzss)
                  0000260e    00000002     --HOLE-- [fill = 0]
                  00002610    00000064                                   : s_frexp.c.obj (.text:frexp)
                  00002674    00000056                                   : _printfi.c.obj (.text:_pconv_f)
                  000026ca    00000054                                   : _ltoa.c.obj (.text:__TI_ltoa)
                  0000271e    00000052                                   : _printfi.c.obj (.text:_ecpy)
                  00002770    00000050     lab9_template.obj (.text)
                  000027c0    0000004c     rtsv7M4_T_le_v4SPD16_eabi.lib : atoi.c.obj (.text:atoi)
                  0000280c    00000048                                   : fd_toi_t2.asm.obj (.text)
                  00002854    00000044                                   : autoinit.c.obj (.text:__TI_auto_init_nobinit_nopinit:__TI_auto_init_nobinit_nopinit)
                  00002898    00000040                                   : sprintf.c.obj (.text:sprintf)
                  000028d8    00000040                                   : vsnprintf.c.obj (.text:vsnprintf)
                  00002918    0000003e                                   : _printfi.c.obj (.text:_fcpy)
                  00002956    00000038                                   : fs_tod_t2.asm.obj (.text)
                  0000298e    00000002     --HOLE-- [fill = 0]
                  00002990    00000034     driverlib.lib : interrupt.obj (.text:IntRegister)
                  000029c4    00000034     rtsv7M4_T_le_v4SPD16_eabi.lib : boot_cortex_m.c.obj (.text:_c_int00_noargs:_c_int00_noargs)
                  000029f8    00000030                                   : vsnprintf.c.obj (.text:_outs)
                  00002a28    0000002e                                   : i_tofd_t2.asm.obj (.text)
                  00002a56    0000001c                                   : copy_zero_init.c.obj (.text:decompress:ZI:__TI_zero_init_nomemset:__TI_zero_init_nomemset)
                  00002a72    0000001c                                   : memccpy.c.obj (.text:memccpy)
                  00002a8e    0000001a                                   : s_copysign.c.obj (.text:copysign)
                  00002aa8    00000018                                   : vsnprintf.c.obj (.text:_outc)
                  00002ac0    00000018                                   : sprintf.c.obj (.text:_outs)
                  00002ad8    00000018                                   : strcmp.c.obj (.text:strcmp)
                  00002af0    00000016                                   : strchr.c.obj (.text:strchr)
                  00002b06    00000014                                   : strcpy.c.obj (.text:strcpy)
                  00002b1a    00000014                                   : strlen.c.obj (.text:strlen)
                  00002b2e    00000012                                   : wcslen.c.obj (.text:wcslen)
                  00002b40    00000010     lcd.obj (.text:lcd_clear)
                  00002b50    0000000e     rtsv7M4_T_le_v4SPD16_eabi.lib : copy_decompress_none.c.obj (.text:decompress:none:__TI_decompress_none)
                  00002b5e    0000000c     tm4c123gh6pm_startup_ccs.obj (.text)
                  00002b6a    0000000a     rtsv7M4_T_le_v4SPD16_eabi.lib : sprintf.c.obj (.text:_outc)
                  00002b74    00000008                                   : errno.c.obj (.text:__aeabi_errno_addr)
                  00002b7c    00000004                                   : pre_init.c.obj (.text:_system_pre_init)
                  00002b80    00000004                                   : exit.c.obj (.text:abort:abort)

.const     0    00002b84    00000109     
                  00002b84    00000101     rtsv7M4_T_le_v4SPD16_eabi.lib : ctype.c.obj (.const:.string:_ctypes_)
                  00002c85    00000004     lcd.obj (.const:.string:lineAddress$1)
                  00002c89    00000004     lcd.obj (.const:.string:lineAddresses$2)

.cinit     0    00002c90    00000040     
                  00002c90    0000000c     (__TI_handler_table)
                  00002c9c    00000004     --HOLE-- [fill = 0]
                  00002ca0    00000008     (.cinit..bss.load) [load image, compression = zero_init]
                  00002ca8    00000008     (.cinit..vtable.load) [load image, compression = zero_init]
                  00002cb0    00000007     (.cinit..data.load) [load image, compression = lzss]
                  00002cb7    00000001     --HOLE-- [fill = 0]
                  00002cb8    00000018     (__TI_cinit_table)

.init_array 
*          0    00000000    00000000     UNINITIALIZED

.vtable    0    20000000    0000026c     UNINITIALIZED
                  20000000    0000026c     driverlib.lib : interrupt.obj (.vtable)

.bss       0    20001270    00000060     UNINITIALIZED
                  20001270    00000054     lcd.obj (.bss:lastbuffer$3)
                  200012c4    00000004     (.common:_timeout_ticks)
                  200012c8    00000004     (.common:true_0)
                  200012cc    00000004     (.common:true_180)

.data      0    200012d0    00000007     UNINITIALIZED
                  200012d0    00000004     rtsv7M4_T_le_v4SPD16_eabi.lib : errno.c.obj (.data)
                  200012d4    00000001     Timer.obj (.data)
                  200012d5    00000001     button.obj (.data)
                  200012d6    00000001     servo.obj (.data)

.stack     0    20000270    00001000     UNINITIALIZED
                  20000270    00000004     rtsv7M4_T_le_v4SPD16_eabi.lib : boot_cortex_m.c.obj (.stack)
                  20000274    00000ffc     --HOLE--

__llvm_prf_cnts 
*          0    20000000    00000000     UNINITIALIZED

MODULE SUMMARY

       Module                         code    ro data   rw data
       ------                         ----    -------   -------
    .\
       tm4c123gh6pm_startup_ccs.obj   12      620       0      
    +--+------------------------------+-------+---------+---------+
       Total:                         12      620       0      
                                                               
    .\Lab9 Code Files\
       lcd.obj                        824     8         84     
       servo.obj                      792     0         9      
       Timer.obj                      584     0         5      
       button.obj                     128     0         1      
       lab9_template.obj              80      0         0      
    +--+------------------------------+-------+---------+---------+
       Total:                         2408    8         99     
                                                               
    C:/ti/TivaWare_C_Series-2.2.0.295/driverlib/ccs/Debug/driverlib.lib
       interrupt.obj                  52      0         620    
    +--+------------------------------+-------+---------+---------+
       Total:                         52      0         620    
                                                               
    C:\ti\ccs1271\ccs\tools\compiler\ti-cgt-arm_20.2.7.LTS\lib\rtsv7M4_T_le_v4SPD16_eabi.lib
       _printfi.c.obj                 4851    0         0      
       fd_add_t2.asm.obj              438     0         0      
       fd_div_t2.asm.obj              310     0         0      
       s_scalbn.c.obj                 272     0         0      
       fd_cmp_t2.asm.obj              268     0         0      
       ctype.c.obj                    0       257       0      
       fd_mul_t2.asm.obj              252     0         0      
       memcpy_t2.asm.obj              156     0         0      
       ull_div_t2.asm.obj             150     0         0      
       vsnprintf.c.obj                136     0         0      
       memset_t2.asm.obj              122     0         0      
       fd_tos_t2.asm.obj              110     0         0      
       copy_decompress_lzss.c.obj     104     0         0      
       s_frexp.c.obj                  100     0         0      
       sprintf.c.obj                  98      0         0      
       _ltoa.c.obj                    84      0         0      
       atoi.c.obj                     76      0         0      
       fd_toi_t2.asm.obj              72      0         0      
       autoinit.c.obj                 68      0         0      
       fs_tod_t2.asm.obj              56      0         0      
       boot_cortex_m.c.obj            52      0         0      
       i_tofd_t2.asm.obj              46      0         0      
       copy_zero_init.c.obj           28      0         0      
       memccpy.c.obj                  28      0         0      
       s_copysign.c.obj               26      0         0      
       strcmp.c.obj                   24      0         0      
       strchr.c.obj                   22      0         0      
       strcpy.c.obj                   20      0         0      
       strlen.c.obj                   20      0         0      
       wcslen.c.obj                   18      0         0      
       copy_decompress_none.c.obj     14      0         0      
       errno.c.obj                    8       0         4      
       exit.c.obj                     4       0         0      
       pre_init.c.obj                 4       0         0      
       div0.asm.obj                   2       0         0      
    +--+------------------------------+-------+---------+---------+
       Total:                         8039    257       4      
                                                               
       Stack:                         0       0         4096   
       Linker Generated:              0       59        0      
    +--+------------------------------+-------+---------+---------+
       Grand Total:                   10511   944       4819   


LINKER GENERATED COPY TABLES

__TI_cinit_table @ 00002cb8 records: 3, size/record: 8, table size: 24
	.bss: load addr=00002ca0, load size=00000008 bytes, run addr=20001270, run size=00000060 bytes, compression=zero_init
	.vtable: load addr=00002ca8, load size=00000008 bytes, run addr=20000000, run size=0000026c bytes, compression=zero_init
	.data: load addr=00002cb0, load size=00000007 bytes, run addr=200012d0, run size=00000007 bytes, compression=lzss


LINKER GENERATED HANDLER TABLE

__TI_handler_table @ 00002c90 records: 3, size/record: 4, table size: 12
	index: 0, handler: __TI_zero_init
	index: 1, handler: __TI_decompress_lzss
	index: 2, handler: __TI_decompress_none


GLOBAL SYMBOLS: SORTED ALPHABETICALLY BY Name 

address   name                          
-------   ----                          
00002b81  C$$EXIT                       
00002991  IntRegister                   
00002b5f  ResetISR                      
20001270  __STACK_END                   
00001000  __STACK_SIZE                  
20000470  __STACK_TOP                   
00002cb8  __TI_CINIT_Base               
00002cd0  __TI_CINIT_Limit              
00002c90  __TI_Handler_Table_Base       
00002c9c  __TI_Handler_Table_Limit      
00002855  __TI_auto_init_nobinit_nopinit
000025a7  __TI_decompress_lzss          
00002b51  __TI_decompress_none          
000026cb  __TI_ltoa                     
ffffffff  __TI_pprof_out_hndl           
0000026d  __TI_printfi                  
ffffffff  __TI_prof_data_size           
ffffffff  __TI_prof_data_start          
00000000  __TI_static_base__            
00002a57  __TI_zero_init_nomemset       
000022c5  __aeabi_cdcmpeq               
000022c5  __aeabi_cdcmple               
0000234b  __aeabi_cdrcmple              
00002539  __aeabi_d2f                   
0000280d  __aeabi_d2iz                  
0000198f  __aeabi_dadd                  
00001c79  __aeabi_ddiv                  
00001fe5  __aeabi_dmul                  
00001985  __aeabi_dsub                  
00002b75  __aeabi_errno_addr            
00002957  __aeabi_f2d                   
00002a29  __aeabi_i2d                   
00000cbb  __aeabi_idiv0                 
00000cbb  __aeabi_ldiv0                 
00002451  __aeabi_memclr                
00002451  __aeabi_memclr4               
00002451  __aeabi_memclr8               
00002193  __aeabi_memcpy                
00002193  __aeabi_memcpy4               
00002193  __aeabi_memcpy8               
00002453  __aeabi_memset                
00002453  __aeabi_memset4               
00002453  __aeabi_memset8               
0000222f  __aeabi_uldivmod              
ffffffff  __binit__                     
ffffffff  __c_args__                    
UNDEFED   __mpu_init                    
20000270  __stack                       
20000000  __start___llvm_prf_cnts       
20000000  __stop___llvm_prf_cnts        
000029c5  _c_int00_noargs               
00002b84  _ctypes_                      
200012d4  _running                      
UNDEFED   _system_post_cinit            
00002b7d  _system_pre_init              
200012c4  _timeout_ticks                
00002b81  abort                         
000027c1  atoi                          
ffffffff  binit                         
00002405  button_getButton              
000023d1  button_init                   
200012d6  calibrated                    
00002a8f  copysign                      
00002a8f  copysignl                     
200012d0  errno                         
00002611  frexp                         
00002611  frexpl                        
20000000  g_pfnRAMVectors               
00000000  g_pfnVectors                  
00002b41  lcd_clear                     
00000e91  lcd_gotoLine                  
00000cf9  lcd_init                      
00000ef7  lcd_printf                    
00000db9  lcd_putc                      
00000df1  lcd_puts                      
00000cbd  lcd_reverseNibble             
00000e0f  lcd_sendCommand               
00000e4d  lcd_sendNibble                
00000eb9  lcd_setCursorPos              
00001ed5  ldexp                         
00001ed5  ldexpl                        
00002771  main                          
00002a73  memccpy                       
00002193  memcpy                        
00002459  memset                        
00001ed5  scalbn                        
00001ed5  scalbnl                       
00001131  servo_calibrate               
00000fe5  servo_init                    
00001097  servo_move                    
00002899  sprintf                       
00002af1  strchr                        
00002ad9  strcmp                        
00002b07  strcpy                        
00002b1b  strlen                        
0000168b  timer_getMicros               
00001633  timer_getMillis               
0000156d  timer_init                    
0000160f  timer_pause                   
00001621  timer_resume                  
000015e5  timer_stop                    
000016e5  timer_waitMicros              
00001717  timer_waitMillis              
200012c8  true_0                        
200012cc  true_180                      
000028d9  vsnprintf                     
00002b2f  wcslen                        


GLOBAL SYMBOLS: SORTED BY Symbol Address 

address   name                          
-------   ----                          
00000000  __TI_static_base__            
00000000  g_pfnVectors                  
0000026d  __TI_printfi                  
00000cbb  __aeabi_idiv0                 
00000cbb  __aeabi_ldiv0                 
00000cbd  lcd_reverseNibble             
00000cf9  lcd_init                      
00000db9  lcd_putc                      
00000df1  lcd_puts                      
00000e0f  lcd_sendCommand               
00000e4d  lcd_sendNibble                
00000e91  lcd_gotoLine                  
00000eb9  lcd_setCursorPos              
00000ef7  lcd_printf                    
00000fe5  servo_init                    
00001000  __STACK_SIZE                  
00001097  servo_move                    
00001131  servo_calibrate               
0000156d  timer_init                    
000015e5  timer_stop                    
0000160f  timer_pause                   
00001621  timer_resume                  
00001633  timer_getMillis               
0000168b  timer_getMicros               
000016e5  timer_waitMicros              
00001717  timer_waitMillis              
00001985  __aeabi_dsub                  
0000198f  __aeabi_dadd                  
00001c79  __aeabi_ddiv                  
00001ed5  ldexp                         
00001ed5  ldexpl                        
00001ed5  scalbn                        
00001ed5  scalbnl                       
00001fe5  __aeabi_dmul                  
00002193  __aeabi_memcpy                
00002193  __aeabi_memcpy4               
00002193  __aeabi_memcpy8               
00002193  memcpy                        
0000222f  __aeabi_uldivmod              
000022c5  __aeabi_cdcmpeq               
000022c5  __aeabi_cdcmple               
0000234b  __aeabi_cdrcmple              
000023d1  button_init                   
00002405  button_getButton              
00002451  __aeabi_memclr                
00002451  __aeabi_memclr4               
00002451  __aeabi_memclr8               
00002453  __aeabi_memset                
00002453  __aeabi_memset4               
00002453  __aeabi_memset8               
00002459  memset                        
00002539  __aeabi_d2f                   
000025a7  __TI_decompress_lzss          
00002611  frexp                         
00002611  frexpl                        
000026cb  __TI_ltoa                     
00002771  main                          
000027c1  atoi                          
0000280d  __aeabi_d2iz                  
00002855  __TI_auto_init_nobinit_nopinit
00002899  sprintf                       
000028d9  vsnprintf                     
00002957  __aeabi_f2d                   
00002991  IntRegister                   
000029c5  _c_int00_noargs               
00002a29  __aeabi_i2d                   
00002a57  __TI_zero_init_nomemset       
00002a73  memccpy                       
00002a8f  copysign                      
00002a8f  copysignl                     
00002ad9  strcmp                        
00002af1  strchr                        
00002b07  strcpy                        
00002b1b  strlen                        
00002b2f  wcslen                        
00002b41  lcd_clear                     
00002b51  __TI_decompress_none          
00002b5f  ResetISR                      
00002b75  __aeabi_errno_addr            
00002b7d  _system_pre_init              
00002b81  C$$EXIT                       
00002b81  abort                         
00002b84  _ctypes_                      
00002c90  __TI_Handler_Table_Base       
00002c9c  __TI_Handler_Table_Limit      
00002cb8  __TI_CINIT_Base               
00002cd0  __TI_CINIT_Limit              
20000000  __start___llvm_prf_cnts       
20000000  __stop___llvm_prf_cnts        
20000000  g_pfnRAMVectors               
20000270  __stack                       
20000470  __STACK_TOP                   
20001270  __STACK_END                   
200012c4  _timeout_ticks                
200012c8  true_0                        
200012cc  true_180                      
200012d0  errno                         
200012d4  _running                      
200012d6  calibrated                    
ffffffff  __TI_pprof_out_hndl           
ffffffff  __TI_prof_data_size           
ffffffff  __TI_prof_data_start          
ffffffff  __binit__                     
ffffffff  __c_args__                    
ffffffff  binit                         
UNDEFED   __mpu_init                    
UNDEFED   _system_post_cinit            

[107 symbols]
