******************************************************************************
                  TI ARM Linker PC v20.2.7                     
******************************************************************************
>> Linked Thu Mar 13 11:52:15 2025

OUTPUT FILE NAME:   <Lab7.out>
ENTRY POINT SYMBOL: "_c_int00_noargs"  address: 000057b9


MEMORY CONFIGURATION

         name            origin    length      used     unused   attr    fill
----------------------  --------  ---------  --------  --------  ----  --------
  FLASH                 00000000   00040000  00006093  00039f6d  R  X
  SRAM                  20000000   00008000  00002336  00005cca  RW X


SEGMENT ALLOCATION MAP

run origin  load origin   length   init length attrs members
----------  ----------- ---------- ----------- ----- -------
00000000    00000000    00006098   00006098    r-x
  00000000    00000000    0000026c   0000026c    r-- .intvecs
  0000026c    0000026c    00005790   00005790    r-x .text
  00005a00    00005a00    0000063f   0000063f    r-- .const
  00006040    00006040    00000058   00000058    r-- .cinit
20000000    20000000    0000233d   00000000    rw-
  20000000    20000000    0000026c   00000000    rw- .vtable
  20000270    20000270    00001000   00000000    rw- .stack
  20001270    20001270    00001000   00000000    rw- .sysmem
  20002270    20002270    00000089   00000000    rw- .bss
  200022fc    200022fc    00000041   00000000    rw- .data


SECTION ALLOCATION MAP

 output                                  attributes/
section   page    origin      length       input sections
--------  ----  ----------  ----------   ----------------
.intvecs   0    00000000    0000026c     
                  00000000    0000026c     tm4c123gh6pm_startup_ccs.obj (.intvecs)

.text      0    0000026c    00005790     
                  0000026c    00000c20     open_interface.obj (.text)
                  00000e8c    00000a4e     rtsv7M4_T_le_v4SPD16_eabi.lib : _printfi.c.obj (.text:__TI_printfi)
                  000018da    00000002                                   : _lock.c.obj (.text:_nop)
                  000018dc    00000738                                   : k_rem_pio2.c.obj (.text:__kernel_rem_pio2)
                  00002014    0000070c     main.obj (.text)
                  00002720    00000508     rtsv7M4_T_le_v4SPD16_eabi.lib : s_tan.c.obj (.text:tan)
                  00002c28    00000330     movement.obj (.text)
                  00002f58    00000328     lcd.obj (.text)
                  00003280    0000031c     rtsv7M4_T_le_v4SPD16_eabi.lib : k_tan.c.obj (.text:__kernel_tan)
                  0000359c    00000270                                   : _printfi.c.obj (.text:_pconv_a)
                  0000380c    00000260     libcybotScan.lib : cyBot_Scan.obj (.text)
                  00003a6c    00000248     Timer.obj (.text)
                  00003cb4    000001ec     libcybotScan.lib : ping.obj (.text)
                  00003ea0    000001e4     uart-interrupt.obj (.text)
                  00004084    000001d0     rtsv7M4_T_le_v4SPD16_eabi.lib : _printfi.c.obj (.text:_pconv_g)
                  00004254    000001b6                                   : fd_add_t2.asm.obj (.text)
                  0000440a    00000002                                   : div0.asm.obj (.text)
                  0000440c    00000158     libcybotScan.lib : servo.obj (.text)
                  00004564    0000013c     rtsv7M4_T_le_v4SPD16_eabi.lib : _printfi.c.obj (.text:_pconv_e)
                  000046a0    00000136                                   : fd_div_t2.asm.obj (.text)
                  000047d6    00000002     --HOLE-- [fill = 0]
                  000047d8    00000124                                   : _printfi.c.obj (.text:fcvt)
                  000048fc    00000118     libcybotScan.lib : ir.obj (.text)
                  00004a14    00000110     rtsv7M4_T_le_v4SPD16_eabi.lib : s_scalbn.c.obj (.text:scalbn)
                  00004b24    00000100                                   : memory.c.obj (.text:aligned_alloc)
                  00004c24    000000fc                                   : fd_mul_t2.asm.obj (.text)
                  00004d20    000000f8                                   : s_floor.c.obj (.text:floor)
                  00004e18    000000e4                                   : memory.c.obj (.text:free)
                  00004efc    000000b1                                   : _printfi.c.obj (.text:_ltostr)
                  00004fad    00000001     --HOLE-- [fill = 0]
                  00004fae    0000009c                                   : memcpy_t2.asm.obj (.text)
                  0000504a    00000096                                   : ull_div_t2.asm.obj (.text)
                  000050e0    00000086                                   : fd_cmp_t2.asm.obj (.text:__aeabi_cdcmple)
                  00005166    00000086                                   : fd_cmp_t2.asm.obj (.text:__aeabi_cdrcmple)
                  000051ec    0000007a                                   : memset_t2.asm.obj (.text)
                  00005266    00000002     --HOLE-- [fill = 0]
                  00005268    00000070                                   : memory.c.obj (.text:split)
                  000052d8    0000006e                                   : _printfi.c.obj (.text:_mcpy)
                  00005346    0000006e                                   : fd_tos_t2.asm.obj (.text)
                  000053b4    00000068                                   : copy_decompress_lzss.c.obj (.text:decompress:lzss:__TI_decompress_lzss)
                  0000541c    00000064                                   : s_frexp.c.obj (.text:frexp)
                  00005480    00000056                                   : _printfi.c.obj (.text:_pconv_f)
                  000054d6    00000054                                   : _ltoa.c.obj (.text:__TI_ltoa)
                  0000552a    00000052                                   : _printfi.c.obj (.text:_ecpy)
                  0000557c    0000004c                                   : atoi.c.obj (.text:atoi)
                  000055c8    00000048                                   : fd_toi_t2.asm.obj (.text)
                  00005610    00000044                                   : autoinit.c.obj (.text:__TI_auto_init_nobinit_nopinit:__TI_auto_init_nobinit_nopinit)
                  00005654    00000040                                   : sprintf.c.obj (.text:sprintf)
                  00005694    00000040                                   : vsnprintf.c.obj (.text:vsnprintf)
                  000056d4    0000003e                                   : _printfi.c.obj (.text:_fcpy)
                  00005712    00000002     --HOLE-- [fill = 0]
                  00005714    00000038                                   : memory.c.obj (.text:calloc)
                  0000574c    00000038                                   : fs_tod_t2.asm.obj (.text)
                  00005784    00000034     driverlib.lib : interrupt.obj (.text:IntRegister)
                  000057b8    00000034     rtsv7M4_T_le_v4SPD16_eabi.lib : boot_cortex_m.c.obj (.text:_c_int00_noargs:_c_int00_noargs)
                  000057ec    00000030                                   : vsnprintf.c.obj (.text:_outs)
                  0000581c    0000002e                                   : i_tofd_t2.asm.obj (.text)
                  0000584a    00000002     --HOLE-- [fill = 0]
                  0000584c    00000028                                   : memory.c.obj (.text:free_list_insert)
                  00005874    0000001c                                   : copy_zero_init.c.obj (.text:decompress:ZI:__TI_zero_init_nomemset:__TI_zero_init_nomemset)
                  00005890    0000001c                                   : memory.c.obj (.text:free_list_remove)
                  000058ac    0000001c                                   : memccpy.c.obj (.text:memccpy)
                  000058c8    0000001a                                   : s_copysign.c.obj (.text:copysign)
                  000058e2    00000018                                   : vsnprintf.c.obj (.text:_outc)
                  000058fa    00000018                                   : sprintf.c.obj (.text:_outs)
                  00005912    00000018     open_interface.obj (.text:oi_parseInt)
                  0000592a    00000018     rtsv7M4_T_le_v4SPD16_eabi.lib : strcmp.c.obj (.text:strcmp)
                  00005942    00000016                                   : strchr.c.obj (.text:strchr)
                  00005958    00000014                                   : strcpy.c.obj (.text:strcpy)
                  0000596c    00000014                                   : strlen.c.obj (.text:strlen)
                  00005980    00000012                                   : wcslen.c.obj (.text:wcslen)
                  00005992    00000010     driverlib.lib : interrupt.obj (.text:IntMasterEnable)
                  000059a2    00000010     lcd.obj (.text:lcd_clear)
                  000059b2    0000000e     rtsv7M4_T_le_v4SPD16_eabi.lib : copy_decompress_none.c.obj (.text:decompress:none:__TI_decompress_none)
                  000059c0    0000000c     driverlib.lib : cpu.obj (.text:CPUcpsie)
                  000059cc    0000000c     tm4c123gh6pm_startup_ccs.obj (.text)
                  000059d8    0000000a     rtsv7M4_T_le_v4SPD16_eabi.lib : sprintf.c.obj (.text:_outc)
                  000059e2    00000002     --HOLE-- [fill = 0]
                  000059e4    00000008                                   : errno.c.obj (.text:__aeabi_errno_addr)
                  000059ec    00000008                                   : memory.c.obj (.text:malloc)
                  000059f4    00000004                                   : pre_init.c.obj (.text:_system_pre_init)
                  000059f8    00000004                                   : exit.c.obj (.text:abort:abort)

.const     0    00005a00    0000063f     
                  00005a00    000001e0     main.obj (.const:$P$T1$2)
                  00005be0    0000016c     main.obj (.const:$P$T0$1)
                  00005d4c    00000004     lcd.obj (.const:.string:lineAddress$1)
                  00005d50    00000158     rtsv7M4_T_le_v4SPD16_eabi.lib : k_rem_pio2.c.obj (.const:$O1$$)
                  00005ea8    00000101                                   : ctype.c.obj (.const:.string:_ctypes_)
                  00005fa9    00000004     lcd.obj (.const:.string:lineAddresses$2)
                  00005fad    00000003     --HOLE-- [fill = 0]
                  00005fb0    00000080     rtsv7M4_T_le_v4SPD16_eabi.lib : k_tan.c.obj (.const:xxx)
                  00006030    0000000f     open_interface.obj (.const:.string:$P$T0$3)

.cinit     0    00006040    00000058     
                  00006040    0000001f     (.cinit..data.load) [load image, compression = lzss]
                  0000605f    00000001     --HOLE-- [fill = 0]
                  00006060    0000000c     (__TI_handler_table)
                  0000606c    00000004     --HOLE-- [fill = 0]
                  00006070    00000008     (.cinit..bss.load) [load image, compression = zero_init]
                  00006078    00000008     (.cinit..vtable.load) [load image, compression = zero_init]
                  00006080    00000018     (__TI_cinit_table)

.init_array 
*          0    00000000    00000000     UNINITIALIZED

.vtable    0    20000000    0000026c     UNINITIALIZED
                  20000000    0000026c     driverlib.lib : interrupt.obj (.vtable)

.stack     0    20000270    00001000     UNINITIALIZED
                  20000270    00000004     rtsv7M4_T_le_v4SPD16_eabi.lib : boot_cortex_m.c.obj (.stack)
                  20000274    00000ffc     --HOLE--

.sysmem    0    20001270    00001000     UNINITIALIZED
                  20001270    00000010     rtsv7M4_T_le_v4SPD16_eabi.lib : memory.c.obj (.sysmem)
                  20001280    00000ff0     --HOLE--

.bss       0    20002270    00000089     UNINITIALIZED
                  20002270    00000054     lcd.obj (.bss:lastbuffer$3)
                  200022c4    00000018     open_interface.obj (.bss:firmware$2)
                  200022dc    00000004     (.common:_timeout_ticks)
                  200022e0    00000004     (.common:fallingEdge)
                  200022e4    00000004     (.common:isr_int_value)
                  200022e8    00000004     (.common:left_calibration_value)
                  200022ec    00000004     (.common:pulseLength)
                  200022f0    00000004     (.common:right_calibration_value)
                  200022f4    00000004     (.common:risingEdge)
                  200022f8    00000001     (.common:isRisingEdge)

.data      0    200022fc    00000041     UNINITIALIZED
                  200022fc    00000020     open_interface.obj (.data)
                  2000231c    00000008     rtsv7M4_T_le_v4SPD16_eabi.lib : _lock.c.obj (.data:$O1$$)
                  20002324    00000008                                   : memory.c.obj (.data:$O1$$)
                  2000232c    00000008     uart-interrupt.obj (.data)
                  20002334    00000004     libcybotScan.lib : cyBot_Scan.obj (.data)
                  20002338    00000004     rtsv7M4_T_le_v4SPD16_eabi.lib : errno.c.obj (.data)
                  2000233c    00000001     Timer.obj (.data)

__llvm_prf_cnts 
*          0    20000000    00000000     UNINITIALIZED

MODULE SUMMARY

       Module                         code    ro data   rw data
       ------                         ----    -------   -------
    .\
       tm4c123gh6pm_startup_ccs.obj   12      620       0      
    +--+------------------------------+-------+---------+---------+
       Total:                         12      620       0      
                                                               
    .\Lab6 Code Files\
       open_interface.obj             3128    15        56     
       main.obj                       1804    844       0      
       lcd.obj                        824     8         84     
       movement.obj                   816     0         0      
       Timer.obj                      584     0         5      
       uart-interrupt.obj             484     0         8      
       calibration.obj                0       0         8      
    +--+------------------------------+-------+---------+---------+
       Total:                         7640    867       161    
                                                               
    ../Lab6 Code Files/libcybotScan.lib
       cyBot_Scan.obj                 608     0         4      
       ping.obj                       492     0         13     
       servo.obj                      344     0         0      
       ir.obj                         280     0         4      
    +--+------------------------------+-------+---------+---------+
       Total:                         1724    0         21     
                                                               
    C:/ti/TivaWare_C_Series-2.2.0.295/driverlib/ccs/Debug/driverlib.lib
       interrupt.obj                  68      0         620    
       cpu.obj                        12      0         0      
    +--+------------------------------+-------+---------+---------+
       Total:                         80      0         620    
                                                               
    C:\ti\ccs1271\ccs\tools\compiler\ti-cgt-arm_20.2.7.LTS\lib\rtsv7M4_T_le_v4SPD16_eabi.lib
       _printfi.c.obj                 4851    0         0      
       k_rem_pio2.c.obj               1848    344       0      
       s_tan.c.obj                    1288    0         0      
       k_tan.c.obj                    796     128       0      
       memory.c.obj                   728     0         8      
       fd_add_t2.asm.obj              438     0         0      
       fd_div_t2.asm.obj              310     0         0      
       s_scalbn.c.obj                 272     0         0      
       fd_cmp_t2.asm.obj              268     0         0      
       ctype.c.obj                    0       257       0      
       fd_mul_t2.asm.obj              252     0         0      
       s_floor.c.obj                  248     0         0      
       memcpy_t2.asm.obj              156     0         0      
       ull_div_t2.asm.obj             150     0         0      
       vsnprintf.c.obj                136     0         0      
       memset_t2.asm.obj              122     0         0      
       fd_tos_t2.asm.obj              110     0         0      
       copy_decompress_lzss.c.obj     104     0         0      
       s_frexp.c.obj                  100     0         0      
       sprintf.c.obj                  98      0         0      
       _ltoa.c.obj                    84      0         0      
       atoi.c.obj                     76      0         0      
       fd_toi_t2.asm.obj              72      0         0      
       autoinit.c.obj                 68      0         0      
       fs_tod_t2.asm.obj              56      0         0      
       boot_cortex_m.c.obj            52      0         0      
       i_tofd_t2.asm.obj              46      0         0      
       copy_zero_init.c.obj           28      0         0      
       memccpy.c.obj                  28      0         0      
       s_copysign.c.obj               26      0         0      
       strcmp.c.obj                   24      0         0      
       strchr.c.obj                   22      0         0      
       strcpy.c.obj                   20      0         0      
       strlen.c.obj                   20      0         0      
       wcslen.c.obj                   18      0         0      
       copy_decompress_none.c.obj     14      0         0      
       errno.c.obj                    8       0         4      
       _lock.c.obj                    2       0         8      
       exit.c.obj                     4       0         0      
       pre_init.c.obj                 4       0         0      
       div0.asm.obj                   2       0         0      
    +--+------------------------------+-------+---------+---------+
       Total:                         12949   729       20     
                                                               
       Heap:                          0       0         4096   
       Stack:                         0       0         4096   
       Linker Generated:              0       83        0      
    +--+------------------------------+-------+---------+---------+
       Grand Total:                   22405   2299      9014   


LINKER GENERATED COPY TABLES

__TI_cinit_table @ 00006080 records: 3, size/record: 8, table size: 24
	.data: load addr=00006040, load size=0000001f bytes, run addr=200022fc, run size=00000041 bytes, compression=lzss
	.bss: load addr=00006070, load size=00000008 bytes, run addr=20002270, run size=00000089 bytes, compression=zero_init
	.vtable: load addr=00006078, load size=00000008 bytes, run addr=20000000, run size=0000026c bytes, compression=zero_init


LINKER GENERATED HANDLER TABLE

__TI_handler_table @ 00006060 records: 3, size/record: 4, table size: 12
	index: 0, handler: __TI_zero_init
	index: 1, handler: __TI_decompress_lzss
	index: 2, handler: __TI_decompress_none


GLOBAL SYMBOLS: SORTED ALPHABETICALLY BY Name 

address   name                          
-------   ----                          
00004995  ADC0SS0_Handler               
000059f9  C$$EXIT                       
000059c1  CPUcpsie                      
00000bc3  GPIOF_Handler                 
00005993  IntMasterEnable               
00005785  IntRegister                   
000059cd  ResetISR                      
00003da5  TIMER3B_Handler               
00003fb1  UART1_Handler                 
20001270  __STACK_END                   
00001000  __STACK_SIZE                  
20000470  __STACK_TOP                   
00001000  __SYSMEM_SIZE                 
00006080  __TI_CINIT_Base               
00006098  __TI_CINIT_Limit              
00006060  __TI_Handler_Table_Base       
0000606c  __TI_Handler_Table_Limit      
00005611  __TI_auto_init_nobinit_nopinit
000053b5  __TI_decompress_lzss          
000059b3  __TI_decompress_none          
000054d7  __TI_ltoa                     
ffffffff  __TI_pprof_out_hndl           
00000e8d  __TI_printfi                  
ffffffff  __TI_prof_data_size           
ffffffff  __TI_prof_data_start          
00000000  __TI_static_base__            
00005875  __TI_zero_init_nomemset       
000050e1  __aeabi_cdcmpeq               
000050e1  __aeabi_cdcmple               
00005167  __aeabi_cdrcmple              
00005347  __aeabi_d2f                   
000055c9  __aeabi_d2iz                  
0000425f  __aeabi_dadd                  
000046a1  __aeabi_ddiv                  
00004c25  __aeabi_dmul                  
00004255  __aeabi_dsub                  
000059e5  __aeabi_errno_addr            
0000574d  __aeabi_f2d                   
0000581d  __aeabi_i2d                   
0000440b  __aeabi_idiv0                 
0000440b  __aeabi_ldiv0                 
000051ed  __aeabi_memclr                
000051ed  __aeabi_memclr4               
000051ed  __aeabi_memclr8               
00004faf  __aeabi_memcpy                
00004faf  __aeabi_memcpy4               
00004faf  __aeabi_memcpy8               
000051ef  __aeabi_memset                
000051ef  __aeabi_memset4               
000051ef  __aeabi_memset8               
0000504b  __aeabi_uldivmod              
ffffffff  __binit__                     
ffffffff  __c_args__                    
000018dd  __kernel_rem_pio2             
00003281  __kernel_tan                  
UNDEFED   __mpu_init                    
20000270  __stack                       
20000000  __start___llvm_prf_cnts       
20000000  __stop___llvm_prf_cnts        
000057b9  _c_int00_noargs               
00005ea8  _ctypes_                      
2000231c  _lock                         
000018db  _nop                          
2000233c  _running                      
20001270  _sys_memory                   
UNDEFED   _system_post_cinit            
000059f5  _system_pre_init              
200022dc  _timeout_ticks                
20002320  _unlock                       
000059f9  abort                         
00004b25  aligned_alloc                 
0000557d  atoi                          
ffffffff  binit                         
00002ed1  bump_left                     
00002e7d  bump_right                    
00005715  calloc                        
2000232c  command_byte_GO               
2000232e  command_byte_QUIT             
2000232d  command_byte_STOP             
20002330  command_flag                  
000058c9  copysign                      
000058c9  copysignl                     
000038e5  cyBOT_SERVO_cal               
00003873  cyBOT_Scan                    
0000381b  cyBOT_init_Scan               
20002334  cyBOT_scan_features           
0000380d  cyBOT_scan_version            
20002338  errno                         
200022e0  fallingEdge                   
00004d21  floor                         
00004d21  floorl                        
00004e19  free                          
0000541d  frexp                         
0000541d  frexpl                        
20000000  g_pfnRAMVectors               
00000000  g_pfnVectors                  
0000097f  go_charge                     
000049ab  ir_enableInterrupt            
0000498d  ir_getDistance                
00004965  ir_getValue                   
000048fd  ir_init                       
200022f8  isRisingEdge                  
200022e4  isr_int_value                 
000059a3  lcd_clear                     
0000312d  lcd_gotoLine                  
00002f95  lcd_init                      
00003193  lcd_printf                    
00003055  lcd_putc                      
0000308d  lcd_puts                      
00002f59  lcd_reverseNibble             
000030ab  lcd_sendCommand               
000030e9  lcd_sendNibble                
00003155  lcd_setCursorPos              
00004a15  ldexp                         
00004a15  ldexpl                        
200022e8  left_calibration_value        
00002015  main                          
000059ed  malloc                        
00004b25  memalign                      
000058ad  memccpy                       
00004faf  memcpy                        
000051f5  memset                        
200022fc  motor_cal_factor_L            
20002300  motor_cal_factor_R            
00002cf9  move_backward                 
00002c29  move_forward                  
0000026d  oi_alloc                      
00000aa9  oi_checkFirmware              
000002c7  oi_close                      
00000279  oi_free                       
00000ded  oi_getMotorCalibrationLeft    
00000e01  oi_getMotorCalibrationRight   
000002b1  oi_init                       
00000289  oi_init_noupdate              
00000915  oi_loadSong                   
00005913  oi_parseInt                   
0000032b  oi_parsePacket                
0000096b  oi_play_song                  
0000084b  oi_setLeds                    
00000db1  oi_setMotorCalibration        
0000088f  oi_setWheels                  
00000b51  oi_shutoff_init               
0000098d  oi_uartInit                   
00000a31  oi_uartReceive                
00000a77  oi_uartSendBuff               
00000a15  oi_uartSendChar               
00000a59  oi_uartSendStr                
000002d9  oi_update                     
00003df7  ping_getDistance              
00003cb5  ping_init                     
00003d3b  ping_trigger                  
200022ec  pulseLength                   
200022f0  right_calibration_value       
200022f4  risingEdge                    
00004a15  scalbn                        
00004a15  scalbnl                       
0000440d  servo_init                    
0000449d  servo_move                    
000044fd  servo_setPWM                  
00004491  servo_stop                    
00005655  sprintf                       
00005943  strchr                        
0000592b  strcmp                        
00005959  strcpy                        
0000596d  strlen                        
00002721  tan                           
00002721  tanl                          
00003b8b  timer_getMicros               
00003b33  timer_getMillis               
00003a6d  timer_init                    
00003b0f  timer_pause                   
00003b21  timer_resume                  
00003ae5  timer_stop                    
00003be5  timer_waitMicros              
00003c17  timer_waitMillis              
00002e07  turn_left                     
00002d79  turn_right                    
00003ea1  uart_interrupt_init           
00003f77  uart_sendChar                 
00003f93  uart_sendStr                  
00005695  vsnprintf                     
00005981  wcslen                        


GLOBAL SYMBOLS: SORTED BY Symbol Address 

address   name                          
-------   ----                          
00000000  __TI_static_base__            
00000000  g_pfnVectors                  
0000026d  oi_alloc                      
00000279  oi_free                       
00000289  oi_init_noupdate              
000002b1  oi_init                       
000002c7  oi_close                      
000002d9  oi_update                     
0000032b  oi_parsePacket                
0000084b  oi_setLeds                    
0000088f  oi_setWheels                  
00000915  oi_loadSong                   
0000096b  oi_play_song                  
0000097f  go_charge                     
0000098d  oi_uartInit                   
00000a15  oi_uartSendChar               
00000a31  oi_uartReceive                
00000a59  oi_uartSendStr                
00000a77  oi_uartSendBuff               
00000aa9  oi_checkFirmware              
00000b51  oi_shutoff_init               
00000bc3  GPIOF_Handler                 
00000db1  oi_setMotorCalibration        
00000ded  oi_getMotorCalibrationLeft    
00000e01  oi_getMotorCalibrationRight   
00000e8d  __TI_printfi                  
00001000  __STACK_SIZE                  
00001000  __SYSMEM_SIZE                 
000018db  _nop                          
000018dd  __kernel_rem_pio2             
00002015  main                          
00002721  tan                           
00002721  tanl                          
00002c29  move_forward                  
00002cf9  move_backward                 
00002d79  turn_right                    
00002e07  turn_left                     
00002e7d  bump_right                    
00002ed1  bump_left                     
00002f59  lcd_reverseNibble             
00002f95  lcd_init                      
00003055  lcd_putc                      
0000308d  lcd_puts                      
000030ab  lcd_sendCommand               
000030e9  lcd_sendNibble                
0000312d  lcd_gotoLine                  
00003155  lcd_setCursorPos              
00003193  lcd_printf                    
00003281  __kernel_tan                  
0000380d  cyBOT_scan_version            
0000381b  cyBOT_init_Scan               
00003873  cyBOT_Scan                    
000038e5  cyBOT_SERVO_cal               
00003a6d  timer_init                    
00003ae5  timer_stop                    
00003b0f  timer_pause                   
00003b21  timer_resume                  
00003b33  timer_getMillis               
00003b8b  timer_getMicros               
00003be5  timer_waitMicros              
00003c17  timer_waitMillis              
00003cb5  ping_init                     
00003d3b  ping_trigger                  
00003da5  TIMER3B_Handler               
00003df7  ping_getDistance              
00003ea1  uart_interrupt_init           
00003f77  uart_sendChar                 
00003f93  uart_sendStr                  
00003fb1  UART1_Handler                 
00004255  __aeabi_dsub                  
0000425f  __aeabi_dadd                  
0000440b  __aeabi_idiv0                 
0000440b  __aeabi_ldiv0                 
0000440d  servo_init                    
00004491  servo_stop                    
0000449d  servo_move                    
000044fd  servo_setPWM                  
000046a1  __aeabi_ddiv                  
000048fd  ir_init                       
00004965  ir_getValue                   
0000498d  ir_getDistance                
00004995  ADC0SS0_Handler               
000049ab  ir_enableInterrupt            
00004a15  ldexp                         
00004a15  ldexpl                        
00004a15  scalbn                        
00004a15  scalbnl                       
00004b25  aligned_alloc                 
00004b25  memalign                      
00004c25  __aeabi_dmul                  
00004d21  floor                         
00004d21  floorl                        
00004e19  free                          
00004faf  __aeabi_memcpy                
00004faf  __aeabi_memcpy4               
00004faf  __aeabi_memcpy8               
00004faf  memcpy                        
0000504b  __aeabi_uldivmod              
000050e1  __aeabi_cdcmpeq               
000050e1  __aeabi_cdcmple               
00005167  __aeabi_cdrcmple              
000051ed  __aeabi_memclr                
000051ed  __aeabi_memclr4               
000051ed  __aeabi_memclr8               
000051ef  __aeabi_memset                
000051ef  __aeabi_memset4               
000051ef  __aeabi_memset8               
000051f5  memset                        
00005347  __aeabi_d2f                   
000053b5  __TI_decompress_lzss          
0000541d  frexp                         
0000541d  frexpl                        
000054d7  __TI_ltoa                     
0000557d  atoi                          
000055c9  __aeabi_d2iz                  
00005611  __TI_auto_init_nobinit_nopinit
00005655  sprintf                       
00005695  vsnprintf                     
00005715  calloc                        
0000574d  __aeabi_f2d                   
00005785  IntRegister                   
000057b9  _c_int00_noargs               
0000581d  __aeabi_i2d                   
00005875  __TI_zero_init_nomemset       
000058ad  memccpy                       
000058c9  copysign                      
000058c9  copysignl                     
00005913  oi_parseInt                   
0000592b  strcmp                        
00005943  strchr                        
00005959  strcpy                        
0000596d  strlen                        
00005981  wcslen                        
00005993  IntMasterEnable               
000059a3  lcd_clear                     
000059b3  __TI_decompress_none          
000059c1  CPUcpsie                      
000059cd  ResetISR                      
000059e5  __aeabi_errno_addr            
000059ed  malloc                        
000059f5  _system_pre_init              
000059f9  C$$EXIT                       
000059f9  abort                         
00005ea8  _ctypes_                      
00006060  __TI_Handler_Table_Base       
0000606c  __TI_Handler_Table_Limit      
00006080  __TI_CINIT_Base               
00006098  __TI_CINIT_Limit              
20000000  __start___llvm_prf_cnts       
20000000  __stop___llvm_prf_cnts        
20000000  g_pfnRAMVectors               
20000270  __stack                       
20000470  __STACK_TOP                   
20001270  __STACK_END                   
20001270  _sys_memory                   
200022dc  _timeout_ticks                
200022e0  fallingEdge                   
200022e4  isr_int_value                 
200022e8  left_calibration_value        
200022ec  pulseLength                   
200022f0  right_calibration_value       
200022f4  risingEdge                    
200022f8  isRisingEdge                  
200022fc  motor_cal_factor_L            
20002300  motor_cal_factor_R            
2000231c  _lock                         
20002320  _unlock                       
2000232c  command_byte_GO               
2000232d  command_byte_STOP             
2000232e  command_byte_QUIT             
20002330  command_flag                  
20002334  cyBOT_scan_features           
20002338  errno                         
2000233c  _running                      
ffffffff  __TI_pprof_out_hndl           
ffffffff  __TI_prof_data_size           
ffffffff  __TI_prof_data_start          
ffffffff  __binit__                     
ffffffff  __c_args__                    
ffffffff  binit                         
UNDEFED   __mpu_init                    
UNDEFED   _system_post_cinit            

[182 symbols]
