******************************************************************************
                  TI ARM Linker PC v20.2.7                     
******************************************************************************
>> Linked Thu Apr  3 11:53:53 2025

OUTPUT FILE NAME:   <Lab9.out>
ENTRY POINT SYMBOL: "_c_int00_noargs"  address: 000028e5


MEMORY CONFIGURATION

         name            origin    length      used     unused   attr    fill
----------------------  --------  ---------  --------  --------  ----  --------
  FLASH                 00000000   00040000  00002c31  0003d3cf  R  X
  SRAM                  20000000   00008000  000012e5  00006d1b  RW X


SEGMENT ALLOCATION MAP

run origin  load origin   length   init length attrs members
----------  ----------- ---------- ----------- ----- -------
00000000    00000000    00002c38   00002c38    r-x
  00000000    00000000    0000026c   0000026c    r-- .intvecs
  0000026c    0000026c    00002874   00002874    r-x .text
  00002ae0    00002ae0    00000109   00000109    r-- .const
  00002bf0    00002bf0    00000048   00000048    r-- .cinit
20000000    20000000    000012e9   00000000    rw-
  20000000    20000000    0000026c   00000000    rw- .vtable
  20000270    20000270    00001000   00000000    rw- .stack
  20001270    20001270    0000005c   00000000    rw- .bss
  200012cc    200012cc    0000001d   00000000    rw- .data


SECTION ALLOCATION MAP

 output                                  attributes/
section   page    origin      length       input sections
--------  ----  ----------  ----------   ----------------
.intvecs   0    00000000    0000026c     
                  00000000    0000026c     tm4c123gh6pm_startup_ccs.obj (.intvecs)

.text      0    0000026c    00002874     
                  0000026c    00000a4e     rtsv7M4_T_le_v4SPD16_eabi.lib : _printfi.c.obj (.text:__TI_printfi)
                  00000cba    00000002                                   : div0.asm.obj (.text)
                  00000cbc    00000328     lcd.obj (.text)
                  00000fe4    00000270     rtsv7M4_T_le_v4SPD16_eabi.lib : _printfi.c.obj (.text:_pconv_a)
                  00001254    00000264     ping_template.obj (.text)
                  000014b8    00000248     Timer.obj (.text)
                  00001700    000001d0     rtsv7M4_T_le_v4SPD16_eabi.lib : _printfi.c.obj (.text:_pconv_g)
                  000018d0    000001b6                                   : fd_add_t2.asm.obj (.text)
                  00001a86    00000002     --HOLE-- [fill = 0]
                  00001a88    0000013c                                   : _printfi.c.obj (.text:_pconv_e)
                  00001bc4    00000136                                   : fd_div_t2.asm.obj (.text)
                  00001cfa    00000002     --HOLE-- [fill = 0]
                  00001cfc    00000124                                   : _printfi.c.obj (.text:fcvt)
                  00001e20    00000110                                   : s_scalbn.c.obj (.text:scalbn)
                  00001f30    000000fc                                   : fd_mul_t2.asm.obj (.text)
                  0000202c    000000b1                                   : _printfi.c.obj (.text:_ltostr)
                  000020dd    00000001     --HOLE-- [fill = 0]
                  000020de    0000009c                                   : memcpy_t2.asm.obj (.text)
                  0000217a    00000096                                   : ull_div_t2.asm.obj (.text)
                  00002210    00000086                                   : fd_cmp_t2.asm.obj (.text:__aeabi_cdcmple)
                  00002296    00000086                                   : fd_cmp_t2.asm.obj (.text:__aeabi_cdrcmple)
                  0000231c    0000007a                                   : memset_t2.asm.obj (.text)
                  00002396    0000006e                                   : _printfi.c.obj (.text:_mcpy)
                  00002404    0000006e                                   : fd_tos_t2.asm.obj (.text)
                  00002472    00000068                                   : copy_decompress_lzss.c.obj (.text:decompress:lzss:__TI_decompress_lzss)
                  000024da    00000002     --HOLE-- [fill = 0]
                  000024dc    00000064                                   : s_frexp.c.obj (.text:frexp)
                  00002540    00000060     lab9_template.obj (.text)
                  000025a0    00000056     rtsv7M4_T_le_v4SPD16_eabi.lib : _printfi.c.obj (.text:_pconv_f)
                  000025f6    00000054                                   : _ltoa.c.obj (.text:__TI_ltoa)
                  0000264a    00000052                                   : _printfi.c.obj (.text:_ecpy)
                  0000269c    0000004c                                   : atoi.c.obj (.text:atoi)
                  000026e8    00000048                                   : fd_toi_t2.asm.obj (.text)
                  00002730    00000044                                   : autoinit.c.obj (.text:__TI_auto_init_nobinit_nopinit:__TI_auto_init_nobinit_nopinit)
                  00002774    00000044                                   : fd_tou_t2.asm.obj (.text)
                  000027b8    00000040                                   : sprintf.c.obj (.text:sprintf)
                  000027f8    00000040                                   : vsnprintf.c.obj (.text:vsnprintf)
                  00002838    0000003e                                   : _printfi.c.obj (.text:_fcpy)
                  00002876    00000038                                   : fs_tod_t2.asm.obj (.text)
                  000028ae    00000002     --HOLE-- [fill = 0]
                  000028b0    00000034     driverlib.lib : interrupt.obj (.text:IntRegister)
                  000028e4    00000034     rtsv7M4_T_le_v4SPD16_eabi.lib : boot_cortex_m.c.obj (.text:_c_int00_noargs:_c_int00_noargs)
                  00002918    00000030                                   : vsnprintf.c.obj (.text:_outs)
                  00002948    0000002e                                   : i_tofd_t2.asm.obj (.text)
                  00002976    00000020                                   : u_tofd_t2.asm.obj (.text)
                  00002996    0000001c                                   : copy_zero_init.c.obj (.text:decompress:ZI:__TI_zero_init_nomemset:__TI_zero_init_nomemset)
                  000029b2    0000001c                                   : memccpy.c.obj (.text:memccpy)
                  000029ce    0000001a                                   : s_copysign.c.obj (.text:copysign)
                  000029e8    00000018                                   : vsnprintf.c.obj (.text:_outc)
                  00002a00    00000018                                   : sprintf.c.obj (.text:_outs)
                  00002a18    00000018                                   : strcmp.c.obj (.text:strcmp)
                  00002a30    00000016                                   : strchr.c.obj (.text:strchr)
                  00002a46    00000014                                   : strcpy.c.obj (.text:strcpy)
                  00002a5a    00000014                                   : strlen.c.obj (.text:strlen)
                  00002a6e    00000012                                   : wcslen.c.obj (.text:wcslen)
                  00002a80    00000010     driverlib.lib : interrupt.obj (.text:IntMasterEnable)
                  00002a90    00000010     lcd.obj (.text:lcd_clear)
                  00002aa0    0000000e     rtsv7M4_T_le_v4SPD16_eabi.lib : copy_decompress_none.c.obj (.text:decompress:none:__TI_decompress_none)
                  00002aae    0000000c     driverlib.lib : cpu.obj (.text:CPUcpsie)
                  00002aba    0000000c     tm4c123gh6pm_startup_ccs.obj (.text)
                  00002ac6    0000000a     rtsv7M4_T_le_v4SPD16_eabi.lib : sprintf.c.obj (.text:_outc)
                  00002ad0    00000008                                   : errno.c.obj (.text:__aeabi_errno_addr)
                  00002ad8    00000004                                   : pre_init.c.obj (.text:_system_pre_init)
                  00002adc    00000004                                   : exit.c.obj (.text:abort:abort)

.const     0    00002ae0    00000109     
                  00002ae0    00000101     rtsv7M4_T_le_v4SPD16_eabi.lib : ctype.c.obj (.const:.string:_ctypes_)
                  00002be1    00000004     lcd.obj (.const:.string:lineAddress$1)
                  00002be5    00000004     lcd.obj (.const:.string:lineAddresses$2)

.cinit     0    00002bf0    00000048     
                  00002bf0    0000000e     (.cinit..data.load) [load image, compression = lzss]
                  00002bfe    00000002     --HOLE-- [fill = 0]
                  00002c00    0000000c     (__TI_handler_table)
                  00002c0c    00000004     --HOLE-- [fill = 0]
                  00002c10    00000008     (.cinit..bss.load) [load image, compression = zero_init]
                  00002c18    00000008     (.cinit..vtable.load) [load image, compression = zero_init]
                  00002c20    00000018     (__TI_cinit_table)

.init_array 
*          0    00000000    00000000     UNINITIALIZED

.vtable    0    20000000    0000026c     UNINITIALIZED
                  20000000    0000026c     driverlib.lib : interrupt.obj (.vtable)

.bss       0    20001270    0000005c     UNINITIALIZED
                  20001270    00000054     lcd.obj (.bss:lastbuffer$3)
                  200012c4    00000004     (.common:_timeout_ticks)
                  200012c8    00000004     (.common:time_diff)

.data      0    200012cc    0000001d     UNINITIALIZED
                  200012cc    00000018     ping_template.obj (.data)
                  200012e4    00000004     rtsv7M4_T_le_v4SPD16_eabi.lib : errno.c.obj (.data)
                  200012e8    00000001     Timer.obj (.data)

.stack     0    20000270    00001000     UNINITIALIZED
                  20000270    00000004     rtsv7M4_T_le_v4SPD16_eabi.lib : boot_cortex_m.c.obj (.stack)
                  20000274    00000ffc     --HOLE--

__llvm_prf_cnts 
*          0    20000000    00000000     UNINITIALIZED

MODULE SUMMARY

       Module                         code    ro data   rw data
       ------                         ----    -------   -------
    .\
       tm4c123gh6pm_startup_ccs.obj   12      620       0      
    +--+------------------------------+-------+---------+---------+
       Total:                         12      620       0      
                                                               
    .\Lab9 Code Files\
       lcd.obj                        824     8         84     
       ping_template.obj              612     0         28     
       Timer.obj                      584     0         5      
       lab9_template.obj              96      0         0      
    +--+------------------------------+-------+---------+---------+
       Total:                         2116    8         117    
                                                               
    C:/ti/TivaWare_C_Series-2.2.0.295/driverlib/ccs/Debug/driverlib.lib
       interrupt.obj                  68      0         620    
       cpu.obj                        12      0         0      
    +--+------------------------------+-------+---------+---------+
       Total:                         80      0         620    
                                                               
    C:\ti\ccs1271\ccs\tools\compiler\ti-cgt-arm_20.2.7.LTS\lib\rtsv7M4_T_le_v4SPD16_eabi.lib
       _printfi.c.obj                 4851    0         0      
       fd_add_t2.asm.obj              438     0         0      
       fd_div_t2.asm.obj              310     0         0      
       s_scalbn.c.obj                 272     0         0      
       fd_cmp_t2.asm.obj              268     0         0      
       ctype.c.obj                    0       257       0      
       fd_mul_t2.asm.obj              252     0         0      
       memcpy_t2.asm.obj              156     0         0      
       ull_div_t2.asm.obj             150     0         0      
       vsnprintf.c.obj                136     0         0      
       memset_t2.asm.obj              122     0         0      
       fd_tos_t2.asm.obj              110     0         0      
       copy_decompress_lzss.c.obj     104     0         0      
       s_frexp.c.obj                  100     0         0      
       sprintf.c.obj                  98      0         0      
       _ltoa.c.obj                    84      0         0      
       atoi.c.obj                     76      0         0      
       fd_toi_t2.asm.obj              72      0         0      
       autoinit.c.obj                 68      0         0      
       fd_tou_t2.asm.obj              68      0         0      
       fs_tod_t2.asm.obj              56      0         0      
       boot_cortex_m.c.obj            52      0         0      
       i_tofd_t2.asm.obj              46      0         0      
       u_tofd_t2.asm.obj              32      0         0      
       copy_zero_init.c.obj           28      0         0      
       memccpy.c.obj                  28      0         0      
       s_copysign.c.obj               26      0         0      
       strcmp.c.obj                   24      0         0      
       strchr.c.obj                   22      0         0      
       strcpy.c.obj                   20      0         0      
       strlen.c.obj                   20      0         0      
       wcslen.c.obj                   18      0         0      
       copy_decompress_none.c.obj     14      0         0      
       errno.c.obj                    8       0         4      
       exit.c.obj                     4       0         0      
       pre_init.c.obj                 4       0         0      
       div0.asm.obj                   2       0         0      
    +--+------------------------------+-------+---------+---------+
       Total:                         8139    257       4      
                                                               
       Stack:                         0       0         4096   
       Linker Generated:              0       66        0      
    +--+------------------------------+-------+---------+---------+
       Grand Total:                   10347   951       4837   


LINKER GENERATED COPY TABLES

__TI_cinit_table @ 00002c20 records: 3, size/record: 8, table size: 24
	.data: load addr=00002bf0, load size=0000000e bytes, run addr=200012cc, run size=0000001d bytes, compression=lzss
	.bss: load addr=00002c10, load size=00000008 bytes, run addr=20001270, run size=0000005c bytes, compression=zero_init
	.vtable: load addr=00002c18, load size=00000008 bytes, run addr=20000000, run size=0000026c bytes, compression=zero_init


LINKER GENERATED HANDLER TABLE

__TI_handler_table @ 00002c00 records: 3, size/record: 4, table size: 12
	index: 0, handler: __TI_zero_init
	index: 1, handler: __TI_decompress_lzss
	index: 2, handler: __TI_decompress_none


GLOBAL SYMBOLS: SORTED ALPHABETICALLY BY Name 

address   name                          
-------   ----                          
00002add  C$$EXIT                       
00002aaf  CPUcpsie                      
00002a81  IntMasterEnable               
000028b1  IntRegister                   
00002abb  ResetISR                      
000013ad  TIMER3B_Handler               
20001270  __STACK_END                   
00001000  __STACK_SIZE                  
20000470  __STACK_TOP                   
00002c20  __TI_CINIT_Base               
00002c38  __TI_CINIT_Limit              
00002c00  __TI_Handler_Table_Base       
00002c0c  __TI_Handler_Table_Limit      
00002731  __TI_auto_init_nobinit_nopinit
00002473  __TI_decompress_lzss          
00002aa1  __TI_decompress_none          
000025f7  __TI_ltoa                     
ffffffff  __TI_pprof_out_hndl           
0000026d  __TI_printfi                  
ffffffff  __TI_prof_data_size           
ffffffff  __TI_prof_data_start          
00000000  __TI_static_base__            
00002997  __TI_zero_init_nomemset       
00002211  __aeabi_cdcmpeq               
00002211  __aeabi_cdcmple               
00002297  __aeabi_cdrcmple              
00002405  __aeabi_d2f                   
000026e9  __aeabi_d2iz                  
00002775  __aeabi_d2uiz                 
000018db  __aeabi_dadd                  
00001bc5  __aeabi_ddiv                  
00001f31  __aeabi_dmul                  
000018d1  __aeabi_dsub                  
00002ad1  __aeabi_errno_addr            
00002877  __aeabi_f2d                   
00002949  __aeabi_i2d                   
00000cbb  __aeabi_idiv0                 
00000cbb  __aeabi_ldiv0                 
0000231d  __aeabi_memclr                
0000231d  __aeabi_memclr4               
0000231d  __aeabi_memclr8               
000020df  __aeabi_memcpy                
000020df  __aeabi_memcpy4               
000020df  __aeabi_memcpy8               
0000231f  __aeabi_memset                
0000231f  __aeabi_memset4               
0000231f  __aeabi_memset8               
00002977  __aeabi_ui2d                  
0000217b  __aeabi_uldivmod              
ffffffff  __binit__                     
ffffffff  __c_args__                    
UNDEFED   __mpu_init                    
20000270  __stack                       
20000000  __start___llvm_prf_cnts       
20000000  __stop___llvm_prf_cnts        
000028e5  _c_int00_noargs               
00002ae0  _ctypes_                      
200012e8  _running                      
UNDEFED   _system_post_cinit            
00002ad9  _system_pre_init              
200012c4  _timeout_ticks                
00002add  abort                         
0000269d  atoi                          
ffffffff  binit                         
000029cf  copysign                      
000029cf  copysignl                     
200012dc  current_time                  
200012e4  errno                         
000024dd  frexp                         
000024dd  frexpl                        
200012d0  g_end_time                    
20000000  g_pfnRAMVectors               
00000000  g_pfnVectors                  
200012cc  g_start_time                  
200012d4  g_state                       
200012d8  last_time                     
00002a91  lcd_clear                     
00000e91  lcd_gotoLine                  
00000cf9  lcd_init                      
00000ef7  lcd_printf                    
00000db9  lcd_putc                      
00000df1  lcd_puts                      
00000cbd  lcd_reverseNibble             
00000e0f  lcd_sendCommand               
00000e4d  lcd_sendNibble                
00000eb9  lcd_setCursorPos              
00001e21  ldexp                         
00001e21  ldexpl                        
00002541  main                          
000029b3  memccpy                       
000020df  memcpy                        
00002325  memset                        
200012e2  overflow                      
00001405  ping_getDistance              
00001255  ping_init                     
00001319  ping_trigger                  
00001e21  scalbn                        
00001e21  scalbnl                       
000027b9  sprintf                       
00002a31  strchr                        
00002a19  strcmp                        
00002a47  strcpy                        
00002a5b  strlen                        
200012c8  time_diff                     
000015d7  timer_getMicros               
0000157f  timer_getMillis               
000014b9  timer_init                    
0000155b  timer_pause                   
0000156d  timer_resume                  
00001531  timer_stop                    
00001631  timer_waitMicros              
00001663  timer_waitMillis              
200012e0  update_flag                   
000027f9  vsnprintf                     
00002a6f  wcslen                        


GLOBAL SYMBOLS: SORTED BY Symbol Address 

address   name                          
-------   ----                          
00000000  __TI_static_base__            
00000000  g_pfnVectors                  
0000026d  __TI_printfi                  
00000cbb  __aeabi_idiv0                 
00000cbb  __aeabi_ldiv0                 
00000cbd  lcd_reverseNibble             
00000cf9  lcd_init                      
00000db9  lcd_putc                      
00000df1  lcd_puts                      
00000e0f  lcd_sendCommand               
00000e4d  lcd_sendNibble                
00000e91  lcd_gotoLine                  
00000eb9  lcd_setCursorPos              
00000ef7  lcd_printf                    
00001000  __STACK_SIZE                  
00001255  ping_init                     
00001319  ping_trigger                  
000013ad  TIMER3B_Handler               
00001405  ping_getDistance              
000014b9  timer_init                    
00001531  timer_stop                    
0000155b  timer_pause                   
0000156d  timer_resume                  
0000157f  timer_getMillis               
000015d7  timer_getMicros               
00001631  timer_waitMicros              
00001663  timer_waitMillis              
000018d1  __aeabi_dsub                  
000018db  __aeabi_dadd                  
00001bc5  __aeabi_ddiv                  
00001e21  ldexp                         
00001e21  ldexpl                        
00001e21  scalbn                        
00001e21  scalbnl                       
00001f31  __aeabi_dmul                  
000020df  __aeabi_memcpy                
000020df  __aeabi_memcpy4               
000020df  __aeabi_memcpy8               
000020df  memcpy                        
0000217b  __aeabi_uldivmod              
00002211  __aeabi_cdcmpeq               
00002211  __aeabi_cdcmple               
00002297  __aeabi_cdrcmple              
0000231d  __aeabi_memclr                
0000231d  __aeabi_memclr4               
0000231d  __aeabi_memclr8               
0000231f  __aeabi_memset                
0000231f  __aeabi_memset4               
0000231f  __aeabi_memset8               
00002325  memset                        
00002405  __aeabi_d2f                   
00002473  __TI_decompress_lzss          
000024dd  frexp                         
000024dd  frexpl                        
00002541  main                          
000025f7  __TI_ltoa                     
0000269d  atoi                          
000026e9  __aeabi_d2iz                  
00002731  __TI_auto_init_nobinit_nopinit
00002775  __aeabi_d2uiz                 
000027b9  sprintf                       
000027f9  vsnprintf                     
00002877  __aeabi_f2d                   
000028b1  IntRegister                   
000028e5  _c_int00_noargs               
00002949  __aeabi_i2d                   
00002977  __aeabi_ui2d                  
00002997  __TI_zero_init_nomemset       
000029b3  memccpy                       
000029cf  copysign                      
000029cf  copysignl                     
00002a19  strcmp                        
00002a31  strchr                        
00002a47  strcpy                        
00002a5b  strlen                        
00002a6f  wcslen                        
00002a81  IntMasterEnable               
00002a91  lcd_clear                     
00002aa1  __TI_decompress_none          
00002aaf  CPUcpsie                      
00002abb  ResetISR                      
00002ad1  __aeabi_errno_addr            
00002ad9  _system_pre_init              
00002add  C$$EXIT                       
00002add  abort                         
00002ae0  _ctypes_                      
00002c00  __TI_Handler_Table_Base       
00002c0c  __TI_Handler_Table_Limit      
00002c20  __TI_CINIT_Base               
00002c38  __TI_CINIT_Limit              
20000000  __start___llvm_prf_cnts       
20000000  __stop___llvm_prf_cnts        
20000000  g_pfnRAMVectors               
20000270  __stack                       
20000470  __STACK_TOP                   
20001270  __STACK_END                   
200012c4  _timeout_ticks                
200012c8  time_diff                     
200012cc  g_start_time                  
200012d0  g_end_time                    
200012d4  g_state                       
200012d8  last_time                     
200012dc  current_time                  
200012e0  update_flag                   
200012e2  overflow                      
200012e4  errno                         
200012e8  _running                      
ffffffff  __TI_pprof_out_hndl           
ffffffff  __TI_prof_data_size           
ffffffff  __TI_prof_data_start          
ffffffff  __binit__                     
ffffffff  __c_args__                    
ffffffff  binit                         
UNDEFED   __mpu_init                    
UNDEFED   _system_post_cinit            

[115 symbols]
