******************************************************************************
                  TI ARM Linker PC v20.2.7                     
******************************************************************************
>> Linked Sat Mar 29 17:47:16 2025

OUTPUT FILE NAME:   <Lab7.out>
ENTRY POINT SYMBOL: "_c_int00_noargs"  address: 00005b19


MEMORY CONFIGURATION

         name            origin    length      used     unused   attr    fill
----------------------  --------  ---------  --------  --------  ----  --------
  FLASH                 00000000   00040000  00006147  00039eb9  R  X
  SRAM                  20000000   00008000  0000233e  00005cc2  RW X


SEGMENT ALLOCATION MAP

run origin  load origin   length   init length attrs members
----------  ----------- ---------- ----------- ----- -------
00000000    00000000    00006150   00006150    r-x
  00000000    00000000    0000026c   0000026c    r-- .intvecs
  0000026c    0000026c    00005b10   00005b10    r-x .text
  00005d80    00005d80    0000036b   0000036b    r-- .const
  000060f0    000060f0    00000060   00000060    r-- .cinit
20000000    20000000    00002345   00000000    rw-
  20000000    20000000    0000026c   00000000    rw- .vtable
  20000270    20000270    00001000   00000000    rw- .stack
  20001270    20001270    00001000   00000000    rw- .sysmem
  20002270    20002270    00000089   00000000    rw- .bss
  200022fc    200022fc    00000049   00000000    rw- .data


SECTION ALLOCATION MAP

 output                                  attributes/
section   page    origin      length       input sections
--------  ----  ----------  ----------   ----------------
.intvecs   0    00000000    0000026c     
                  00000000    0000026c     tm4c123gh6pm_startup_ccs.obj (.intvecs)

.text      0    0000026c    00005b10     
                  0000026c    00000c20     open_interface.obj (.text)
                  00000e8c    00000a4e     rtsv7M4_T_le_v4SPD16_eabi.lib : _printfi.c.obj (.text:__TI_printfi)
                  000018da    00000002                                   : _lock.c.obj (.text:_nop)
                  000018dc    00000950     main.obj (.text)
                  0000222c    00000738     rtsv7M4_T_le_v4SPD16_eabi.lib : k_rem_pio2.c.obj (.text:__kernel_rem_pio2)
                  00002964    00000508                                   : s_tan.c.obj (.text:tan)
                  00002e6c    000003c4     movement.obj (.text)
                  00003230    00000328     lcd.obj (.text)
                  00003558    0000031c     rtsv7M4_T_le_v4SPD16_eabi.lib : k_tan.c.obj (.text:__kernel_tan)
                  00003874    00000270                                   : _printfi.c.obj (.text:_pconv_a)
                  00003ae4    0000026c     uart-interrupt.obj (.text)
                  00003d50    00000260     libcybotScan.lib : cyBot_Scan.obj (.text)
                  00003fb0    00000248     Timer.obj (.text)
                  000041f8    000001ec     libcybotScan.lib : ping.obj (.text)
                  000043e4    000001d0     rtsv7M4_T_le_v4SPD16_eabi.lib : _printfi.c.obj (.text:_pconv_g)
                  000045b4    000001b6                                   : fd_add_t2.asm.obj (.text)
                  0000476a    00000002                                   : div0.asm.obj (.text)
                  0000476c    00000158     libcybotScan.lib : servo.obj (.text)
                  000048c4    0000013c     rtsv7M4_T_le_v4SPD16_eabi.lib : _printfi.c.obj (.text:_pconv_e)
                  00004a00    00000136                                   : fd_div_t2.asm.obj (.text)
                  00004b36    00000002     --HOLE-- [fill = 0]
                  00004b38    00000124                                   : _printfi.c.obj (.text:fcvt)
                  00004c5c    00000118     libcybotScan.lib : ir.obj (.text)
                  00004d74    00000110     rtsv7M4_T_le_v4SPD16_eabi.lib : s_scalbn.c.obj (.text:scalbn)
                  00004e84    00000100                                   : memory.c.obj (.text:aligned_alloc)
                  00004f84    000000fc                                   : fd_mul_t2.asm.obj (.text)
                  00005080    000000f8                                   : s_floor.c.obj (.text:floor)
                  00005178    000000e4                                   : memory.c.obj (.text:free)
                  0000525c    000000b1                                   : _printfi.c.obj (.text:_ltostr)
                  0000530d    00000001     --HOLE-- [fill = 0]
                  0000530e    0000009c                                   : memcpy_t2.asm.obj (.text)
                  000053aa    00000096                                   : ull_div_t2.asm.obj (.text)
                  00005440    00000086                                   : fd_cmp_t2.asm.obj (.text:__aeabi_cdcmple)
                  000054c6    00000086                                   : fd_cmp_t2.asm.obj (.text:__aeabi_cdrcmple)
                  0000554c    0000007a                                   : memset_t2.asm.obj (.text)
                  000055c6    00000002     --HOLE-- [fill = 0]
                  000055c8    00000070                                   : memory.c.obj (.text:split)
                  00005638    0000006e                                   : _printfi.c.obj (.text:_mcpy)
                  000056a6    0000006e                                   : fd_tos_t2.asm.obj (.text)
                  00005714    00000068                                   : copy_decompress_lzss.c.obj (.text:decompress:lzss:__TI_decompress_lzss)
                  0000577c    00000064                                   : s_frexp.c.obj (.text:frexp)
                  000057e0    00000056                                   : _printfi.c.obj (.text:_pconv_f)
                  00005836    00000054                                   : _ltoa.c.obj (.text:__TI_ltoa)
                  0000588a    00000052                                   : _printfi.c.obj (.text:_ecpy)
                  000058dc    0000004c                                   : atoi.c.obj (.text:atoi)
                  00005928    00000048                                   : fd_toi_t2.asm.obj (.text)
                  00005970    00000044                                   : autoinit.c.obj (.text:__TI_auto_init_nobinit_nopinit:__TI_auto_init_nobinit_nopinit)
                  000059b4    00000040                                   : sprintf.c.obj (.text:sprintf)
                  000059f4    00000040                                   : vsnprintf.c.obj (.text:vsnprintf)
                  00005a34    0000003e                                   : _printfi.c.obj (.text:_fcpy)
                  00005a72    00000002     --HOLE-- [fill = 0]
                  00005a74    00000038                                   : memory.c.obj (.text:calloc)
                  00005aac    00000038                                   : fs_tod_t2.asm.obj (.text)
                  00005ae4    00000034     driverlib.lib : interrupt.obj (.text:IntRegister)
                  00005b18    00000034     rtsv7M4_T_le_v4SPD16_eabi.lib : boot_cortex_m.c.obj (.text:_c_int00_noargs:_c_int00_noargs)
                  00005b4c    00000030                                   : vsnprintf.c.obj (.text:_outs)
                  00005b7c    0000002e                                   : i_tofd_t2.asm.obj (.text)
                  00005baa    00000002     --HOLE-- [fill = 0]
                  00005bac    00000028                                   : memory.c.obj (.text:free_list_insert)
                  00005bd4    00000020                                   : u_tofd_t2.asm.obj (.text)
                  00005bf4    0000001c                                   : copy_zero_init.c.obj (.text:decompress:ZI:__TI_zero_init_nomemset:__TI_zero_init_nomemset)
                  00005c10    0000001c                                   : memory.c.obj (.text:free_list_remove)
                  00005c2c    0000001c                                   : memccpy.c.obj (.text:memccpy)
                  00005c48    0000001a                                   : s_copysign.c.obj (.text:copysign)
                  00005c62    00000018                                   : vsnprintf.c.obj (.text:_outc)
                  00005c7a    00000018                                   : sprintf.c.obj (.text:_outs)
                  00005c92    00000018     open_interface.obj (.text:oi_parseInt)
                  00005caa    00000018     rtsv7M4_T_le_v4SPD16_eabi.lib : strcmp.c.obj (.text:strcmp)
                  00005cc2    00000016                                   : strchr.c.obj (.text:strchr)
                  00005cd8    00000014                                   : strcpy.c.obj (.text:strcpy)
                  00005cec    00000014                                   : strlen.c.obj (.text:strlen)
                  00005d00    00000012                                   : wcslen.c.obj (.text:wcslen)
                  00005d12    00000010     driverlib.lib : interrupt.obj (.text:IntMasterEnable)
                  00005d22    00000010     lcd.obj (.text:lcd_clear)
                  00005d32    0000000e     rtsv7M4_T_le_v4SPD16_eabi.lib : copy_decompress_none.c.obj (.text:decompress:none:__TI_decompress_none)
                  00005d40    0000000c     driverlib.lib : cpu.obj (.text:CPUcpsie)
                  00005d4c    0000000c     tm4c123gh6pm_startup_ccs.obj (.text)
                  00005d58    0000000a     rtsv7M4_T_le_v4SPD16_eabi.lib : sprintf.c.obj (.text:_outc)
                  00005d62    00000002     --HOLE-- [fill = 0]
                  00005d64    00000008                                   : errno.c.obj (.text:__aeabi_errno_addr)
                  00005d6c    00000008                                   : memory.c.obj (.text:malloc)
                  00005d74    00000004                                   : pre_init.c.obj (.text:_system_pre_init)
                  00005d78    00000004                                   : exit.c.obj (.text:abort:abort)

.const     0    00005d80    0000036b     
                  00005d80    00000158     rtsv7M4_T_le_v4SPD16_eabi.lib : k_rem_pio2.c.obj (.const:$O1$$)
                  00005ed8    00000101                                   : ctype.c.obj (.const:.string:_ctypes_)
                  00005fd9    00000004     lcd.obj (.const:.string:lineAddress$1)
                  00005fdd    00000003     --HOLE-- [fill = 0]
                  00005fe0    00000080     rtsv7M4_T_le_v4SPD16_eabi.lib : k_tan.c.obj (.const:xxx)
                  00006060    00000078     main.obj (.const:$P$T0$1)
                  000060d8    0000000f     open_interface.obj (.const:.string:$P$T0$3)
                  000060e7    00000004     lcd.obj (.const:.string:lineAddresses$2)

.cinit     0    000060f0    00000060     
                  000060f0    00000028     (.cinit..data.load) [load image, compression = lzss]
                  00006118    0000000c     (__TI_handler_table)
                  00006124    00000004     --HOLE-- [fill = 0]
                  00006128    00000008     (.cinit..bss.load) [load image, compression = zero_init]
                  00006130    00000008     (.cinit..vtable.load) [load image, compression = zero_init]
                  00006138    00000018     (__TI_cinit_table)

.init_array 
*          0    00000000    00000000     UNINITIALIZED

.vtable    0    20000000    0000026c     UNINITIALIZED
                  20000000    0000026c     driverlib.lib : interrupt.obj (.vtable)

.stack     0    20000270    00001000     UNINITIALIZED
                  20000270    00000004     rtsv7M4_T_le_v4SPD16_eabi.lib : boot_cortex_m.c.obj (.stack)
                  20000274    00000ffc     --HOLE--

.sysmem    0    20001270    00001000     UNINITIALIZED
                  20001270    00000010     rtsv7M4_T_le_v4SPD16_eabi.lib : memory.c.obj (.sysmem)
                  20001280    00000ff0     --HOLE--

.bss       0    20002270    00000089     UNINITIALIZED
                  20002270    00000054     lcd.obj (.bss:lastbuffer$3)
                  200022c4    00000018     open_interface.obj (.bss:firmware$2)
                  200022dc    00000004     (.common:_timeout_ticks)
                  200022e0    00000004     (.common:fallingEdge)
                  200022e4    00000004     (.common:isr_int_value)
                  200022e8    00000004     (.common:left_calibration_value)
                  200022ec    00000004     (.common:pulseLength)
                  200022f0    00000004     (.common:right_calibration_value)
                  200022f4    00000004     (.common:risingEdge)
                  200022f8    00000001     (.common:isRisingEdge)

.data      0    200022fc    00000049     UNINITIALIZED
                  200022fc    00000020     open_interface.obj (.data)
                  2000231c    00000010     uart-interrupt.obj (.data)
                  2000232c    00000008     rtsv7M4_T_le_v4SPD16_eabi.lib : _lock.c.obj (.data:$O1$$)
                  20002334    00000008                                   : memory.c.obj (.data:$O1$$)
                  2000233c    00000004     libcybotScan.lib : cyBot_Scan.obj (.data)
                  20002340    00000004     rtsv7M4_T_le_v4SPD16_eabi.lib : errno.c.obj (.data)
                  20002344    00000001     Timer.obj (.data)

__llvm_prf_cnts 
*          0    20000000    00000000     UNINITIALIZED

MODULE SUMMARY

       Module                         code    ro data   rw data
       ------                         ----    -------   -------
    .\
       tm4c123gh6pm_startup_ccs.obj   12      620       0      
    +--+------------------------------+-------+---------+---------+
       Total:                         12      620       0      
                                                               
    .\Lab6 Code Files\
       open_interface.obj             3128    15        56     
       main.obj                       2384    120       0      
       movement.obj                   964     0         0      
       lcd.obj                        824     8         84     
       uart-interrupt.obj             620     0         16     
       Timer.obj                      584     0         5      
       calibration.obj                0       0         8      
    +--+------------------------------+-------+---------+---------+
       Total:                         8504    143       169    
                                                               
    ../Lab6 Code Files/libcybotScan.lib
       cyBot_Scan.obj                 608     0         4      
       ping.obj                       492     0         13     
       servo.obj                      344     0         0      
       ir.obj                         280     0         4      
    +--+------------------------------+-------+---------+---------+
       Total:                         1724    0         21     
                                                               
    C:/ti/TivaWare_C_Series-2.2.0.295/driverlib/ccs/Debug/driverlib.lib
       interrupt.obj                  68      0         620    
       cpu.obj                        12      0         0      
    +--+------------------------------+-------+---------+---------+
       Total:                         80      0         620    
                                                               
    C:\ti\ccs1271\ccs\tools\compiler\ti-cgt-arm_20.2.7.LTS\lib\rtsv7M4_T_le_v4SPD16_eabi.lib
       _printfi.c.obj                 4851    0         0      
       k_rem_pio2.c.obj               1848    344       0      
       s_tan.c.obj                    1288    0         0      
       k_tan.c.obj                    796     128       0      
       memory.c.obj                   728     0         8      
       fd_add_t2.asm.obj              438     0         0      
       fd_div_t2.asm.obj              310     0         0      
       s_scalbn.c.obj                 272     0         0      
       fd_cmp_t2.asm.obj              268     0         0      
       ctype.c.obj                    0       257       0      
       fd_mul_t2.asm.obj              252     0         0      
       s_floor.c.obj                  248     0         0      
       memcpy_t2.asm.obj              156     0         0      
       ull_div_t2.asm.obj             150     0         0      
       vsnprintf.c.obj                136     0         0      
       memset_t2.asm.obj              122     0         0      
       fd_tos_t2.asm.obj              110     0         0      
       copy_decompress_lzss.c.obj     104     0         0      
       s_frexp.c.obj                  100     0         0      
       sprintf.c.obj                  98      0         0      
       _ltoa.c.obj                    84      0         0      
       atoi.c.obj                     76      0         0      
       fd_toi_t2.asm.obj              72      0         0      
       autoinit.c.obj                 68      0         0      
       fs_tod_t2.asm.obj              56      0         0      
       boot_cortex_m.c.obj            52      0         0      
       i_tofd_t2.asm.obj              46      0         0      
       u_tofd_t2.asm.obj              32      0         0      
       copy_zero_init.c.obj           28      0         0      
       memccpy.c.obj                  28      0         0      
       s_copysign.c.obj               26      0         0      
       strcmp.c.obj                   24      0         0      
       strchr.c.obj                   22      0         0      
       strcpy.c.obj                   20      0         0      
       strlen.c.obj                   20      0         0      
       wcslen.c.obj                   18      0         0      
       copy_decompress_none.c.obj     14      0         0      
       errno.c.obj                    8       0         4      
       _lock.c.obj                    2       0         8      
       exit.c.obj                     4       0         0      
       pre_init.c.obj                 4       0         0      
       div0.asm.obj                   2       0         0      
    +--+------------------------------+-------+---------+---------+
       Total:                         12981   729       20     
                                                               
       Heap:                          0       0         4096   
       Stack:                         0       0         4096   
       Linker Generated:              0       92        0      
    +--+------------------------------+-------+---------+---------+
       Grand Total:                   23301   1584      9022   


LINKER GENERATED COPY TABLES

__TI_cinit_table @ 00006138 records: 3, size/record: 8, table size: 24
	.data: load addr=000060f0, load size=00000028 bytes, run addr=200022fc, run size=00000049 bytes, compression=lzss
	.bss: load addr=00006128, load size=00000008 bytes, run addr=20002270, run size=00000089 bytes, compression=zero_init
	.vtable: load addr=00006130, load size=00000008 bytes, run addr=20000000, run size=0000026c bytes, compression=zero_init


LINKER GENERATED HANDLER TABLE

__TI_handler_table @ 00006118 records: 3, size/record: 4, table size: 12
	index: 0, handler: __TI_zero_init
	index: 1, handler: __TI_decompress_lzss
	index: 2, handler: __TI_decompress_none


GLOBAL SYMBOLS: SORTED ALPHABETICALLY BY Name 

address   name                          
-------   ----                          
00004cf5  ADC0SS0_Handler               
00005d79  C$$EXIT                       
00005d41  CPUcpsie                      
00000bc3  GPIOF_Handler                 
00005d13  IntMasterEnable               
00005ae5  IntRegister                   
00005d4d  ResetISR                      
000042e9  TIMER3B_Handler               
00003bf9  UART1_Handler                 
20001270  __STACK_END                   
00001000  __STACK_SIZE                  
20000470  __STACK_TOP                   
00001000  __SYSMEM_SIZE                 
00006138  __TI_CINIT_Base               
00006150  __TI_CINIT_Limit              
00006118  __TI_Handler_Table_Base       
00006124  __TI_Handler_Table_Limit      
00005971  __TI_auto_init_nobinit_nopinit
00005715  __TI_decompress_lzss          
00005d33  __TI_decompress_none          
00005837  __TI_ltoa                     
ffffffff  __TI_pprof_out_hndl           
00000e8d  __TI_printfi                  
ffffffff  __TI_prof_data_size           
ffffffff  __TI_prof_data_start          
00000000  __TI_static_base__            
00005bf5  __TI_zero_init_nomemset       
00005441  __aeabi_cdcmpeq               
00005441  __aeabi_cdcmple               
000054c7  __aeabi_cdrcmple              
000056a7  __aeabi_d2f                   
00005929  __aeabi_d2iz                  
000045bf  __aeabi_dadd                  
00004a01  __aeabi_ddiv                  
00004f85  __aeabi_dmul                  
000045b5  __aeabi_dsub                  
00005d65  __aeabi_errno_addr            
00005aad  __aeabi_f2d                   
00005b7d  __aeabi_i2d                   
0000476b  __aeabi_idiv0                 
0000476b  __aeabi_ldiv0                 
0000554d  __aeabi_memclr                
0000554d  __aeabi_memclr4               
0000554d  __aeabi_memclr8               
0000530f  __aeabi_memcpy                
0000530f  __aeabi_memcpy4               
0000530f  __aeabi_memcpy8               
0000554f  __aeabi_memset                
0000554f  __aeabi_memset4               
0000554f  __aeabi_memset8               
00005bd5  __aeabi_ui2d                  
000053ab  __aeabi_uldivmod              
ffffffff  __binit__                     
ffffffff  __c_args__                    
0000222d  __kernel_rem_pio2             
00003559  __kernel_tan                  
UNDEFED   __mpu_init                    
20000270  __stack                       
20000000  __start___llvm_prf_cnts       
20000000  __stop___llvm_prf_cnts        
00005b19  _c_int00_noargs               
00005ed8  _ctypes_                      
2000232c  _lock                         
000018db  _nop                          
20002344  _running                      
20001270  _sys_memory                   
UNDEFED   _system_post_cinit            
00005d75  _system_pre_init              
200022dc  _timeout_ticks                
20002330  _unlock                       
00005d79  abort                         
00004e85  aligned_alloc                 
000058dd  atoi                          
ffffffff  binit                         
00003159  bump_left                     
000030c1  bump_right                    
00005a75  calloc                        
20002321  command_byte_BACKWARD         
20002320  command_byte_FORWARD          
2000231c  command_byte_GO               
20002324  command_byte_HALT             
20002322  command_byte_LEFT             
2000231f  command_byte_MANUAL           
2000231e  command_byte_QUIT             
20002323  command_byte_RIGHT            
2000231d  command_byte_STOP             
20002328  command_flag                  
00005c49  copysign                      
00005c49  copysignl                     
00003e29  cyBOT_SERVO_cal               
00003db7  cyBOT_Scan                    
00003d5f  cyBOT_init_Scan               
2000233c  cyBOT_scan_features           
00003d51  cyBOT_scan_version            
20002340  errno                         
200022e0  fallingEdge                   
00005081  floor                         
00005081  floorl                        
00005179  free                          
0000577d  frexp                         
0000577d  frexpl                        
20000000  g_pfnRAMVectors               
00000000  g_pfnVectors                  
0000097f  go_charge                     
00004d0b  ir_enableInterrupt            
00004ced  ir_getDistance                
00004cc5  ir_getValue                   
00004c5d  ir_init                       
200022f8  isRisingEdge                  
200022e4  isr_int_value                 
00005d23  lcd_clear                     
00003405  lcd_gotoLine                  
0000326d  lcd_init                      
0000346b  lcd_printf                    
0000332d  lcd_putc                      
00003365  lcd_puts                      
00003231  lcd_reverseNibble             
00003383  lcd_sendCommand               
000033c1  lcd_sendNibble                
0000342d  lcd_setCursorPos              
00004d75  ldexp                         
00004d75  ldexpl                        
200022e8  left_calibration_value        
000018dd  main                          
00005d6d  malloc                        
00004e85  memalign                      
00005c2d  memccpy                       
0000530f  memcpy                        
00005555  memset                        
200022fc  motor_cal_factor_L            
20002300  motor_cal_factor_R            
00002f3d  move_backward                 
00002e6d  move_forward                  
0000026d  oi_alloc                      
00000aa9  oi_checkFirmware              
000002c7  oi_close                      
00000279  oi_free                       
00000ded  oi_getMotorCalibrationLeft    
00000e01  oi_getMotorCalibrationRight   
000002b1  oi_init                       
00000289  oi_init_noupdate              
00000915  oi_loadSong                   
00005c93  oi_parseInt                   
0000032b  oi_parsePacket                
0000096b  oi_play_song                  
0000084b  oi_setLeds                    
00000db1  oi_setMotorCalibration        
0000088f  oi_setWheels                  
00000b51  oi_shutoff_init               
0000098d  oi_uartInit                   
00000a31  oi_uartReceive                
00000a77  oi_uartSendBuff               
00000a15  oi_uartSendChar               
00000a59  oi_uartSendStr                
000002d9  oi_update                     
0000433b  ping_getDistance              
000041f9  ping_init                     
0000427f  ping_trigger                  
200022ec  pulseLength                   
200022f0  right_calibration_value       
200022f4  risingEdge                    
00004d75  scalbn                        
00004d75  scalbnl                       
0000476d  servo_init                    
000047fd  servo_move                    
0000485d  servo_setPWM                  
000047f1  servo_stop                    
000059b5  sprintf                       
00005cc3  strchr                        
00005cab  strcmp                        
00005cd9  strcpy                        
00005ced  strlen                        
00002965  tan                           
00002965  tanl                          
000040cf  timer_getMicros               
00004077  timer_getMillis               
00003fb1  timer_init                    
00004053  timer_pause                   
00004065  timer_resume                  
00004029  timer_stop                    
00004129  timer_waitMicros              
0000415b  timer_waitMillis              
0000304b  turn_left                     
00002fbd  turn_right                    
00003ae5  uart_interrupt_init           
00003bbf  uart_sendChar                 
00003bdb  uart_sendStr                  
000059f5  vsnprintf                     
00005d01  wcslen                        


GLOBAL SYMBOLS: SORTED BY Symbol Address 

address   name                          
-------   ----                          
00000000  __TI_static_base__            
00000000  g_pfnVectors                  
0000026d  oi_alloc                      
00000279  oi_free                       
00000289  oi_init_noupdate              
000002b1  oi_init                       
000002c7  oi_close                      
000002d9  oi_update                     
0000032b  oi_parsePacket                
0000084b  oi_setLeds                    
0000088f  oi_setWheels                  
00000915  oi_loadSong                   
0000096b  oi_play_song                  
0000097f  go_charge                     
0000098d  oi_uartInit                   
00000a15  oi_uartSendChar               
00000a31  oi_uartReceive                
00000a59  oi_uartSendStr                
00000a77  oi_uartSendBuff               
00000aa9  oi_checkFirmware              
00000b51  oi_shutoff_init               
00000bc3  GPIOF_Handler                 
00000db1  oi_setMotorCalibration        
00000ded  oi_getMotorCalibrationLeft    
00000e01  oi_getMotorCalibrationRight   
00000e8d  __TI_printfi                  
00001000  __STACK_SIZE                  
00001000  __SYSMEM_SIZE                 
000018db  _nop                          
000018dd  main                          
0000222d  __kernel_rem_pio2             
00002965  tan                           
00002965  tanl                          
00002e6d  move_forward                  
00002f3d  move_backward                 
00002fbd  turn_right                    
0000304b  turn_left                     
000030c1  bump_right                    
00003159  bump_left                     
00003231  lcd_reverseNibble             
0000326d  lcd_init                      
0000332d  lcd_putc                      
00003365  lcd_puts                      
00003383  lcd_sendCommand               
000033c1  lcd_sendNibble                
00003405  lcd_gotoLine                  
0000342d  lcd_setCursorPos              
0000346b  lcd_printf                    
00003559  __kernel_tan                  
00003ae5  uart_interrupt_init           
00003bbf  uart_sendChar                 
00003bdb  uart_sendStr                  
00003bf9  UART1_Handler                 
00003d51  cyBOT_scan_version            
00003d5f  cyBOT_init_Scan               
00003db7  cyBOT_Scan                    
00003e29  cyBOT_SERVO_cal               
00003fb1  timer_init                    
00004029  timer_stop                    
00004053  timer_pause                   
00004065  timer_resume                  
00004077  timer_getMillis               
000040cf  timer_getMicros               
00004129  timer_waitMicros              
0000415b  timer_waitMillis              
000041f9  ping_init                     
0000427f  ping_trigger                  
000042e9  TIMER3B_Handler               
0000433b  ping_getDistance              
000045b5  __aeabi_dsub                  
000045bf  __aeabi_dadd                  
0000476b  __aeabi_idiv0                 
0000476b  __aeabi_ldiv0                 
0000476d  servo_init                    
000047f1  servo_stop                    
000047fd  servo_move                    
0000485d  servo_setPWM                  
00004a01  __aeabi_ddiv                  
00004c5d  ir_init                       
00004cc5  ir_getValue                   
00004ced  ir_getDistance                
00004cf5  ADC0SS0_Handler               
00004d0b  ir_enableInterrupt            
00004d75  ldexp                         
00004d75  ldexpl                        
00004d75  scalbn                        
00004d75  scalbnl                       
00004e85  aligned_alloc                 
00004e85  memalign                      
00004f85  __aeabi_dmul                  
00005081  floor                         
00005081  floorl                        
00005179  free                          
0000530f  __aeabi_memcpy                
0000530f  __aeabi_memcpy4               
0000530f  __aeabi_memcpy8               
0000530f  memcpy                        
000053ab  __aeabi_uldivmod              
00005441  __aeabi_cdcmpeq               
00005441  __aeabi_cdcmple               
000054c7  __aeabi_cdrcmple              
0000554d  __aeabi_memclr                
0000554d  __aeabi_memclr4               
0000554d  __aeabi_memclr8               
0000554f  __aeabi_memset                
0000554f  __aeabi_memset4               
0000554f  __aeabi_memset8               
00005555  memset                        
000056a7  __aeabi_d2f                   
00005715  __TI_decompress_lzss          
0000577d  frexp                         
0000577d  frexpl                        
00005837  __TI_ltoa                     
000058dd  atoi                          
00005929  __aeabi_d2iz                  
00005971  __TI_auto_init_nobinit_nopinit
000059b5  sprintf                       
000059f5  vsnprintf                     
00005a75  calloc                        
00005aad  __aeabi_f2d                   
00005ae5  IntRegister                   
00005b19  _c_int00_noargs               
00005b7d  __aeabi_i2d                   
00005bd5  __aeabi_ui2d                  
00005bf5  __TI_zero_init_nomemset       
00005c2d  memccpy                       
00005c49  copysign                      
00005c49  copysignl                     
00005c93  oi_parseInt                   
00005cab  strcmp                        
00005cc3  strchr                        
00005cd9  strcpy                        
00005ced  strlen                        
00005d01  wcslen                        
00005d13  IntMasterEnable               
00005d23  lcd_clear                     
00005d33  __TI_decompress_none          
00005d41  CPUcpsie                      
00005d4d  ResetISR                      
00005d65  __aeabi_errno_addr            
00005d6d  malloc                        
00005d75  _system_pre_init              
00005d79  C$$EXIT                       
00005d79  abort                         
00005ed8  _ctypes_                      
00006118  __TI_Handler_Table_Base       
00006124  __TI_Handler_Table_Limit      
00006138  __TI_CINIT_Base               
00006150  __TI_CINIT_Limit              
20000000  __start___llvm_prf_cnts       
20000000  __stop___llvm_prf_cnts        
20000000  g_pfnRAMVectors               
20000270  __stack                       
20000470  __STACK_TOP                   
20001270  __STACK_END                   
20001270  _sys_memory                   
200022dc  _timeout_ticks                
200022e0  fallingEdge                   
200022e4  isr_int_value                 
200022e8  left_calibration_value        
200022ec  pulseLength                   
200022f0  right_calibration_value       
200022f4  risingEdge                    
200022f8  isRisingEdge                  
200022fc  motor_cal_factor_L            
20002300  motor_cal_factor_R            
2000231c  command_byte_GO               
2000231d  command_byte_STOP             
2000231e  command_byte_QUIT             
2000231f  command_byte_MANUAL           
20002320  command_byte_FORWARD          
20002321  command_byte_BACKWARD         
20002322  command_byte_LEFT             
20002323  command_byte_RIGHT            
20002324  command_byte_HALT             
20002328  command_flag                  
2000232c  _lock                         
20002330  _unlock                       
2000233c  cyBOT_scan_features           
20002340  errno                         
20002344  _running                      
ffffffff  __TI_pprof_out_hndl           
ffffffff  __TI_prof_data_size           
ffffffff  __TI_prof_data_start          
ffffffff  __binit__                     
ffffffff  __c_args__                    
ffffffff  binit                         
UNDEFED   __mpu_init                    
UNDEFED   _system_post_cinit            

[189 symbols]
